Component: Arm Compiler for Embedded 6.18 Tool: armlink [5e4cc100]

==============================================================================

Section Cross References

    startup_stm32f411xe.o(STACK) refers (Special) to heapauxi.o(.text) for __use_two_region_memory
    startup_stm32f411xe.o(HEAP) refers (Special) to heapauxi.o(.text) for __use_two_region_memory
    startup_stm32f411xe.o(RESET) refers (Special) to heapauxi.o(.text) for __use_two_region_memory
    startup_stm32f411xe.o(RESET) refers to startup_stm32f411xe.o(STACK) for __initial_sp
    startup_stm32f411xe.o(RESET) refers to startup_stm32f411xe.o(.text) for Reset_Handler
    startup_stm32f411xe.o(RESET) refers to stm32f4xx_it.o(.text.NMI_Handler) for NMI_Handler
    startup_stm32f411xe.o(RESET) refers to stm32f4xx_it.o(.text.HardFault_Handler) for HardFault_Handler
    startup_stm32f411xe.o(RESET) refers to stm32f4xx_it.o(.text.MemManage_Handler) for MemManage_Handler
    startup_stm32f411xe.o(RESET) refers to stm32f4xx_it.o(.text.BusFault_Handler) for BusFault_Handler
    startup_stm32f411xe.o(RESET) refers to stm32f4xx_it.o(.text.UsageFault_Handler) for UsageFault_Handler
    startup_stm32f411xe.o(RESET) refers to stm32f4xx_it.o(.text.SVC_Handler) for SVC_Handler
    startup_stm32f411xe.o(RESET) refers to stm32f4xx_it.o(.text.DebugMon_Handler) for DebugMon_Handler
    startup_stm32f411xe.o(RESET) refers to stm32f4xx_it.o(.text.PendSV_Handler) for PendSV_Handler
    startup_stm32f411xe.o(RESET) refers to stm32f4xx_it.o(.text.SysTick_Handler) for SysTick_Handler
    startup_stm32f411xe.o(RESET) refers to stm32f4xx_it.o(.text.FLASH_IRQHandler) for FLASH_IRQHandler
    startup_stm32f411xe.o(RESET) refers to stm32f4xx_it.o(.text.EXTI0_IRQHandler) for EXTI0_IRQHandler
    startup_stm32f411xe.o(RESET) refers to stm32f4xx_it.o(.text.DMA1_Stream0_IRQHandler) for DMA1_Stream0_IRQHandler
    startup_stm32f411xe.o(RESET) refers to stm32f4xx_it.o(.text.TIM3_IRQHandler) for TIM3_IRQHandler
    startup_stm32f411xe.o(RESET) refers to stm32f4xx_it.o(.text.I2C1_EV_IRQHandler) for I2C1_EV_IRQHandler
    startup_stm32f411xe.o(RESET) refers to stm32f4xx_it.o(.text.I2C1_ER_IRQHandler) for I2C1_ER_IRQHandler
    startup_stm32f411xe.o(RESET) refers to stm32f4xx_it.o(.text.OTG_FS_IRQHandler) for OTG_FS_IRQHandler
    startup_stm32f411xe.o(RESET) refers to stm32f4xx_it.o(.text.FPU_IRQHandler) for FPU_IRQHandler
    startup_stm32f411xe.o(.text) refers (Special) to heapauxi.o(.text) for __use_two_region_memory
    startup_stm32f411xe.o(.text) refers to system_stm32f4xx.o(.text.SystemInit) for SystemInit
    startup_stm32f411xe.o(.text) refers to __main.o(!!!main) for __main
    startup_stm32f411xe.o(.text) refers to startup_stm32f411xe.o(HEAP) for Heap_Mem
    startup_stm32f411xe.o(.text) refers to startup_stm32f411xe.o(STACK) for Stack_Mem
    matrix.o(.ARM.exidx.text.matrixMultiplyByNumb) refers to matrix.o(.text.matrixMultiplyByNumb) for [Anonymous Symbol]
    matrix.o(.ARM.exidx.text.matrixSum) refers to matrix.o(.text.matrixSum) for [Anonymous Symbol]
    matrix.o(.text.matrixTranspose) refers to rt_memcpy_w.o(.text) for __aeabi_memcpy4
    matrix.o(.ARM.exidx.text.matrixTranspose) refers to matrix.o(.text.matrixTranspose) for [Anonymous Symbol]
    matrix.o(.ARM.exidx.text.matrixGE) refers to matrix.o(.text.matrixGE) for [Anonymous Symbol]
    matrix.o(.text.matrixMultiply) refers to rt_memcpy_w.o(.text) for __aeabi_memcpy4
    matrix.o(.ARM.exidx.text.matrixMultiply) refers to matrix.o(.text.matrixMultiply) for [Anonymous Symbol]
    matrix.o(.ARM.exidx.text.matrixZeroes) refers to matrix.o(.text.matrixZeroes) for [Anonymous Symbol]
    matrix.o(.ARM.exidx.text.matrixSE) refers to matrix.o(.text.matrixSE) for [Anonymous Symbol]
    matrix.o(.ARM.exidx.text.matrixEye) refers to matrix.o(.text.matrixEye) for [Anonymous Symbol]
    matrix.o(.ARM.exidx.text.matrixDot) refers to matrix.o(.text.matrixDot) for [Anonymous Symbol]
    matrix.o(.ARM.exidx.text.matrixCross) refers to matrix.o(.text.matrixCross) for [Anonymous Symbol]
    matrix.o(.text.matrixRotZ) refers to f2d.o(x$fpl$f2d) for __aeabi_f2d
    matrix.o(.text.matrixRotZ) refers to dmul.o(x$fpl$dmul) for __aeabi_dmul
    matrix.o(.text.matrixRotZ) refers to d2f.o(x$fpl$d2f) for __aeabi_d2f
    matrix.o(.text.matrixRotZ) refers to fastmathfunctions.o(.text.arm_sin_f32) for arm_sin_f32
    matrix.o(.text.matrixRotZ) refers to fastmathfunctions.o(.text.arm_cos_f32) for arm_cos_f32
    matrix.o(.ARM.exidx.text.matrixRotZ) refers to matrix.o(.text.matrixRotZ) for [Anonymous Symbol]
    matrix.o(.text.matrixRotY) refers to f2d.o(x$fpl$f2d) for __aeabi_f2d
    matrix.o(.text.matrixRotY) refers to dmul.o(x$fpl$dmul) for __aeabi_dmul
    matrix.o(.text.matrixRotY) refers to d2f.o(x$fpl$d2f) for __aeabi_d2f
    matrix.o(.text.matrixRotY) refers to fastmathfunctions.o(.text.arm_sin_f32) for arm_sin_f32
    matrix.o(.text.matrixRotY) refers to fastmathfunctions.o(.text.arm_cos_f32) for arm_cos_f32
[...]
    UsageFault_Handler                       0x08008c29   Thumb Code     2  stm32f4xx_it.o(.text.UsageFault_Handler)
    arm_cos_f32                              0x08008c2d   Thumb Code   148  fastmathfunctions.o(.text.arm_cos_f32)
    arm_sin_f32                              0x08008cc1   Thumb Code   140  fastmathfunctions.o(.text.arm_sin_f32)
    gyroMeasureOffset                        0x08008d4d   Thumb Code   228  mpu6050.o(.text.gyroMeasureOffset)
    initState                                0x08008e31   Thumb Code   288  main.o(.text.initState)
    main                                     0x08008f51   Thumb Code  2236  main.o(.text.main)
    matrixCopy                               0x0800980d   Thumb Code    56  matrix.o(.text.matrixCopy)
    matrixCross                              0x08009845   Thumb Code   108  matrix.o(.text.matrixCross)
    matrixDot                                0x080098b1   Thumb Code    70  matrix.o(.text.matrixDot)
    matrixEye                                0x080098f9   Thumb Code   100  matrix.o(.text.matrixEye)
    matrixInvOrth                            0x0800995d   Thumb Code    10  matrix.o(.text.matrixInvOrth)
    matrixMultiply                           0x08009969   Thumb Code  1228  matrix.o(.text.matrixMultiply)
    matrixMultiplyByNumb                     0x08009e35   Thumb Code   214  matrix.o(.text.matrixMultiplyByNumb)
    matrixNormVec                            0x08009f0d   Thumb Code   282  matrix.o(.text.matrixNormVec)
    matrixRot3D                              0x0800a029   Thumb Code   400  matrix.o(.text.matrixRot3D)
    matrixRotArbVec                          0x0800a1b9   Thumb Code   342  matrix.o(.text.matrixRotArbVec)
    matrixRotMatrixRotAngle                  0x0800a311   Thumb Code   140  matrix.o(.text.matrixRotMatrixRotAngle)
    matrixSE                                 0x0800a39d   Thumb Code    36  matrix.o(.text.matrixSE)
    matrixSum                                0x0800a3c1   Thumb Code   344  matrix.o(.text.matrixSum)
    matrixTranspose                          0x0800a519   Thumb Code   940  matrix.o(.text.matrixTranspose)
    matrixVecLen                             0x0800a8c5   Thumb Code   136  matrix.o(.text.matrixVecLen)
    matrixZeroes                             0x0800a94d   Thumb Code   102  matrix.o(.text.matrixZeroes)
    micros                                   0x0800a9b5   Thumb Code    26  micros.o(.text.micros)
    microsIT                                 0x0800a9d1   Thumb Code    30  micros.o(.text.microsIT)
    microsInit                               0x0800a9f1   Thumb Code    60  micros.o(.text.microsInit)
    microsStart                              0x0800aa2d   Thumb Code    34  micros.o(.text.microsStart)
    microsUpdate                             0x0800aa51   Thumb Code    46  micros.o(.text.microsUpdate)
    __btod_div_common                        0x0800aa81   Thumb Code   696  btod.o(CL$$btod_div_common)
    _e2d                                     0x0800adb9   Thumb Code   122  btod.o(CL$$btod_e2d)
    _e2e                                     0x0800ae3d   Thumb Code   220  btod.o(CL$$btod_e2e)
    _btod_ediv                               0x0800af19   Thumb Code    42  btod.o(CL$$btod_ediv)
    _btod_edivd                              0x0800af43   Thumb Code    42  btod.o(CL$$btod_edivd)
    _btod_emul                               0x0800af6d   Thumb Code    42  btod.o(CL$$btod_emul)
    _btod_emuld                              0x0800af97   Thumb Code    42  btod.o(CL$$btod_emuld)
    __btod_mult_common                       0x0800afc1   Thumb Code   580  btod.o(CL$$btod_mult_common)
    __ARM_fpclassify                         0x0800b205   Thumb Code    48  fpclassify.o(i.__ARM_fpclassify)
    __ARM_fpclassifyf                        0x0800b235   Thumb Code    38  fpclassifyf.o(i.__ARM_fpclassifyf)
    __hardfp___mathlib_tofloat               0x0800b261   Thumb Code   232  narrow.o(i.__hardfp___mathlib_tofloat)
    __hardfp_acos                            0x0800b359   Thumb Code   738  acos.o(i.__hardfp_acos)
    __hardfp_acosf                           0x0800b6b1   Thumb Code   234  acosf.o(i.__hardfp_acosf)
    __hardfp_ldexp                           0x0800b7c9   Thumb Code   200  ldexp.o(i.__hardfp_ldexp)
    __hardfp_powf                            0x0800b899   Thumb Code  1606  powf.o(i.__hardfp_powf)
    __mathlib_powf                           0x0800b899   Thumb Code     0  powf.o(i.__hardfp_powf)
    __hardfp_sin                             0x0800bf01   Thumb Code   180  sin.o(i.__hardfp_sin)
    __hardfp_sqrt                            0x0800bfc9   Thumb Code   122  sqrt.o(i.__hardfp_sqrt)
    __ieee754_rem_pio2                       0x0800c049   Thumb Code   938  rred.o(i.__ieee754_rem_pio2)
    __kernel_cos                             0x0800c481   Thumb Code   322  cos_i.o(i.__kernel_cos)
    __kernel_poly                            0x0800c5f1   Thumb Code   248  poly.o(i.__kernel_poly)
    __kernel_sin                             0x0800c6e9   Thumb Code   280  sin_i.o(i.__kernel_sin)
    __mathlib_dbl_infnan                     0x0800c819   Thumb Code    20  dunder.o(i.__mathlib_dbl_infnan)
    __mathlib_dbl_invalid                    0x0800c831   Thumb Code    24  dunder.o(i.__mathlib_dbl_invalid)
    __mathlib_dbl_overflow                   0x0800c851   Thumb Code    24  dunder.o(i.__mathlib_dbl_overflow)
    __mathlib_dbl_underflow                  0x0800c871   Thumb Code    24  dunder.o(i.__mathlib_dbl_underflow)
    __mathlib_flt_divzero                    0x0800c891   Thumb Code    14  funder.o(i.__mathlib_flt_divzero)
    __mathlib_flt_infnan                     0x0800c8a5   Thumb Code     6  funder.o(i.__mathlib_flt_infnan)
    __mathlib_flt_infnan2                    0x0800c8ab   Thumb Code     6  funder.o(i.__mathlib_flt_infnan2)
    __mathlib_flt_invalid                    0x0800c8b1   Thumb Code    10  funder.o(i.__mathlib_flt_invalid)
    __mathlib_flt_overflow                   0x0800c8c1   Thumb Code    10  funder.o(i.__mathlib_flt_overflow)
    __mathlib_flt_underflow                  0x0800c8d1   Thumb Code    10  funder.o(i.__mathlib_flt_underflow)
    __mathlib_narrow                         0x0800c8e1   Thumb Code    18  narrow.o(i.__mathlib_narrow)
    __support_ldexp                          0x0800c8f3   Thumb Code    20  ldexp.o(i.__support_ldexp)
    _is_digit                                0x0800c907   Thumb Code    14  scanf_fp.o(i._is_digit)
    fabs                                     0x0800c915   Thumb Code    24  fabs.o(i.fabs)
    frexp                                    0x0800c931   Thumb Code   118  frexp.o(i.frexp)
    sqrt                                     0x0800c9bd   Thumb Code   110  sqrt.o(i.sqrt)
    sqrtf                                    0x0800ca2b   Thumb Code    62  sqrtf.o(i.sqrtf)
    _get_lc_numeric                          0x0800ca69   Thumb Code    44  lc_numeric_c.o(locale$$code)
    _get_lc_ctype                            0x0800ca95   Thumb Code    44  lc_ctype_c.o(locale$$code)
    __aeabi_dneg                             0x0800cac1   Thumb Code     0  basic.o(x$fpl$basic)
    _dneg                                    0x0800cac1   Thumb Code     6  basic.o(x$fpl$basic)
    __aeabi_fneg                             0x0800cac7   Thumb Code     0  basic.o(x$fpl$basic)
    _fneg                                    0x0800cac7   Thumb Code     6  basic.o(x$fpl$basic)
    _dabs                                    0x0800cacd   Thumb Code     6  basic.o(x$fpl$basic)
    _fabs                                    0x0800cad3   Thumb Code     6  basic.o(x$fpl$basic)
    __aeabi_d2f                              0x0800cad9   Thumb Code     0  d2f.o(x$fpl$d2f)
    _d2f                                     0x0800cad9   Thumb Code    98  d2f.o(x$fpl$d2f)
    __aeabi_dadd                             0x0800cb3d   Thumb Code     0  daddsub_clz.o(x$fpl$dadd)
    _dadd                                    0x0800cb3d   Thumb Code   332  daddsub_clz.o(x$fpl$dadd)
    __fpl_dcheck_NaN1                        0x0800cc8d   Thumb Code    10  dcheck1.o(x$fpl$dcheck1)
    __fpl_dcmp_Inf                           0x0800cc9d   Thumb Code    24  dcmpi.o(x$fpl$dcmpinf)
    __aeabi_ddiv                             0x0800ccb5   Thumb Code     0  ddiv.o(x$fpl$ddiv)
    _ddiv                                    0x0800ccb5   Thumb Code   556  ddiv.o(x$fpl$ddiv)
    __aeabi_cdcmpeq                          0x0800cf69   Thumb Code     0  deqf.o(x$fpl$deqf)
    _dcmpeq                                  0x0800cf69   Thumb Code   120  deqf.o(x$fpl$deqf)
    __aeabi_d2iz                             0x0800cfe1   Thumb Code     0  dfix.o(x$fpl$dfix)
    _dfix                                    0x0800cfe1   Thumb Code    94  dfix.o(x$fpl$dfix)
    __aeabi_i2d                              0x0800d03f   Thumb Code     0  dflt_clz.o(x$fpl$dflt)
    _dflt                                    0x0800d03f   Thumb Code    46  dflt_clz.o(x$fpl$dflt)
    __aeabi_ui2d                             0x0800d06d   Thumb Code     0  dflt_clz.o(x$fpl$dfltu)
    _dfltu                                   0x0800d06d   Thumb Code    38  dflt_clz.o(x$fpl$dfltu)
    __aeabi_ul2d                             0x0800d095   Thumb Code     0  dfltll_clz.o(x$fpl$dfltull)
    _ll_uto_d                                0x0800d095   Thumb Code   138  dfltll_clz.o(x$fpl$dfltull)
    __aeabi_cdcmpge                          0x0800d121   Thumb Code     0  dgeqf.o(x$fpl$dgeqf)
    _dcmpge                                  0x0800d121   Thumb Code   120  dgeqf.o(x$fpl$dgeqf)
    __aeabi_cdcmple                          0x0800d199   Thumb Code     0  dleqf.o(x$fpl$dleqf)
    _dcmple                                  0x0800d199   Thumb Code   120  dleqf.o(x$fpl$dleqf)
    __fpl_dcmple_InfNaN                      0x0800d1fb   Thumb Code     0  dleqf.o(x$fpl$dleqf)
    __aeabi_dmul                             0x0800d211   Thumb Code     0  dmul.o(x$fpl$dmul)
    _dmul                                    0x0800d211   Thumb Code   332  dmul.o(x$fpl$dmul)
    __fpl_dnaninf                            0x0800d365   Thumb Code   156  dnaninf.o(x$fpl$dnaninf)
    __fpl_dretinf                            0x0800d401   Thumb Code    12  dretinf.o(x$fpl$dretinf)
    __aeabi_cdrcmple                         0x0800d40d   Thumb Code     0  drleqf.o(x$fpl$drleqf)
    _drcmple                                 0x0800d40d   Thumb Code   108  drleqf.o(x$fpl$drleqf)
    __aeabi_drsub                            0x0800d479   Thumb Code     0  daddsub_clz.o(x$fpl$drsb)
    _drsb                                    0x0800d479   Thumb Code    22  daddsub_clz.o(x$fpl$drsb)
    _dsqrt                                   0x0800d491   Thumb Code   404  dsqrt_umaal.o(x$fpl$dsqrt)
    __aeabi_dsub                             0x0800d629   Thumb Code     0  daddsub_clz.o(x$fpl$dsub)
    _dsub                                    0x0800d629   Thumb Code   472  daddsub_clz.o(x$fpl$dsub)
    __aeabi_f2d                              0x0800d805   Thumb Code     0  f2d.o(x$fpl$f2d)
    _f2d                                     0x0800d805   Thumb Code    86  f2d.o(x$fpl$f2d)
    __aeabi_dcmpeq                           0x0800d85b   Thumb Code     0  dcmp.o(x$fpl$fcmp)
    _deq                                     0x0800d85b   Thumb Code    14  dcmp.o(x$fpl$fcmp)
    _dneq                                    0x0800d869   Thumb Code    14  dcmp.o(x$fpl$fcmp)
    __aeabi_dcmpgt                           0x0800d877   Thumb Code     0  dcmp.o(x$fpl$fcmp)
    _dgr                                     0x0800d877   Thumb Code    14  dcmp.o(x$fpl$fcmp)
    __aeabi_dcmpge                           0x0800d885   Thumb Code     0  dcmp.o(x$fpl$fcmp)
    _dgeq                                    0x0800d885   Thumb Code    14  dcmp.o(x$fpl$fcmp)
    __aeabi_dcmple                           0x0800d893   Thumb Code     0  dcmp.o(x$fpl$fcmp)
    _dleq                                    0x0800d893   Thumb Code    14  dcmp.o(x$fpl$fcmp)
    __aeabi_dcmplt                           0x0800d8a1   Thumb Code     0  dcmp.o(x$fpl$fcmp)
    _dls                                     0x0800d8a1   Thumb Code    14  dcmp.o(x$fpl$fcmp)
    __aeabi_ul2f                             0x0800d8af   Thumb Code     0  ffltll_clz.o(x$fpl$ffltll)
    _ll_uto_f                                0x0800d8af   Thumb Code     6  ffltll_clz.o(x$fpl$ffltll)
    __aeabi_l2f                              0x0800d8b5   Thumb Code     0  ffltll_clz.o(x$fpl$ffltll)
    _ll_sto_f                                0x0800d8b5   Thumb Code    90  ffltll_clz.o(x$fpl$ffltll)
    __fpl_fnaninf                            0x0800d90f   Thumb Code   140  fnaninf.o(x$fpl$fnaninf)
    _fp_init                                 0x0800d99b   Thumb Code    26  fpinit.o(x$fpl$fpinit)
    __fplib_config_fpu_vfp                   0x0800d9b3   Thumb Code     0  fpinit.o(x$fpl$fpinit)
    __fplib_config_pureend_doubles           0x0800d9b3   Thumb Code     0  fpinit.o(x$fpl$fpinit)
    __fpl_fretinf                            0x0800d9b5   Thumb Code    10  fretinf.o(x$fpl$fretinf)
    __ieee_status                            0x0800d9bf   Thumb Code     6  istatus.o(x$fpl$ieeestatus)
    __fpl_return_NaN                         0x0800d9c5   Thumb Code   100  retnan.o(x$fpl$retnan)
    __ARM_scalbn                             0x0800da29   Thumb Code    92  scalbn.o(x$fpl$scalbn)
    _scanf_real                              0x0800da85   Thumb Code     4  scanf1.o(x$fpl$scanf1)
    _scanf_hex_real                          0x0800da89   Thumb Code     4  scanf2.o(x$fpl$scanf2)
    _scanf_infnan                            0x0800da8d   Thumb Code     4  scanf2.o(x$fpl$scanf2)
    __fpl_cmpreturn                          0x0800da91   Thumb Code    48  trapv.o(x$fpl$trapveneer)
    __I$use$fp                               0x0800dac0   Number         0  usenofp.o(x$fpl$usenofp)
    AHBPrescTable                            0x0800de0c   Data          16  system_stm32f4xx.o(.rodata.AHBPrescTable)
    APBPrescTable                            0x0800de1c   Data           8  system_stm32f4xx.o(.rodata.APBPrescTable)
    RxBufSize                                0x0800de24   Data           1  main.o(.rodata.RxBufSize)
    sinTable_f32                             0x0800de30   Data        2052  commontables.o(.rodata.sinTable_f32)
    Region$$Table$$Base                      0x0800e638   Number         0  anon$$obj.o(Region$$Table)
    Region$$Table$$Limit                     0x0800e658   Number         0  anon$$obj.o(Region$$Table)
    __aeabi_HUGE_VAL                         0x0800e658   Data           0  fpconst.o(c$$dinf)
    __aeabi_HUGE_VALL                        0x0800e658   Data           0  fpconst.o(c$$dinf)
    __aeabi_INFINITY                         0x0800e658   Data           0  fpconst.o(c$$dinf)
    __dInf                                   0x0800e658   Data           0  fpconst.o(c$$dinf)
    __huge_val                               0x0800e658   Data           0  fpconst.o(c$$dinf)
    __dbl_max                                0x0800e660   Data           0  fpconst.o(c$$dmax)
    __ctype                                  0x0800e691   Data           0  lc_ctype_c.o(locale$$data)
    kp                                       0x20000000   Data           4  main.o(.data..L_MergedGlobals)
    ki                                       0x20000004   Data           4  main.o(.data..L_MergedGlobals)
    kd                                       0x20000008   Data           4  main.o(.data..L_MergedGlobals)
    ks                                       0x2000000c   Data           4  main.o(.data..L_MergedGlobals)
    reqAngle                                 0x20000010   Data           4  main.o(.data..L_MergedGlobals)
    Ilim                                     0x20000014   Data           4  main.o(.data..L_MergedGlobals)
    PIDsumTau                                0x20000018   Data           4  main.o(.data..L_MergedGlobals)
    accWeight                                0x2000001c   Data           4  main.o(.data..L_MergedGlobals)
    uwTickFreq                               0x20000020   Data           1  stm32f4xx_hal.o(.data..L_MergedGlobals)
    uwTickPrio                               0x20000024   Data           4  stm32f4xx_hal.o(.data..L_MergedGlobals)
    FS_Desc                                  0x20000028   Data          28  usbd_desc.o(.data.FS_Desc)
    MPU6050entity1                           0x20000048   Data         144  main.o(.data.MPU6050entity1)
    SystemCoreClock                          0x200000d8   Data           4  system_stm32f4xx.o(.data.SystemCoreClock)
    USBD_CDC                                 0x200000dc   Data          56  usbd_cdc.o(.data.USBD_CDC)
    USBD_FS_DeviceDesc                       0x200001ec   Data          18  usbd_desc.o(.data.USBD_FS_DeviceDesc)
    USBD_Interface_fops_FS                   0x20000200   Data          20  usbd_cdc_if.o(.data.USBD_Interface_fops_FS)
    USBD_LangIDDesc                          0x20000214   Data           4  usbd_desc.o(.data.USBD_LangIDDesc)
    USBD_StringSerial                        0x20000218   Data          26  usbd_desc.o(.data.USBD_StringSerial)
    __libspace_start                         0x20000238   Data          96  libspace.o(.bss)
    __temporary_stack_top$libspace           0x20000298   Data           0  libspace.o(.bss)
    protectFromWrite                         0x200002a8   Data           1  main.o(.bss..L_MergedGlobals.1)
    stage                                    0x200002aa   Data           1  main.o(.bss..L_MergedGlobals.1)
    command                                  0x200002ae   Data           1  main.o(.bss..L_MergedGlobals.1)
    P                                        0x200002b4   Data           4  main.o(.bss..L_MergedGlobals.1)
    I                                        0x200002b8   Data           4  main.o(.bss..L_MergedGlobals.1)
    D                                        0x200002bc   Data           4  main.o(.bss..L_MergedGlobals.1)
    S                                        0x200002c0   Data           4  main.o(.bss..L_MergedGlobals.1)
    error                                    0x200002c4   Data           4  main.o(.bss..L_MergedGlobals.1)
    PIDsum                                   0x200002c8   Data           4  main.o(.bss..L_MergedGlobals.1)
    thrustPortion                            0x200002cc   Data           4  main.o(.bss..L_MergedGlobals.1)
    accTotal                                 0x200002d4   Data           4  main.o(.bss..L_MergedGlobals.1)
    GYxPrev                                  0x200002d8   Data           4  main.o(.bss..L_MergedGlobals.1)
    GYyPrev                                  0x200002dc   Data           4  main.o(.bss..L_MergedGlobals.1)
    GYzPrev                                  0x200002e0   Data           4  main.o(.bss..L_MergedGlobals.1)
    beamAngle                                0x200002e4   Data           4  main.o(.bss..L_MergedGlobals.1)
    cyclePeriod                              0x20000318   Data          16  main.o(.bss..L_MergedGlobals.2)
    accGyroPeriod                            0x20000328   Data          16  main.o(.bss..L_MergedGlobals.2)
    RxBuf                                    0x2000034c   Data          64  main.o(.bss..L_MergedGlobals.2)
    RxPayload                                0x2000038c   Data          64  main.o(.bss.RxPayload)
    USBD_StrDesc                             0x200003d0   Data         512  usbd_desc.o(.bss.USBD_StrDesc)
    UserRxBufferFS                           0x200007f0   Data        2048  usbd_cdc_if.o(.bss.UserRxBufferFS)
    UserTxBufferFS                           0x20000ff0   Data        2048  usbd_cdc_if.o(.bss.UserTxBufferFS)
    hUsbDeviceFS                             0x200017f0   Data         720  usb_device.o(.bss.hUsbDeviceFS)
    hdma_i2c1_rx                             0x20001ac0   Data          96  i2c.o(.bss.hdma_i2c1_rx)
    hi2c1                                    0x20001b20   Data          84  i2c.o(.bss.hi2c1)
    hpcd_USB_OTG_FS                          0x20001b74   Data        1032  usbd_conf.o(.bss.hpcd_USB_OTG_FS)
    htim3                                    0x20001f7c   Data          72  tim.o(.bss.htim3)
    htim4                                    0x20001fc4   Data          72  tim.o(.bss.htim4)
    pFlash                                   0x2000200c   Data          32  stm32f4xx_hal_flash.o(.bss.pFlash)
    uwTick                                   0x2000202c   Data           4  stm32f4xx_hal.o(.bss.uwTick)



==============================================================================

Memory Map of the image

  Image Entry point : 0x08000199

  Load Region LR_IROM1 (Base: 0x08000000, Size: 0x0000e9d0, Max: 0x00080000, ABSOLUTE, COMPRESSED[0x0000e890])

    Execution Region ER_IROM1 (Exec base: 0x08000000, Load base: 0x08000000, Size: 0x0000e794, Max: 0x00080000, ABSOLUTE)

    Exec Addr    Load Addr    Size         Type   Attr      Idx    E Section Name        Object

    0x08000000   0x08000000   0x00000198   Data   RO            3    RESET               startup_stm32f411xe.o
    0x08000198   0x08000198   0x00000008   Code   RO         3379  * !!!main             c_w.l(__main.o)
    0x080001a0   0x080001a0   0x00000034   Code   RO         3933    !!!scatter          c_w.l(__scatter.o)
    0x080001d4   0x080001d4   0x0000005a   Code   RO         3931    !!dczerorl2         c_w.l(__dczerorl2.o)
    0x0800022e   0x0800022e   0x00000002   PAD
    0x08000230   0x08000230   0x0000001c   Code   RO         3935    !!handler_zi        c_w.l(__scatter_zi.o)
    0x0800024c   0x0800024c   0x00000002   Code   RO         3836    .ARM.Collect$$libinit$$00000000  c_w.l(libinit.o)
    0x0800024e   0x0800024e   0x00000004   Code   RO         3541    .ARM.Collect$$libinit$$00000001  c_w.l(libinit2.o)
    0x08000252   0x08000252   0x00000000   Code   RO         3544    .ARM.Collect$$libinit$$00000004  c_w.l(libinit2.o)
    0x08000252   0x08000252   0x00000000   Code   RO         3546    .ARM.Collect$$libinit$$00000006  c_w.l(libinit2.o)
    0x08000252   0x08000252   0x00000008   Code   RO         3547    .ARM.Collect$$libinit$$00000007  c_w.l(libinit2.o)
    0x0800025a   0x0800025a   0x00000000   Code   RO         3549    .ARM.Collect$$libinit$$0000000C  c_w.l(libinit2.o)
    0x0800025a   0x0800025a   0x00000000   Code   RO         3551    .ARM.Collect$$libinit$$0000000E  c_w.l(libinit2.o)
    0x0800025a   0x0800025a   0x00000000   Code   RO         3553    .ARM.Collect$$libinit$$00000010  c_w.l(libinit2.o)
    0x0800025a   0x0800025a   0x00000006   Code   RO         3554    .ARM.Collect$$libinit$$00000011  c_w.l(libinit2.o)
    0x08000260   0x08000260   0x00000000   Code   RO         3556    .ARM.Collect$$libinit$$00000013  c_w.l(libinit2.o)
    0x08000260   0x08000260   0x0000000c   Code   RO         3557    .ARM.Collect$$libinit$$00000014  c_w.l(libinit2.o)
    0x0800026c   0x0800026c   0x00000000   Code   RO         3558    .ARM.Collect$$libinit$$00000015  c_w.l(libinit2.o)
    0x0800026c   0x0800026c   0x00000000   Code   RO         3560    .ARM.Collect$$libinit$$00000017  c_w.l(libinit2.o)
    0x0800026c   0x0800026c   0x0000000a   Code   RO         3561    .ARM.Collect$$libinit$$00000018  c_w.l(libinit2.o)
    0x08000276   0x08000276   0x00000000   Code   RO         3562    .ARM.Collect$$libinit$$00000019  c_w.l(libinit2.o)
    0x08000276   0x08000276   0x00000000   Code   RO         3564    .ARM.Collect$$libinit$$0000001B  c_w.l(libinit2.o)
    0x08000276   0x08000276   0x00000000   Code   RO         3566    .ARM.Collect$$libinit$$0000001D  c_w.l(libinit2.o)
    0x08000276   0x08000276   0x00000000   Code   RO         3568    .ARM.Collect$$libinit$$0000001F  c_w.l(libinit2.o)
    0x08000276   0x08000276   0x00000000   Code   RO         3570    .ARM.Collect$$libinit$$00000021  c_w.l(libinit2.o)
    0x08000276   0x08000276   0x00000000   Code   RO         3572    .ARM.Collect$$libinit$$00000023  c_w.l(libinit2.o)
    0x08000276   0x08000276   0x00000000   Code   RO         3574    .ARM.Collect$$libinit$$00000025  c_w.l(libinit2.o)
    0x08000276   0x08000276   0x00000000   Code   RO         3576    .ARM.Collect$$libinit$$00000027  c_w.l(libinit2.o)
    0x08000276   0x08000276   0x00000000   Code   RO         3580    .ARM.Collect$$libinit$$0000002E  c_w.l(libinit2.o)
    0x08000276   0x08000276   0x00000000   Code   RO         3582    .ARM.Collect$$libinit$$00000030  c_w.l(libinit2.o)
    0x08000276   0x08000276   0x00000000   Code   RO         3584    .ARM.Collect$$libinit$$00000032  c_w.l(libinit2.o)
    0x08000276   0x08000276   0x00000000   Code   RO         3586    .ARM.Collect$$libinit$$00000034  c_w.l(libinit2.o)
    0x08000276   0x08000276   0x00000002   Code   RO         3587    .ARM.Collect$$libinit$$00000035  c_w.l(libinit2.o)
    0x08000278   0x08000278   0x00000002   Code   RO         3922    .ARM.Collect$$libshutdown$$00000000  c_w.l(libshutdown.o)
    0x0800027a   0x0800027a   0x00000000   Code   RO         3868    .ARM.Collect$$libshutdown$$00000002  c_w.l(libshutdown2.o)
    0x0800027a   0x0800027a   0x00000000   Code   RO         3870    .ARM.Collect$$libshutdown$$00000004  c_w.l(libshutdown2.o)
    0x0800027a   0x0800027a   0x00000000   Code   RO         3873    .ARM.Collect$$libshutdown$$00000007  c_w.l(libshutdown2.o)
    0x0800027a   0x0800027a   0x00000000   Code   RO         3876    .ARM.Collect$$libshutdown$$0000000A  c_w.l(libshutdown2.o)
    0x0800027a   0x0800027a   0x00000000   Code   RO         3878    .ARM.Collect$$libshutdown$$0000000C  c_w.l(libshutdown2.o)
    0x0800027a   0x0800027a   0x00000000   Code   RO         3881    .ARM.Collect$$libshutdown$$0000000F  c_w.l(libshutdown2.o)
    0x0800027a   0x0800027a   0x00000002   Code   RO         3882    .ARM.Collect$$libshutdown$$00000010  c_w.l(libshutdown2.o)
    0x0800027c   0x0800027c   0x00000000   Code   RO         3493    .ARM.Collect$$rtentry$$00000000  c_w.l(__rtentry.o)
    0x0800027c   0x0800027c   0x00000000   Code   RO         3669    .ARM.Collect$$rtentry$$00000002  c_w.l(__rtentry2.o)
    0x0800027c   0x0800027c   0x00000006   Code   RO         3681    .ARM.Collect$$rtentry$$00000004  c_w.l(__rtentry4.o)
    0x08000282   0x08000282   0x00000000   Code   RO         3671    .ARM.Collect$$rtentry$$00000009  c_w.l(__rtentry2.o)
    0x08000282   0x08000282   0x00000004   Code   RO         3672    .ARM.Collect$$rtentry$$0000000A  c_w.l(__rtentry2.o)
    0x08000286   0x08000286   0x00000000   Code   RO         3674    .ARM.Collect$$rtentry$$0000000C  c_w.l(__rtentry2.o)
    0x08000286   0x08000286   0x00000008   Code   RO         3675    .ARM.Collect$$rtentry$$0000000D  c_w.l(__rtentry2.o)
    0x0800028e   0x0800028e   0x00000002   Code   RO         3847    .ARM.Collect$$rtexit$$00000000  c_w.l(rtexit.o)
    0x08000290   0x08000290   0x00000000   Code   RO         3896    .ARM.Collect$$rtexit$$00000002  c_w.l(rtexit2.o)
    0x08000290   0x08000290   0x00000004   Code   RO         3897    .ARM.Collect$$rtexit$$00000003  c_w.l(rtexit2.o)
    0x08000294   0x08000294   0x00000006   Code   RO         3898    .ARM.Collect$$rtexit$$00000004  c_w.l(rtexit2.o)
    0x0800029a   0x0800029a   0x00000002   PAD
    0x0800029c   0x0800029c   0x00000040   Code   RO            4    .text               startup_stm32f411xe.o
    0x080002dc   0x080002dc   0x0000005e   Code   RO         3305    .text               c_w.l(h1_alloc.o)
    0x0800033a   0x0800033a   0x000000f0   Code   RO         3359    .text               c_w.l(lludivv7m.o)
    0x0800042a   0x0800042a   0x00000002   PAD
    0x0800042c   0x0800042c   0x0000003c   Code   RO         3363    .text               c_w.l(__0sscanf.o)
    0x08000468   0x08000468   0x0000003e   Code   RO         3365    .text               c_w.l(strlen.o)
    0x080004a6   0x080004a6   0x0000008a   Code   RO         3367    .text               c_w.l(rt_memcpy_v6.o)
    0x08000530   0x08000530   0x00000064   Code   RO         3369    .text               c_w.l(rt_memcpy_w.o)
    0x08000594   0x08000594   0x00000044   Code   RO         3373    .text               c_w.l(rt_memclr.o)
    0x080005d8   0x080005d8   0x0000004e   Code   RO         3375    .text               c_w.l(rt_memclr_w.o)
    0x08000626   0x08000626   0x00000006   Code   RO         3377    .text               c_w.l(heapauxi.o)
    0x0800062c   0x0800062c   0x00000008   Code   RO         3501    .text               c_w.l(rt_heap_descriptor_intlibspace.o)
    0x08000634   0x08000634   0x00000004   Code   RO         3503    .text               c_w.l(hguard.o)
    0x08000638   0x08000638   0x0000008a   Code   RO         3505    .text               c_w.l(init_alloc.o)
    0x080006c2   0x080006c2   0x0000000e   Code   RO         3511    .text               c_w.l(h1_init.o)
    0x080006d0   0x080006d0   0x0000004e   Code   RO         3513    .text               c_w.l(h1_free.o)
    0x0800071e   0x0800071e   0x00000016   Code   RO         3527    .text               c_w.l(_rserrno.o)
    0x08000734   0x08000734   0x000004f8   Code   RO         3529    .text               c_w.l(scanf_fp.o)
    0x08000c2c   0x08000c2c   0x0000002c   Code   RO         3535    .text               c_w.l(scanf_char.o)
    0x08000c58   0x08000c58   0x00000040   Code   RO         3537    .text               c_w.l(_sgetc.o)
    0x08000c98   0x08000c98   0x00000008   Code   RO         3665    .text               c_w.l(libspace.o)
    0x08000ca0   0x08000ca0   0x00000008   Code   RO         3688    .text               c_w.l(rt_locale_intlibspace.o)
    0x08000ca8   0x08000ca8   0x00000008   Code   RO         3693    .text               c_w.l(rt_errno_addr_intlibspace.o)
    0x08000cb0   0x08000cb0   0x00000000   Code   RO         3697    .text               c_w.l(maybetermalloc1.o)
    0x08000cb0   0x08000cb0   0x00000034   Code   RO         3699    .text               c_w.l(h1_extend.o)
    0x08000ce4   0x08000ce4   0x00000026   Code   RO         3703    .text               c_w.l(llshl.o)
    0x08000d0a   0x08000d0a   0x00000012   Code   RO         3705    .text               c_w.l(isspace.o)
    0x08000d1c   0x08000d1c   0x00000374   Code   RO         3709    .text               c_w.l(_scanf.o)
    0x08001090   0x08001090   0x000000e4   Code   RO         3711    .text               c_w.l(bigflt0.o)
    0x08001174   0x08001174   0x0000000e   Code   RO         3742    .text               c_w.l(defsig_rtmem_outer.o)
    0x08001182   0x08001182   0x00000002   Code   RO         3779    .text               c_w.l(use_no_semi.o)
    0x08001184   0x08001184   0x00000000   Code   RO         3781    .text               c_w.l(indicate_semi.o)
    0x08001184   0x08001184   0x0000004a   Code   RO         3782    .text               c_w.l(sys_stackheap_outer.o)
    0x080011ce   0x080011ce   0x00000002   PAD
    0x080011d0   0x080011d0   0x00000010   Code   RO         3784    .text               c_w.l(rt_ctype_table.o)
    0x080011e0   0x080011e0   0x00000320   Code   RO         3809    .text               c_w.l(scanf_hexfp.o)
    0x08001500   0x08001500   0x00000134   Code   RO         3811    .text               c_w.l(scanf_infnan.o)
    0x08001634   0x08001634   0x00000012   Code   RO         3815    .text               c_w.l(exit.o)
    0x08001646   0x08001646   0x0000000a   Code   RO         3817    .text               c_w.l(defsig_exit.o)
    0x08001650   0x08001650   0x00000050   Code   RO         3823    .text               c_w.l(defsig_rtmem_inner.o)
    0x080016a0   0x080016a0   0x0000007c   Code   RO         3825    .text               c_w.l(strcmpv7em.o)
    0x0800171c   0x0800171c   0x0000000c   Code   RO         3843    .text               c_w.l(sys_exit.o)
    0x08001728   0x08001728   0x0000001c   Code   RO         3856    .text               c_w.l(_chval.o)
    0x08001744   0x08001744   0x00000032   Code   RO         3863    .text               c_w.l(defsig_general.o)
    0x08001776   0x08001776   0x0000000e   Code   RO         3891    .text               c_w.l(sys_wrch.o)
    0x08001784   0x08001784   0x00000002   Code   RO          220    .text.BusFault_Handler  stm32f4xx_it.o
    0x08001786   0x08001786   0x00000002   PAD
    0x08001788   0x08001788   0x00000004   Code   RO         1387    .text.CDC_Control_FS  usbd_cdc_if.o
    0x0800178c   0x0800178c   0x00000004   Code   RO         1385    .text.CDC_DeInit_FS  usbd_cdc_if.o
    0x08001790   0x08001790   0x0000002c   Code   RO         1383    .text.CDC_Init_FS   usbd_cdc_if.o
    0x080017bc   0x080017bc   0x00000052   Code   RO         1389    .text.CDC_Receive_FS  usbd_cdc_if.o
    0x0800180e   0x0800180e   0x00000002   PAD
    0x08001810   0x08001810   0x00000004   Code   RO         1391    .text.CDC_TransmitCplt_FS  usbd_cdc_if.o
    0x08001814   0x08001814   0x00000036   Code   RO         1393    .text.CDC_Transmit_FS  usbd_cdc_if.o
    0x0800184a   0x0800184a   0x00000002   PAD
    0x0800184c   0x0800184c   0x0000000c   Code   RO          236    .text.DMA1_Stream0_IRQHandler  stm32f4xx_it.o
    0x08001858   0x08001858   0x00000002   Code   RO          226    .text.DebugMon_Handler  stm32f4xx_it.o
    0x0800185a   0x0800185a   0x00000002   PAD
    0x0800185c   0x0800185c   0x00000006   Code   RO          234    .text.EXTI0_IRQHandler  stm32f4xx_it.o
    0x08001862   0x08001862   0x00000002   PAD
    0x08001864   0x08001864   0x0000000a   Code   RO          118    .text.Error_Handler  main.o
    0x0800186e   0x0800186e   0x00000002   PAD
    0x08001870   0x08001870   0x00000046   Code   RO          549    .text.FLASH_Erase_Sector  stm32f4xx_hal_flash_ex.o
    0x080018b6   0x080018b6   0x00000002   PAD
    0x080018b8   0x080018b8   0x00000058   Code   RO          551    .text.FLASH_FlushCaches  stm32f4xx_hal_flash_ex.o
    0x08001910   0x08001910   0x00000004   Code   RO          232    .text.FLASH_IRQHandler  stm32f4xx_it.o
    0x08001914   0x08001914   0x00000002   Code   RO          246    .text.FPU_IRQHandler  stm32f4xx_it.o
    0x08001916   0x08001916   0x00000002   PAD
    0x08001918   0x08001918   0x00000024   Code   RO          638    .text.HAL_DMA_Abort_IT  stm32f4xx_hal_dma.o
    0x0800193c   0x0800193c   0x00000006   Code   RO          648    .text.HAL_DMA_GetState  stm32f4xx_hal_dma.o
    0x08001942   0x08001942   0x00000002   PAD
    0x08001944   0x08001944   0x000001c0   Code   RO          642    .text.HAL_DMA_IRQHandler  stm32f4xx_hal_dma.o
    0x08001b04   0x08001b04   0x00000162   Code   RO          628    .text.HAL_DMA_Init  stm32f4xx_hal_dma.o
    0x08001c66   0x08001c66   0x00000002   PAD
    0x08001c68   0x08001c68   0x00000028   Code   RO          797    .text.HAL_Delay     stm32f4xx_hal.o
    0x08001c90   0x08001c90   0x00000002   Code   RO          524    .text.HAL_FLASH_EndOfOperationCallback  stm32f4xx_hal_flash.o
    0x08001c92   0x08001c92   0x00000002   PAD
    0x08001c94   0x08001c94   0x00000158   Code   RO          520    .text.HAL_FLASH_IRQHandler  stm32f4xx_hal_flash.o
    0x08001dec   0x08001dec   0x00000002   Code   RO          522    .text.HAL_FLASH_OperationErrorCallback  stm32f4xx_hal_flash.o
    0x08001dee   0x08001dee   0x00000002   PAD
    0x08001df0   0x08001df0   0x00000002   Code   RO          604    .text.HAL_GPIO_EXTI_Callback  stm32f4xx_hal_gpio.o
    0x08001df2   0x08001df2   0x00000002   PAD
    0x08001df4   0x08001df4   0x00000016   Code   RO          602    .text.HAL_GPIO_EXTI_IRQHandler  stm32f4xx_hal_gpio.o
    0x08001e0a   0x08001e0a   0x00000002   PAD
    0x08001e0c   0x08001e0c   0x000001ba   Code   RO          590    .text.HAL_GPIO_Init  stm32f4xx_hal_gpio.o
    0x08001fc6   0x08001fc6   0x00000002   PAD
    0x08001fc8   0x08001fc8   0x0000000a   Code   RO          594    .text.HAL_GPIO_ReadPin  stm32f4xx_hal_gpio.o
    0x08001fd2   0x08001fd2   0x00000002   PAD
    0x08001fd4   0x08001fd4   0x00000010   Code   RO          598    .text.HAL_GPIO_TogglePin  stm32f4xx_hal_gpio.o
    0x08001fe4   0x08001fe4   0x0000000a   Code   RO          596    .text.HAL_GPIO_WritePin  stm32f4xx_hal_gpio.o
    0x08001fee   0x08001fee   0x00000002   PAD
    0x08001ff0   0x08001ff0   0x0000000c   Code   RO          789    .text.HAL_GetTick   stm32f4xx_hal.o
    0x08001ffc   0x08001ffc   0x00000002   Code   RO          983    .text.HAL_I2C_AbortCpltCallback  stm32f4xx_hal_i2c.o
    0x08001ffe   0x08001ffe   0x00000002   PAD
    0x08002000   0x08002000   0x00000002   Code   RO          973    .text.HAL_I2C_AddrCallback  stm32f4xx_hal_i2c.o
    0x08002002   0x08002002   0x00000002   PAD
    0x08002004   0x08002004   0x00000148   Code   RO          963    .text.HAL_I2C_ER_IRQHandler  stm32f4xx_hal_i2c.o
    0x0800214c   0x0800214c   0x00000610   Code   RO          951    .text.HAL_I2C_EV_IRQHandler  stm32f4xx_hal_i2c.o
    0x0800275c   0x0800275c   0x00000002   Code   RO          981    .text.HAL_I2C_ErrorCallback  stm32f4xx_hal_i2c.o
    0x0800275e   0x0800275e   0x00000002   PAD
    0x08002760   0x08002760   0x00000176   Code   RO          867    .text.HAL_I2C_Init  stm32f4xx_hal_i2c.o
    0x080028d6   0x080028d6   0x00000002   PAD
    0x080028d8   0x080028d8   0x00000002   Code   RO          975    .text.HAL_I2C_ListenCpltCallback  stm32f4xx_hal_i2c.o
    0x080028da   0x080028da   0x00000002   PAD
    0x080028dc   0x080028dc   0x00000002   Code   RO          967    .text.HAL_I2C_MasterRxCpltCallback  stm32f4xx_hal_i2c.o
    0x080028de   0x080028de   0x00000002   PAD
    0x080028e0   0x080028e0   0x00000002   Code   RO          965    .text.HAL_I2C_MasterTxCpltCallback  stm32f4xx_hal_i2c.o
    0x080028e2   0x080028e2   0x00000002   PAD
    0x080028e4   0x080028e4   0x00000002   Code   RO          979    .text.HAL_I2C_MemRxCpltCallback  stm32f4xx_hal_i2c.o
    0x080028e6   0x080028e6   0x00000002   PAD
    0x080028e8   0x080028e8   0x00000002   Code   RO          977    .text.HAL_I2C_MemTxCpltCallback  stm32f4xx_hal_i2c.o
    0x080028ea   0x080028ea   0x00000002   PAD
    0x080028ec   0x080028ec   0x0000036e   Code   RO          911    .text.HAL_I2C_Mem_Read  stm32f4xx_hal_i2c.o
    0x08002c5a   0x08002c5a   0x00000002   PAD
    0x08002c5c   0x08002c5c   0x00000130   Code   RO          917    .text.HAL_I2C_Mem_Read_IT  stm32f4xx_hal_i2c.o
    0x08002d8c   0x08002d8c   0x000001da   Code   RO          907    .text.HAL_I2C_Mem_Write  stm32f4xx_hal_i2c.o
    0x08002f66   0x08002f66   0x00000002   PAD
    0x08002f68   0x08002f68   0x000000ce   Code   RO          180    .text.HAL_I2C_MspInit  i2c.o
    0x08003036   0x08003036   0x00000002   PAD
    0x08003038   0x08003038   0x00000002   Code   RO          971    .text.HAL_I2C_SlaveRxCpltCallback  stm32f4xx_hal_i2c.o
    0x0800303a   0x0800303a   0x00000002   PAD
    0x0800303c   0x0800303c   0x00000002   Code   RO          969    .text.HAL_I2C_SlaveTxCpltCallback  stm32f4xx_hal_i2c.o
    0x0800303e   0x0800303e   0x00000002   PAD
    0x08003040   0x08003040   0x0000001a   Code   RO          787    .text.HAL_IncTick   stm32f4xx_hal.o
    0x0800305a   0x0800305a   0x00000002   PAD
    0x0800305c   0x0800305c   0x00000036   Code   RO          777    .text.HAL_Init      stm32f4xx_hal.o
    0x08003092   0x08003092   0x00000002   PAD
    0x08003094   0x08003094   0x00000048   Code   RO          779    .text.HAL_InitTick  stm32f4xx_hal.o
    0x080030dc   0x080030dc   0x0000005c   Code   RO          255    .text.HAL_MspInit   stm32f4xx_hal_msp.o
    0x08003138   0x08003138   0x00000020   Code   RO          735    .text.HAL_NVIC_EnableIRQ  stm32f4xx_hal_cortex.o
    0x08003158   0x08003158   0x00000056   Code   RO          733    .text.HAL_NVIC_SetPriority  stm32f4xx_hal_cortex.o
    0x080031ae   0x080031ae   0x00000002   PAD
    0x080031b0   0x080031b0   0x00000020   Code   RO          731    .text.HAL_NVIC_SetPriorityGrouping  stm32f4xx_hal_cortex.o
    0x080031d0   0x080031d0   0x00000002   Code   RO          342    .text.HAL_PCDEx_LPM_Callback  stm32f4xx_hal_pcd_ex.o
    0x080031d2   0x080031d2   0x00000002   PAD
    0x080031d4   0x080031d4   0x00000008   Code   RO          340    .text.HAL_PCDEx_SetRxFiFo  stm32f4xx_hal_pcd_ex.o
    0x080031dc   0x080031dc   0x000000ea   Code   RO          338    .text.HAL_PCDEx_SetTxFiFo  stm32f4xx_hal_pcd_ex.o
    0x080032c6   0x080032c6   0x00000002   PAD
    0x080032c8   0x080032c8   0x00000008   Code   RO         1428    .text.HAL_PCD_ConnectCallback  usbd_conf.o
    0x080032d0   0x080032d0   0x00000014   Code   RO         1414    .text.HAL_PCD_DataInStageCallback  usbd_conf.o
    0x080032e4   0x080032e4   0x00000016   Code   RO         1412    .text.HAL_PCD_DataOutStageCallback  usbd_conf.o
    0x080032fa   0x080032fa   0x00000002   PAD
    0x080032fc   0x080032fc   0x00000008   Code   RO         1430    .text.HAL_PCD_DisconnectCallback  usbd_conf.o
    0x08003304   0x08003304   0x0000004c   Code   RO          310    .text.HAL_PCD_EP_Close  stm32f4xx_hal_pcd.o
    0x08003350   0x08003350   0x00000064   Code   RO          320    .text.HAL_PCD_EP_ClrStall  stm32f4xx_hal_pcd.o
    0x080033b4   0x080033b4   0x00000012   Code   RO          314    .text.HAL_PCD_EP_GetRxCount  stm32f4xx_hal_pcd.o
    0x080033c6   0x080033c6   0x00000002   PAD
    0x080033c8   0x080033c8   0x00000060   Code   RO          308    .text.HAL_PCD_EP_Open  stm32f4xx_hal_pcd.o
    0x08003428   0x08003428   0x00000054   Code   RO          312    .text.HAL_PCD_EP_Receive  stm32f4xx_hal_pcd.o
    0x0800347c   0x0800347c   0x00000078   Code   RO          318    .text.HAL_PCD_EP_SetStall  stm32f4xx_hal_pcd.o
    0x080034f4   0x080034f4   0x00000048   Code   RO          316    .text.HAL_PCD_EP_Transmit  stm32f4xx_hal_pcd.o
    0x0800353c   0x0800353c   0x000007f0   Code   RO          276    .text.HAL_PCD_IRQHandler  stm32f4xx_hal_pcd.o
    0x08003d2c   0x08003d2c   0x00000008   Code   RO         1426    .text.HAL_PCD_ISOINIncompleteCallback  usbd_conf.o
    0x08003d34   0x08003d34   0x00000008   Code   RO         1424    .text.HAL_PCD_ISOOUTIncompleteCallback  usbd_conf.o
    0x08003d3c   0x08003d3c   0x0000013e   Code   RO          264    .text.HAL_PCD_Init  stm32f4xx_hal_pcd.o
    0x08003e7a   0x08003e7a   0x00000002   PAD
    0x08003e7c   0x08003e7c   0x0000007e   Code   RO         1406    .text.HAL_PCD_MspInit  usbd_conf.o
    0x08003efa   0x08003efa   0x00000002   PAD
    0x08003efc   0x08003efc   0x00000024   Code   RO         1418    .text.HAL_PCD_ResetCallback  usbd_conf.o
    0x08003f20   0x08003f20   0x00000008   Code   RO         1422    .text.HAL_PCD_ResumeCallback  usbd_conf.o
    0x08003f28   0x08003f28   0x00000008   Code   RO         1416    .text.HAL_PCD_SOFCallback  usbd_conf.o
    0x08003f30   0x08003f30   0x00000028   Code   RO          306    .text.HAL_PCD_SetAddress  stm32f4xx_hal_pcd.o
    0x08003f58   0x08003f58   0x0000000e   Code   RO         1410    .text.HAL_PCD_SetupStageCallback  usbd_conf.o
    0x08003f66   0x08003f66   0x00000002   PAD
    0x08003f68   0x08003f68   0x0000003e   Code   RO          272    .text.HAL_PCD_Start  stm32f4xx_hal_pcd.o
    0x08003fa6   0x08003fa6   0x00000002   PAD
    0x08003fa8   0x08003fa8   0x00000034   Code   RO         1420    .text.HAL_PCD_SuspendCallback  usbd_conf.o
    0x08003fdc   0x08003fdc   0x00000160   Code   RO          460    .text.HAL_RCC_ClockConfig  stm32f4xx_hal_rcc.o
    0x0800413c   0x0800413c   0x0000000c   Code   RO          470    .text.HAL_RCC_GetHCLKFreq  stm32f4xx_hal_rcc.o
    0x08004148   0x08004148   0x00000026   Code   RO          472    .text.HAL_RCC_GetPCLK1Freq  stm32f4xx_hal_rcc.o
    0x0800416e   0x0800416e   0x00000002   PAD
    0x08004170   0x08004170   0x0000006a   Code   RO          462    .text.HAL_RCC_GetSysClockFreq  stm32f4xx_hal_rcc.o
    0x080041da   0x080041da   0x00000002   PAD
    0x080041dc   0x080041dc   0x00000378   Code   RO          458    .text.HAL_RCC_OscConfig  stm32f4xx_hal_rcc.o
    0x08004554   0x08004554   0x0000002c   Code   RO          743    .text.HAL_SYSTICK_Config  stm32f4xx_hal_cortex.o
    0x08004580   0x08004580   0x00000002   Code   RO         1318    .text.HAL_TIMEx_BreakCallback  stm32f4xx_hal_tim_ex.o
    0x08004582   0x08004582   0x00000002   PAD
    0x08004584   0x08004584   0x00000002   Code   RO         1314    .text.HAL_TIMEx_CommutCallback  stm32f4xx_hal_tim_ex.o
    0x08004586   0x08004586   0x00000002   PAD
    0x08004588   0x08004588   0x00000090   Code   RO         1308    .text.HAL_TIMEx_MasterConfigSynchronization  stm32f4xx_hal_tim_ex.o
    0x08004618   0x08004618   0x0000013c   Code   RO         1013    .text.HAL_TIM_Base_Init  stm32f4xx_hal_tim.o
    0x08004754   0x08004754   0x00000076   Code   RO          200    .text.HAL_TIM_Base_MspInit  tim.o
    0x080047ca   0x080047ca   0x00000002   PAD
    0x080047cc   0x080047cc   0x00000084   Code   RO         1027    .text.HAL_TIM_Base_Start_IT  stm32f4xx_hal_tim.o
    0x08004850   0x08004850   0x0000019c   Code   RO         1193    .text.HAL_TIM_ConfigClockSource  stm32f4xx_hal_tim.o
    0x080049ec   0x080049ec   0x00000002   Code   RO         1149    .text.HAL_TIM_IC_CaptureCallback  stm32f4xx_hal_tim.o
    0x080049ee   0x080049ee   0x00000002   PAD
    0x080049f0   0x080049f0   0x00000170   Code   RO         1147    .text.HAL_TIM_IRQHandler  stm32f4xx_hal_tim.o
    0x08004b60   0x08004b60   0x00000002   Code   RO         1151    .text.HAL_TIM_OC_DelayElapsedCallback  stm32f4xx_hal_tim.o
    0x08004b62   0x08004b62   0x00000002   PAD
    0x08004b64   0x08004b64   0x000001fe   Code   RO         1167    .text.HAL_TIM_PWM_ConfigChannel  stm32f4xx_hal_tim.o
    0x08004d62   0x08004d62   0x00000002   PAD
    0x08004d64   0x08004d64   0x0000013c   Code   RO         1067    .text.HAL_TIM_PWM_Init  stm32f4xx_hal_tim.o
    0x08004ea0   0x08004ea0   0x00000002   Code   RO         1069    .text.HAL_TIM_PWM_MspInit  stm32f4xx_hal_tim.o
    0x08004ea2   0x08004ea2   0x00000002   PAD
    0x08004ea4   0x08004ea4   0x00000002   Code   RO         1153    .text.HAL_TIM_PWM_PulseFinishedCallback  stm32f4xx_hal_tim.o
    0x08004ea6   0x08004ea6   0x00000002   PAD
    0x08004ea8   0x08004ea8   0x000000f4   Code   RO         1075    .text.HAL_TIM_PWM_Start  stm32f4xx_hal_tim.o
    0x08004f9c   0x08004f9c   0x00000002   Code   RO         1155    .text.HAL_TIM_PeriodElapsedCallback  stm32f4xx_hal_tim.o
    0x08004f9e   0x08004f9e   0x00000002   PAD
    0x08004fa0   0x08004fa0   0x00000002   Code   RO         1157    .text.HAL_TIM_TriggerCallback  stm32f4xx_hal_tim.o
    0x08004fa2   0x08004fa2   0x00000002   PAD
    0x08004fa4   0x08004fa4   0x00000002   Code   RO          216    .text.HardFault_Handler  stm32f4xx_it.o
    0x08004fa6   0x08004fa6   0x00000002   PAD
    0x08004fa8   0x08004fa8   0x0000000c   Code   RO          242    .text.I2C1_ER_IRQHandler  stm32f4xx_it.o
    0x08004fb4   0x08004fb4   0x0000001e   Code   RO          240    .text.I2C1_EV_IRQHandler  stm32f4xx_it.o
    0x08004fd2   0x08004fd2   0x00000002   PAD
    0x08004fd4   0x08004fd4   0x00000122   Code   RO          937    .text.I2C_DMAAbort  stm32f4xx_hal_i2c.o
    0x080050f6   0x080050f6   0x00000002   PAD
    0x080050f8   0x080050f8   0x0000018c   Code   RO          949    .text.I2C_ITError   stm32f4xx_hal_i2c.o
    0x08005284   0x08005284   0x000000e8   Code   RO          961    .text.I2C_MasterReceive_BTF  stm32f4xx_hal_i2c.o
    0x0800536c   0x0800536c   0x00000136   Code   RO          959    .text.I2C_MasterReceive_RXNE  stm32f4xx_hal_i2c.o
    0x080054a2   0x080054a2   0x00000002   PAD
    0x080054a4   0x080054a4   0x00000082   Code   RO          955    .text.I2C_MasterTransmit_BTF  stm32f4xx_hal_i2c.o
    0x08005526   0x08005526   0x00000002   PAD
    0x08005528   0x08005528   0x000000b2   Code   RO          953    .text.I2C_MasterTransmit_TXE  stm32f4xx_hal_i2c.o
    0x080055da   0x080055da   0x00000002   PAD
    0x080055dc   0x080055dc   0x000000b4   Code   RO          957    .text.I2C_MemoryTransmit_TXE_BTF  stm32f4xx_hal_i2c.o
    0x08005690   0x08005690   0x0000031e   Code   RO          913    .text.I2C_RequestMemoryRead  stm32f4xx_hal_i2c.o
    0x080059ae   0x080059ae   0x00000002   PAD
    0x080059b0   0x080059b0   0x00000272   Code   RO          909    .text.I2C_RequestMemoryWrite  stm32f4xx_hal_i2c.o
    0x08005c22   0x08005c22   0x00000002   PAD
    0x08005c24   0x08005c24   0x000000a8   Code   RO          879    .text.I2C_WaitOnBTFFlagUntilTimeout  stm32f4xx_hal_i2c.o
    0x08005ccc   0x08005ccc   0x00000150   Code   RO          877    .text.I2C_WaitOnFlagUntilTimeout  stm32f4xx_hal_i2c.o
    0x08005e1c   0x08005e1c   0x000000b8   Code   RO          991    .text.I2C_WaitOnMasterAddressFlagUntilTimeout  stm32f4xx_hal_i2c.o
    0x08005ed4   0x08005ed4   0x00000014   Code   RO           92    .text.MPU6050_ACC_isReady  mpu6050.o
    0x08005ee8   0x08005ee8   0x00000014   Code   RO           90    .text.MPU6050_GYRO_isReady  mpu6050.o
    0x08005efc   0x08005efc   0x00000034   Code   RO           88    .text.MPU6050_ReceiveIT  mpu6050.o
    0x08005f30   0x08005f30   0x000004e8   Code   RO           94    .text.MPU6050_cycle  mpu6050.o
    0x08006418   0x08006418   0x00000084   Code   RO           86    .text.MPU6050setup  mpu6050.o
    0x0800649c   0x0800649c   0x00000038   Code   RO          169    .text.MX_DMA_Init   dma.o
    0x080064d4   0x080064d4   0x000000b6   Code   RO          160    .text.MX_GPIO_Init  gpio.o
    0x0800658a   0x0800658a   0x00000002   PAD
    0x0800658c   0x0800658c   0x00000042   Code   RO          178    .text.MX_I2C1_Init  i2c.o
    0x080065ce   0x080065ce   0x00000002   PAD
    0x080065d0   0x080065d0   0x00000074   Code   RO          194    .text.MX_TIM3_Init  tim.o
    0x08006644   0x08006644   0x000000fe   Code   RO          196    .text.MX_TIM4_Init  tim.o
    0x08006742   0x08006742   0x00000002   PAD
    0x08006744   0x08006744   0x00000072   Code   RO         1347    .text.MX_USB_DEVICE_Init  usb_device.o
    0x080067b6   0x080067b6   0x00000002   PAD
    0x080067b8   0x080067b8   0x00000002   Code   RO          218    .text.MemManage_Handler  stm32f4xx_it.o
    0x080067ba   0x080067ba   0x00000002   PAD
    0x080067bc   0x080067bc   0x00000002   Code   RO          214    .text.NMI_Handler   stm32f4xx_it.o
    0x080067be   0x080067be   0x00000002   PAD
    0x080067c0   0x080067c0   0x0000000c   Code   RO          244    .text.OTG_FS_IRQHandler  stm32f4xx_it.o
    0x080067cc   0x080067cc   0x00000004   PAD
    0x080067d0   0x080067d0   0x0000036c   Code   RO          112    .text.PID           main.o
    0x08006b3c   0x08006b3c   0x00000002   Code   RO          228    .text.PendSV_Handler  stm32f4xx_it.o
    0x08006b3e   0x08006b3e   0x00000002   PAD
    0x08006b40   0x08006b40   0x00000002   Code   RO          224    .text.SVC_Handler   stm32f4xx_it.o
    0x08006b42   0x08006b42   0x00000002   PAD
    0x08006b44   0x08006b44   0x00000004   Code   RO          230    .text.SysTick_Handler  stm32f4xx_it.o
    0x08006b48   0x08006b48   0x000000ac   Code   RO          108    .text.SystemClock_Config  main.o
    0x08006bf4   0x08006bf4   0x00000012   Code   RO         1332    .text.SystemInit    system_stm32f4xx.o
    0x08006c06   0x08006c06   0x00000002   PAD
    0x08006c08   0x08006c08   0x00000016   Code   RO          238    .text.TIM3_IRQHandler  stm32f4xx_it.o
    0x08006c1e   0x08006c1e   0x00000002   PAD
    0x08006c20   0x08006c20   0x0000006e   Code   RO         1577    .text.USBD_CDC_DataIn  usbd_cdc.o
    0x08006c8e   0x08006c8e   0x00000002   PAD
    0x08006c90   0x08006c90   0x0000002c   Code   RO         1579    .text.USBD_CDC_DataOut  usbd_cdc.o
    0x08006cbc   0x08006cbc   0x00000042   Code   RO         1571    .text.USBD_CDC_DeInit  usbd_cdc.o
    0x08006cfe   0x08006cfe   0x00000002   PAD
    0x08006d00   0x08006d00   0x00000034   Code   RO         1575    .text.USBD_CDC_EP0_RxReady  usbd_cdc.o
    0x08006d34   0x08006d34   0x00000010   Code   RO         1587    .text.USBD_CDC_GetDeviceQualifierDescriptor  usbd_cdc.o
    0x08006d44   0x08006d44   0x00000010   Code   RO         1583    .text.USBD_CDC_GetFSCfgDesc  usbd_cdc.o
    0x08006d54   0x08006d54   0x00000010   Code   RO         1581    .text.USBD_CDC_GetHSCfgDesc  usbd_cdc.o
    0x08006d64   0x08006d64   0x00000010   Code   RO         1585    .text.USBD_CDC_GetOtherSpeedCfgDesc  usbd_cdc.o
    0x08006d74   0x08006d74   0x00000098   Code   RO         1569    .text.USBD_CDC_Init  usbd_cdc.o
    0x08006e0c   0x08006e0c   0x0000002c   Code   RO         1597    .text.USBD_CDC_ReceivePacket  usbd_cdc.o
    0x08006e38   0x08006e38   0x0000000e   Code   RO         1589    .text.USBD_CDC_RegisterInterface  usbd_cdc.o
    0x08006e46   0x08006e46   0x00000002   PAD
    0x08006e48   0x08006e48   0x00000012   Code   RO         1593    .text.USBD_CDC_SetRxBuffer  usbd_cdc.o
    0x08006e5a   0x08006e5a   0x00000002   PAD
    0x08006e5c   0x08006e5c   0x00000016   Code   RO         1591    .text.USBD_CDC_SetTxBuffer  usbd_cdc.o
    0x08006e72   0x08006e72   0x00000002   PAD
    0x08006e74   0x08006e74   0x000000ec   Code   RO         1573    .text.USBD_CDC_Setup  usbd_cdc.o
    0x08006f60   0x08006f60   0x00000036   Code   RO         1595    .text.USBD_CDC_TransmitPacket  usbd_cdc.o
    0x08006f96   0x08006f96   0x00000002   PAD
    0x08006f98   0x08006f98   0x00000010   Code   RO         1492    .text.USBD_ClrClassConfig  usbd_core.o
    0x08006fa8   0x08006fa8   0x00000010   Code   RO         1553    .text.USBD_CtlContinueRx  usbd_ioreq.o
    0x08006fb8   0x08006fb8   0x00000010   Code   RO         1549    .text.USBD_CtlContinueSendData  usbd_ioreq.o
    0x08006fc8   0x08006fc8   0x00000016   Code   RO         1528    .text.USBD_CtlError  usbd_ctlreq.o
    0x08006fde   0x08006fde   0x00000002   PAD
    0x08006fe0   0x08006fe0   0x0000001a   Code   RO         1551    .text.USBD_CtlPrepareRx  usbd_ioreq.o
    0x08006ffa   0x08006ffa   0x00000002   PAD
    0x08006ffc   0x08006ffc   0x00000016   Code   RO         1557    .text.USBD_CtlReceiveStatus  usbd_ioreq.o
    0x08007012   0x08007012   0x00000002   PAD
    0x08007014   0x08007014   0x0000001a   Code   RO         1547    .text.USBD_CtlSendData  usbd_ioreq.o
    0x0800702e   0x0800702e   0x00000002   PAD
    0x08007030   0x08007030   0x00000016   Code   RO         1555    .text.USBD_CtlSendStatus  usbd_ioreq.o
    0x08007046   0x08007046   0x00000002   PAD
    0x08007048   0x08007048   0x00000024   Code   RO         1366    .text.USBD_FS_ConfigStrDescriptor  usbd_desc.o
    0x0800706c   0x0800706c   0x0000000e   Code   RO         1356    .text.USBD_FS_DeviceDescriptor  usbd_desc.o
    0x0800707a   0x0800707a   0x00000002   PAD
    0x0800707c   0x0800707c   0x00000028   Code   RO         1368    .text.USBD_FS_InterfaceStrDescriptor  usbd_desc.o
    0x080070a4   0x080070a4   0x0000000e   Code   RO         1358    .text.USBD_FS_LangIDStrDescriptor  usbd_desc.o
    0x080070b2   0x080070b2   0x00000002   PAD
    0x080070b4   0x080070b4   0x0000002c   Code   RO         1360    .text.USBD_FS_ManufacturerStrDescriptor  usbd_desc.o
    0x080070e0   0x080070e0   0x00000030   Code   RO         1362    .text.USBD_FS_ProductStrDescriptor  usbd_desc.o
    0x08007110   0x08007110   0x0000016c   Code   RO         1364    .text.USBD_FS_SerialStrDescriptor  usbd_desc.o
    0x0800727c   0x0800727c   0x000000da   Code   RO         1536    .text.USBD_GetString  usbd_ctlreq.o
    0x08007356   0x08007356   0x00000002   PAD
    0x08007358   0x08007358   0x0000002a   Code   RO         1478    .text.USBD_Init     usbd_core.o
    0x08007382   0x08007382   0x00000002   PAD
    0x08007384   0x08007384   0x00000022   Code   RO         1450    .text.USBD_LL_ClearStallEP  usbd_conf.o
    0x080073a6   0x080073a6   0x00000002   PAD
    0x080073a8   0x080073a8   0x00000022   Code   RO         1444    .text.USBD_LL_CloseEP  usbd_conf.o
    0x080073ca   0x080073ca   0x00000002   PAD
    0x080073cc   0x080073cc   0x000000a8   Code   RO         1498    .text.USBD_LL_DataInStage  usbd_core.o
    0x08007474   0x08007474   0x0000006e   Code   RO         1496    .text.USBD_LL_DataOutStage  usbd_core.o
    0x080074e2   0x080074e2   0x00000002   PAD
    0x080074e4   0x080074e4   0x00000004   Code   RO         1514    .text.USBD_LL_DevConnected  usbd_core.o
    0x080074e8   0x080074e8   0x00000018   Code   RO         1516    .text.USBD_LL_DevDisconnected  usbd_core.o
    0x08007500   0x08007500   0x00000008   Code   RO         1460    .text.USBD_LL_GetRxDataSize  usbd_conf.o
    0x08007508   0x08007508   0x00000070   Code   RO         1432    .text.USBD_LL_Init  usbd_conf.o
    0x08007578   0x08007578   0x00000020   Code   RO         1452    .text.USBD_LL_IsStallEP  usbd_conf.o
    0x08007598   0x08007598   0x00000020   Code   RO         1510    .text.USBD_LL_IsoINIncomplete  usbd_core.o
    0x080075b8   0x080075b8   0x00000020   Code   RO         1512    .text.USBD_LL_IsoOUTIncomplete  usbd_core.o
    0x080075d8   0x080075d8   0x00000028   Code   RO         1442    .text.USBD_LL_OpenEP  usbd_conf.o
    0x08007600   0x08007600   0x00000022   Code   RO         1458    .text.USBD_LL_PrepareReceive  usbd_conf.o
    0x08007622   0x08007622   0x00000002   PAD
    0x08007624   0x08007624   0x00000068   Code   RO         1500    .text.USBD_LL_Reset  usbd_core.o
    0x0800768c   0x0800768c   0x00000014   Code   RO         1506    .text.USBD_LL_Resume  usbd_core.o
    0x080076a0   0x080076a0   0x00000020   Code   RO         1508    .text.USBD_LL_SOF   usbd_core.o
    0x080076c0   0x080076c0   0x00000008   Code   RO         1502    .text.USBD_LL_SetSpeed  usbd_core.o
    0x080076c8   0x080076c8   0x00000022   Code   RO         1454    .text.USBD_LL_SetUSBAddress  usbd_conf.o
    0x080076ea   0x080076ea   0x00000002   PAD
    0x080076ec   0x080076ec   0x00000062   Code   RO         1494    .text.USBD_LL_SetupStage  usbd_core.o
    0x0800774e   0x0800774e   0x00000002   PAD
    0x08007750   0x08007750   0x00000022   Code   RO         1448    .text.USBD_LL_StallEP  usbd_conf.o
    0x08007772   0x08007772   0x00000002   PAD
    0x08007774   0x08007774   0x00000022   Code   RO         1438    .text.USBD_LL_Start  usbd_conf.o
    0x08007796   0x08007796   0x00000002   PAD
    0x08007798   0x08007798   0x00000014   Code   RO         1504    .text.USBD_LL_Suspend  usbd_core.o
    0x080077ac   0x080077ac   0x00000022   Code   RO         1456    .text.USBD_LL_Transmit  usbd_conf.o
    0x080077ce   0x080077ce   0x00000002   PAD
    0x080077d0   0x080077d0   0x00000016   Code   RO         1534    .text.USBD_ParseSetupRequest  usbd_ctlreq.o
    0x080077e6   0x080077e6   0x00000002   PAD
    0x080077e8   0x080077e8   0x0000002e   Code   RO         1482    .text.USBD_RegisterClass  usbd_core.o
    0x08007816   0x08007816   0x00000002   PAD
    0x08007818   0x08007818   0x00000010   Code   RO         1490    .text.USBD_SetClassConfig  usbd_core.o
    0x08007828   0x08007828   0x00000004   Code   RO         1484    .text.USBD_Start    usbd_core.o
    0x0800782c   0x0800782c   0x00000368   Code   RO         1526    .text.USBD_StdDevReq  usbd_ctlreq.o
    0x08007b94   0x08007b94   0x0000014a   Code   RO         1532    .text.USBD_StdEPReq  usbd_ctlreq.o
    0x08007cde   0x08007cde   0x00000002   PAD
    0x08007ce0   0x08007ce0   0x0000007a   Code   RO         1530    .text.USBD_StdItfReq  usbd_ctlreq.o
    0x08007d5a   0x08007d5a   0x00000002   PAD
    0x08007d5c   0x08007d5c   0x00000002   Code   RO         1464    .text.USBD_static_free  usbd_conf.o
    0x08007d5e   0x08007d5e   0x00000002   PAD
    0x08007d60   0x08007d60   0x0000000a   Code   RO         1462    .text.USBD_static_malloc  usbd_conf.o
    0x08007d6a   0x08007d6a   0x00000002   PAD
    0x08007d6c   0x08007d6c   0x0000008a   Code   RO          376    .text.USB_ActivateEndpoint  stm32f4xx_ll_usb.o
    0x08007df6   0x08007df6   0x00000002   PAD
    0x08007df8   0x08007df8   0x00000020   Code   RO          416    .text.USB_ActivateSetup  stm32f4xx_ll_usb.o
    0x08007e18   0x08007e18   0x000001be   Code   RO          354    .text.USB_CoreInit  stm32f4xx_ll_usb.o
    0x08007fd6   0x08007fd6   0x00000002   PAD
    0x08007fd8   0x08007fd8   0x00000084   Code   RO          380    .text.USB_DeactivateEndpoint  stm32f4xx_ll_usb.o
    0x0800805c   0x0800805c   0x0000001e   Code   RO          400    .text.USB_DevConnect  stm32f4xx_ll_usb.o
    0x0800807a   0x0800807a   0x00000002   PAD
    0x0800807c   0x0800807c   0x0000001e   Code   RO          402    .text.USB_DevDisconnect  stm32f4xx_ll_usb.o
    0x0800809a   0x0800809a   0x00000002   PAD
    0x0800809c   0x0800809c   0x000003d6   Code   RO          366    .text.USB_DevInit   stm32f4xx_ll_usb.o
    0x08008472   0x08008472   0x00000002   PAD
    0x08008474   0x08008474   0x0000000e   Code   RO          360    .text.USB_DisableGlobalInt  stm32f4xx_ll_usb.o
    0x08008482   0x08008482   0x00000002   PAD
    0x08008484   0x08008484   0x000000fc   Code   RO          388    .text.USB_EP0StartXfer  stm32f4xx_ll_usb.o
    0x08008580   0x08008580   0x0000005a   Code   RO          418    .text.USB_EP0_OutStart  stm32f4xx_ll_usb.o
    0x080085da   0x080085da   0x00000002   PAD
    0x080085dc   0x080085dc   0x0000004e   Code   RO          394    .text.USB_EPClearStall  stm32f4xx_ll_usb.o
    0x0800862a   0x0800862a   0x00000002   PAD
    0x0800862c   0x0800862c   0x0000003e   Code   RO          392    .text.USB_EPSetStall  stm32f4xx_ll_usb.o
    0x0800866a   0x0800866a   0x00000002   PAD
    0x0800866c   0x0800866c   0x00000200   Code   RO          384    .text.USB_EPStartXfer  stm32f4xx_ll_usb.o
    0x0800886c   0x0800886c   0x0000000e   Code   RO          358    .text.USB_EnableGlobalInt  stm32f4xx_ll_usb.o
    0x0800887a   0x0800887a   0x00000002   PAD
    0x0800887c   0x0800887c   0x00000062   Code   RO          370    .text.USB_FlushTxFifo  stm32f4xx_ll_usb.o
    0x080088de   0x080088de   0x00000002   PAD
    0x080088e0   0x080088e0   0x0000001a   Code   RO          374    .text.USB_GetDevSpeed  stm32f4xx_ll_usb.o
    0x080088fa   0x080088fa   0x00000002   PAD
    0x080088fc   0x080088fc   0x00000008   Code   RO          364    .text.USB_GetMode   stm32f4xx_ll_usb.o
    0x08008904   0x08008904   0x0000000e   Code   RO          408    .text.USB_ReadDevAllInEpInterrupt  stm32f4xx_ll_usb.o
    0x08008912   0x08008912   0x00000002   PAD
    0x08008914   0x08008914   0x0000000e   Code   RO          406    .text.USB_ReadDevAllOutEpInterrupt  stm32f4xx_ll_usb.o
    0x08008922   0x08008922   0x00000002   PAD
    0x08008924   0x08008924   0x00000024   Code   RO          412    .text.USB_ReadDevInEPInterrupt  stm32f4xx_ll_usb.o
    0x08008948   0x08008948   0x00000010   Code   RO          410    .text.USB_ReadDevOutEPInterrupt  stm32f4xx_ll_usb.o
    0x08008958   0x08008958   0x00000008   Code   RO          404    .text.USB_ReadInterrupts  stm32f4xx_ll_usb.o
    0x08008960   0x08008960   0x000000aa   Code   RO          390    .text.USB_ReadPacket  stm32f4xx_ll_usb.o
    0x08008a0a   0x08008a0a   0x00000002   PAD
    0x08008a0c   0x08008a0c   0x00000064   Code   RO          362    .text.USB_SetCurrentMode  stm32f4xx_ll_usb.o
    0x08008a70   0x08008a70   0x00000022   Code   RO          398    .text.USB_SetDevAddress  stm32f4xx_ll_usb.o
    0x08008a92   0x08008a92   0x00000002   PAD
    0x08008a94   0x08008a94   0x00000120   Code   RO          356    .text.USB_SetTurnaroundTime  stm32f4xx_ll_usb.o
    0x08008bb4   0x08008bb4   0x00000072   Code   RO          386    .text.USB_WritePacket  stm32f4xx_ll_usb.o
    0x08008c26   0x08008c26   0x00000002   PAD
    0x08008c28   0x08008c28   0x00000002   Code   RO          222    .text.UsageFault_Handler  stm32f4xx_it.o
    0x08008c2a   0x08008c2a   0x00000002   PAD
    0x08008c2c   0x08008c2c   0x00000094   Code   RO         2187    .text.arm_cos_f32   fastmathfunctions.o
    0x08008cc0   0x08008cc0   0x0000008c   Code   RO         2193    .text.arm_sin_f32   fastmathfunctions.o
    0x08008d4c   0x08008d4c   0x000000e4   Code   RO           96    .text.gyroMeasureOffset  mpu6050.o
    0x08008e30   0x08008e30   0x00000120   Code   RO          110    .text.initState     main.o
    0x08008f50   0x08008f50   0x000008bc   Code   RO          106    .text.main          main.o
    0x0800980c   0x0800980c   0x00000038   Code   RO           57    .text.matrixCopy    matrix.o
    0x08009844   0x08009844   0x0000006c   Code   RO           29    .text.matrixCross   matrix.o
    0x080098b0   0x080098b0   0x00000046   Code   RO           27    .text.matrixDot     matrix.o
    0x080098f6   0x080098f6   0x00000002   PAD
    0x080098f8   0x080098f8   0x00000064   Code   RO           25    .text.matrixEye     matrix.o
    0x0800995c   0x0800995c   0x0000000a   Code   RO           49    .text.matrixInvOrth  matrix.o
    0x08009966   0x08009966   0x00000002   PAD
    0x08009968   0x08009968   0x000004cc   Code   RO           19    .text.matrixMultiply  matrix.o
    0x08009e34   0x08009e34   0x000000d6   Code   RO           11    .text.matrixMultiplyByNumb  matrix.o
    0x08009f0a   0x08009f0a   0x00000002   PAD
    0x08009f0c   0x08009f0c   0x0000011a   Code   RO           43    .text.matrixNormVec  matrix.o
    0x0800a026   0x0800a026   0x00000002   PAD
    0x0800a028   0x0800a028   0x00000190   Code   RO           37    .text.matrixRot3D   matrix.o
    0x0800a1b8   0x0800a1b8   0x00000156   Code   RO           39    .text.matrixRotArbVec  matrix.o
    0x0800a30e   0x0800a30e   0x00000002   PAD
    0x0800a310   0x0800a310   0x0000008c   Code   RO           53    .text.matrixRotMatrixRotAngle  matrix.o
    0x0800a39c   0x0800a39c   0x00000024   Code   RO           23    .text.matrixSE      matrix.o
    0x0800a3c0   0x0800a3c0   0x00000158   Code   RO           13    .text.matrixSum     matrix.o
    0x0800a518   0x0800a518   0x000003ac   Code   RO           15    .text.matrixTranspose  matrix.o
    0x0800a8c4   0x0800a8c4   0x00000088   Code   RO           41    .text.matrixVecLen  matrix.o
    0x0800a94c   0x0800a94c   0x00000066   Code   RO           21    .text.matrixZeroes  matrix.o
    0x0800a9b2   0x0800a9b2   0x00000002   PAD
    0x0800a9b4   0x0800a9b4   0x0000001a   Code   RO           69    .text.micros        micros.o
    0x0800a9ce   0x0800a9ce   0x00000002   PAD
    0x0800a9d0   0x0800a9d0   0x0000001e   Code   RO           71    .text.microsIT      micros.o
    0x0800a9ee   0x0800a9ee   0x00000002   PAD
    0x0800a9f0   0x0800a9f0   0x0000003c   Code   RO           67    .text.microsInit    micros.o
    0x0800aa2c   0x0800aa2c   0x00000022   Code   RO           73    .text.microsStart   micros.o
    0x0800aa4e   0x0800aa4e   0x00000002   PAD
    0x0800aa50   0x0800aa50   0x0000002e   Code   RO           75    .text.microsUpdate  micros.o
    0x0800aa7e   0x0800aa7e   0x00000002   PAD
    0x0800aa80   0x0800aa80   0x00000338   Code   RO         3724    CL$$btod_div_common  c_w.l(btod.o)
    0x0800adb8   0x0800adb8   0x00000084   Code   RO         3722    CL$$btod_e2d        c_w.l(btod.o)
    0x0800ae3c   0x0800ae3c   0x000000dc   Code   RO         3721    CL$$btod_e2e        c_w.l(btod.o)
    0x0800af18   0x0800af18   0x0000002a   Code   RO         3718    CL$$btod_ediv       c_w.l(btod.o)
    0x0800af42   0x0800af42   0x0000002a   Code   RO         3720    CL$$btod_edivd      c_w.l(btod.o)
    0x0800af6c   0x0800af6c   0x0000002a   Code   RO         3717    CL$$btod_emul       c_w.l(btod.o)
    0x0800af96   0x0800af96   0x0000002a   Code   RO         3719    CL$$btod_emuld      c_w.l(btod.o)
    0x0800afc0   0x0800afc0   0x00000244   Code   RO         3723    CL$$btod_mult_common  c_w.l(btod.o)
    0x0800b204   0x0800b204   0x00000030   Code   RO         3632    i.__ARM_fpclassify  m_wm.l(fpclassify.o)
    0x0800b234   0x0800b234   0x00000026   Code   RO         3634    i.__ARM_fpclassifyf  m_wm.l(fpclassifyf.o)
    0x0800b25a   0x0800b25a   0x00000006   PAD
    0x0800b260   0x0800b260   0x000000f8   Code   RO         3771    i.__hardfp___mathlib_tofloat  m_wm.l(narrow.o)
    0x0800b358   0x0800b358   0x00000358   Code   RO         3413    i.__hardfp_acos     m_wm.l(acos.o)
    0x0800b6b0   0x0800b6b0   0x00000118   Code   RO         3420    i.__hardfp_acosf    m_wm.l(acosf.o)
    0x0800b7c8   0x0800b7c8   0x000000d0   Code   RO         3883    i.__hardfp_ldexp    m_wm.l(ldexp.o)
    0x0800b898   0x0800b898   0x00000664   Code   RO         3460    i.__hardfp_powf     m_wm.l(powf.o)
    0x0800befc   0x0800befc   0x00000004   PAD
    0x0800bf00   0x0800bf00   0x000000c8   Code   RO         3467    i.__hardfp_sin      m_wm.l(sin.o)
    0x0800bfc8   0x0800bfc8   0x0000007a   Code   RO         3473    i.__hardfp_sqrt     m_wm.l(sqrt.o)
    0x0800c042   0x0800c042   0x00000006   PAD
    0x0800c048   0x0800c048   0x00000438   Code   RO         3653    i.__ieee754_rem_pio2  m_wm.l(rred.o)
    0x0800c480   0x0800c480   0x00000170   Code   RO         3615    i.__kernel_cos      m_wm.l(cos_i.o)
    0x0800c5f0   0x0800c5f0   0x000000f8   Code   RO         3650    i.__kernel_poly     m_wm.l(poly.o)
    0x0800c6e8   0x0800c6e8   0x00000130   Code   RO         3658    i.__kernel_sin      m_wm.l(sin_i.o)
    0x0800c818   0x0800c818   0x00000014   Code   RO         3619    i.__mathlib_dbl_infnan  m_wm.l(dunder.o)
    0x0800c82c   0x0800c82c   0x00000004   PAD
    0x0800c830   0x0800c830   0x00000020   Code   RO         3621    i.__mathlib_dbl_invalid  m_wm.l(dunder.o)
    0x0800c850   0x0800c850   0x00000020   Code   RO         3622    i.__mathlib_dbl_overflow  m_wm.l(dunder.o)
    0x0800c870   0x0800c870   0x00000020   Code   RO         3624    i.__mathlib_dbl_underflow  m_wm.l(dunder.o)
    0x0800c890   0x0800c890   0x00000014   Code   RO         3636    i.__mathlib_flt_divzero  m_wm.l(funder.o)
    0x0800c8a4   0x0800c8a4   0x00000006   Code   RO         3637    i.__mathlib_flt_infnan  m_wm.l(funder.o)
    0x0800c8aa   0x0800c8aa   0x00000006   Code   RO         3638    i.__mathlib_flt_infnan2  m_wm.l(funder.o)
    0x0800c8b0   0x0800c8b0   0x00000010   Code   RO         3639    i.__mathlib_flt_invalid  m_wm.l(funder.o)
    0x0800c8c0   0x0800c8c0   0x00000010   Code   RO         3640    i.__mathlib_flt_overflow  m_wm.l(funder.o)
    0x0800c8d0   0x0800c8d0   0x00000010   Code   RO         3642    i.__mathlib_flt_underflow  m_wm.l(funder.o)
    0x0800c8e0   0x0800c8e0   0x00000012   Code   RO         3772    i.__mathlib_narrow  m_wm.l(narrow.o)
    0x0800c8f2   0x0800c8f2   0x00000014   Code   RO         3885    i.__support_ldexp   m_wm.l(ldexp.o)
    0x0800c906   0x0800c906   0x0000000e   Code   RO         3531    i._is_digit         c_w.l(scanf_fp.o)
    0x0800c914   0x0800c914   0x00000018   Code   RO         3767    i.fabs              m_wm.l(fabs.o)
    0x0800c92c   0x0800c92c   0x00000004   PAD
    0x0800c930   0x0800c930   0x0000008c   Code   RO         3839    i.frexp             m_wm.l(frexp.o)
    0x0800c9bc   0x0800c9bc   0x0000006e   Code   RO         3475    i.sqrt              m_wm.l(sqrt.o)
    0x0800ca2a   0x0800ca2a   0x0000003e   Code   RO         3481    i.sqrtf             m_wm.l(sqrtf.o)
    0x0800ca68   0x0800ca68   0x0000002c   Code   RO         3740    locale$$code        c_w.l(lc_numeric_c.o)
    0x0800ca94   0x0800ca94   0x0000002c   Code   RO         3859    locale$$code        c_w.l(lc_ctype_c.o)
    0x0800cac0   0x0800cac0   0x00000018   Code   RO         3588    x$fpl$basic         fz_wm.l(basic.o)
    0x0800cad8   0x0800cad8   0x00000062   Code   RO         3381    x$fpl$d2f           fz_wm.l(d2f.o)
    0x0800cb3a   0x0800cb3a   0x00000002   PAD
    0x0800cb3c   0x0800cb3c   0x00000150   Code   RO         3383    x$fpl$dadd          fz_wm.l(daddsub_clz.o)
    0x0800cc8c   0x0800cc8c   0x00000010   Code   RO         3923    x$fpl$dcheck1       fz_wm.l(dcheck1.o)
    0x0800cc9c   0x0800cc9c   0x00000018   Code   RO         3751    x$fpl$dcmpinf       fz_wm.l(dcmpi.o)
    0x0800ccb4   0x0800ccb4   0x000002b4   Code   RO         3392    x$fpl$ddiv          fz_wm.l(ddiv.o)
    0x0800cf68   0x0800cf68   0x00000078   Code   RO         3590    x$fpl$deqf          fz_wm.l(deqf.o)
    0x0800cfe0   0x0800cfe0   0x0000005e   Code   RO         3592    x$fpl$dfix          fz_wm.l(dfix.o)
    0x0800d03e   0x0800d03e   0x0000002e   Code   RO         3396    x$fpl$dflt          fz_wm.l(dflt_clz.o)
    0x0800d06c   0x0800d06c   0x00000026   Code   RO         3395    x$fpl$dfltu         fz_wm.l(dflt_clz.o)
    0x0800d092   0x0800d092   0x00000002   PAD
    0x0800d094   0x0800d094   0x0000008a   Code   RO         3402    x$fpl$dfltull       fz_wm.l(dfltll_clz.o)
    0x0800d11e   0x0800d11e   0x00000002   PAD
    0x0800d120   0x0800d120   0x00000078   Code   RO         3596    x$fpl$dgeqf         fz_wm.l(dgeqf.o)
    0x0800d198   0x0800d198   0x00000078   Code   RO         3598    x$fpl$dleqf         fz_wm.l(dleqf.o)
    0x0800d210   0x0800d210   0x00000154   Code   RO         3405    x$fpl$dmul          fz_wm.l(dmul.o)
    0x0800d364   0x0800d364   0x0000009c   Code   RO         3600    x$fpl$dnaninf       fz_wm.l(dnaninf.o)
    0x0800d400   0x0800d400   0x0000000c   Code   RO         3602    x$fpl$dretinf       fz_wm.l(dretinf.o)
    0x0800d40c   0x0800d40c   0x0000006c   Code   RO         3604    x$fpl$drleqf        fz_wm.l(drleqf.o)
    0x0800d478   0x0800d478   0x00000016   Code   RO         3384    x$fpl$drsb          fz_wm.l(daddsub_clz.o)
    0x0800d48e   0x0800d48e   0x00000002   PAD
    0x0800d490   0x0800d490   0x00000198   Code   RO         3606    x$fpl$dsqrt         fz_wm.l(dsqrt_umaal.o)
    0x0800d628   0x0800d628   0x000001dc   Code   RO         3385    x$fpl$dsub          fz_wm.l(daddsub_clz.o)
    0x0800d804   0x0800d804   0x00000056   Code   RO         3407    x$fpl$f2d           fz_wm.l(f2d.o)
    0x0800d85a   0x0800d85a   0x00000054   Code   RO         3389    x$fpl$fcmp          fz_wm.l(dcmp.o)
    0x0800d8ae   0x0800d8ae   0x00000060   Code   RO         3409    x$fpl$ffltll        fz_wm.l(ffltll_clz.o)
    0x0800d90e   0x0800d90e   0x0000008c   Code   RO         3608    x$fpl$fnaninf       fz_wm.l(fnaninf.o)
    0x0800d99a   0x0800d99a   0x0000001a   Code   RO         3757    x$fpl$fpinit        fz_wm.l(fpinit.o)
    0x0800d9b4   0x0800d9b4   0x0000000a   Code   RO         3610    x$fpl$fretinf       fz_wm.l(fretinf.o)
    0x0800d9be   0x0800d9be   0x00000006   Code   RO         3612    x$fpl$ieeestatus    fz_wm.l(istatus.o)
    0x0800d9c4   0x0800d9c4   0x00000064   Code   RO         3925    x$fpl$retnan        fz_wm.l(retnan.o)
    0x0800da28   0x0800da28   0x0000005c   Code   RO         3904    x$fpl$scalbn        fz_wm.l(scalbn.o)
    0x0800da84   0x0800da84   0x00000004   Code   RO         3411    x$fpl$scanf1        fz_wm.l(scanf1.o)
    0x0800da88   0x0800da88   0x00000008   Code   RO         3759    x$fpl$scanf2        fz_wm.l(scanf2.o)
    0x0800da90   0x0800da90   0x00000030   Code   RO         3927    x$fpl$trapveneer    fz_wm.l(trapv.o)
    0x0800dac0   0x0800dac0   0x00000000   Code   RO         3614    x$fpl$usenofp       fz_wm.l(usenofp.o)
    0x0800dac0   0x0800dac0   0x00000050   Data   RO         3416    .constdata          m_wm.l(acos.o)
    0x0800db10   0x0800db10   0x00000140   Data   RO         3463    .constdata          m_wm.l(powf.o)
    0x0800dc50   0x0800dc50   0x00000030   Data   RO         3616    .constdata          m_wm.l(cos_i.o)
    0x0800dc80   0x0800dc80   0x000000cc   Data   RO         3655    .constdata          m_wm.l(rred.o)
    0x0800dd4c   0x0800dd4c   0x00000004   PAD
    0x0800dd50   0x0800dd50   0x00000028   Data   RO         3659    .constdata          m_wm.l(sin_i.o)
    0x0800dd78   0x0800dd78   0x00000094   Data   RO         3712    .constdata          c_w.l(bigflt0.o)
    0x0800de0c   0x0800de0c   0x00000010   Data   RO         1337    .rodata.AHBPrescTable  system_stm32f4xx.o
    0x0800de1c   0x0800de1c   0x00000008   Data   RO         1338    .rodata.APBPrescTable  system_stm32f4xx.o
    0x0800de24   0x0800de24   0x00000001   Data   RO          132    .rodata.RxBufSize   main.o
    0x0800de25   0x0800de25   0x00000008   Data   RO          652    .rodata.cst8        stm32f4xx_hal_dma.o
    0x0800de2d   0x0800de2d   0x00000003   PAD
    0x0800de30   0x0800de30   0x00000804   Data   RO         1894    .rodata.sinTable_f32  commontables.o
    0x0800e634   0x0800e634   0x00000003   Data   RO          134    .rodata.str1.1      main.o
    0x0800e637   0x0800e637   0x00000001   PAD
    0x0800e638   0x0800e638   0x00000020   Data   RO         3930    Region$$Table       anon$$obj.o
    0x0800e658   0x0800e658   0x00000008   Data   RO         3753    c$$dinf             fz_wm.l(fpconst.o)
    0x0800e660   0x0800e660   0x00000008   Data   RO         3756    c$$dmax             fz_wm.l(fpconst.o)
    0x0800e668   0x0800e668   0x0000001c   Data   RO         3739    locale$$data        c_w.l(lc_numeric_c.o)
    0x0800e684   0x0800e684   0x00000110   Data   RO         3858    locale$$data        c_w.l(lc_ctype_c.o)


    Execution Region RW_IRAM1 (Exec base: 0x20000000, Load base: 0x0800e798, Size: 0x00002630, Max: 0x00020000, ABSOLUTE, COMPRESSED[0x000000f8])

    Exec Addr    Load Addr    Size         Type   Attr      Idx    E Section Name        Object

    0x20000000   COMPRESSED   0x00000020   Data   RW          149    .data..L_MergedGlobals  main.o
    0x20000020   COMPRESSED   0x00000008   Data   RW          832    .data..L_MergedGlobals  stm32f4xx_hal.o
    0x20000028   COMPRESSED   0x0000001c   Data   RW         1370    .data.FS_Desc       usbd_desc.o
    0x20000044   COMPRESSED   0x00000004   PAD
    0x20000048   COMPRESSED   0x00000090   Data   RW          131    .data.MPU6050entity1  main.o
    0x200000d8   COMPRESSED   0x00000004   Data   RW         1336    .data.SystemCoreClock  system_stm32f4xx.o
    0x200000dc   COMPRESSED   0x00000038   Data   RW         1599    .data.USBD_CDC      usbd_cdc.o
    0x20000114   COMPRESSED   0x00000043   Data   RW         1601    .data.USBD_CDC_CfgFSDesc  usbd_cdc.o
    0x20000157   COMPRESSED   0x00000001   PAD
    0x20000158   COMPRESSED   0x00000043   Data   RW         1602    .data.USBD_CDC_CfgHSDesc  usbd_cdc.o
    0x2000019b   COMPRESSED   0x00000001   PAD
    0x2000019c   COMPRESSED   0x0000000a   Data   RW         1600    .data.USBD_CDC_DeviceQualifierDesc  usbd_cdc.o
    0x200001a6   COMPRESSED   0x00000002   PAD
    0x200001a8   COMPRESSED   0x00000043   Data   RW         1603    .data.USBD_CDC_OtherSpeedCfgDesc  usbd_cdc.o
    0x200001eb   COMPRESSED   0x00000001   PAD
    0x200001ec   COMPRESSED   0x00000012   Data   RW         1371    .data.USBD_FS_DeviceDesc  usbd_desc.o
    0x200001fe   COMPRESSED   0x00000002   PAD
    0x20000200   COMPRESSED   0x00000014   Data   RW         1395    .data.USBD_Interface_fops_FS  usbd_cdc_if.o
    0x20000214   COMPRESSED   0x00000004   Data   RW         1372    .data.USBD_LangIDDesc  usbd_desc.o
    0x20000218   COMPRESSED   0x0000001a   Data   RW         1373    .data.USBD_StringSerial  usbd_desc.o
    0x20000232   COMPRESSED   0x00000006   PAD
    0x20000238        -       0x00000060   Zero   RW         3666    .bss                c_w.l(libspace.o)
    0x20000298        -       0x00000010   Zero   RW           77    .bss..L_MergedGlobals  micros.o
    0x200002a8        -       0x00000070   Zero   RW          150    .bss..L_MergedGlobals.1  main.o
    0x20000318        -       0x00000074   Zero   RW          151    .bss..L_MergedGlobals.2  main.o
    0x2000038c        -       0x00000040   Zero   RW          133    .bss.RxPayload      main.o
    0x200003cc        -       0x00000001   Zero   RW         1538    .bss.USBD_SetConfig.cfgidx  usbd_ctlreq.o
    0x200003cd   COMPRESSED   0x00000003   PAD
    0x200003d0        -       0x00000200   Zero   RW         1374    .bss.USBD_StrDesc   usbd_desc.o
    0x200005d0        -       0x00000220   Zero   RW         1469    .bss.USBD_static_malloc.mem  usbd_conf.o
    0x200007f0        -       0x00000800   Zero   RW         1396    .bss.UserRxBufferFS  usbd_cdc_if.o
    0x20000ff0        -       0x00000800   Zero   RW         1397    .bss.UserTxBufferFS  usbd_cdc_if.o
    0x200017f0        -       0x000002d0   Zero   RW         1349    .bss.hUsbDeviceFS   usb_device.o
    0x20001ac0        -       0x00000060   Zero   RW          185    .bss.hdma_i2c1_rx   i2c.o
    0x20001b20        -       0x00000054   Zero   RW          184    .bss.hi2c1          i2c.o
    0x20001b74        -       0x00000408   Zero   RW         1468    .bss.hpcd_USB_OTG_FS  usbd_conf.o
    0x20001f7c        -       0x00000048   Zero   RW          204    .bss.htim3          tim.o
    0x20001fc4        -       0x00000048   Zero   RW          205    .bss.htim4          tim.o
    0x2000200c        -       0x00000020   Zero   RW          538    .bss.pFlash         stm32f4xx_hal_flash.o
    0x2000202c        -       0x00000004   Zero   RW          831    .bss.uwTick         stm32f4xx_hal.o
    0x20002030        -       0x00000200   Zero   RW            2    HEAP                startup_stm32f411xe.o
    0x20002230        -       0x00000400   Zero   RW            1    STACK               startup_stm32f411xe.o


==============================================================================

Image component sizes


      Code (inc. data)   RO Data    RW Data    ZI Data      Debug   Object Name

         0          0       2052          0          0      10755   commontables.o
        56          0          0          0          0       3062   dma.o
       288         24          0          0          0      32476   fastmathfunctions.o
       182          0          0          0          0       3624   gpio.o
       272          0          0          0        180       6847   i2c.o
      3582        132          4        176        292      16280   main.o
      4508         24          0          0          0      21691   matrix.o
       196          0          0          0         16       4711   micros.o
      1708         36          0          0          0      11104   mpu6050.o
        64         26        408          0       1536        884   startup_stm32f411xe.o
       204          0          0          8          4       6909   stm32f4xx_hal.o
       194          0          0          0          0      10035   stm32f4xx_hal_cortex.o
       844          6          8          0          0      10573   stm32f4xx_hal_dma.o
       348          0          0          0         32       5500   stm32f4xx_hal_flash.o
       158          0          0          0          0       7148   stm32f4xx_hal_flash_ex.o
       502          0          0          0          0       5372   stm32f4xx_hal_gpio.o
      7758         16          0          0          0      53673   stm32f4xx_hal_i2c.o
        92          0          0          0          0       3132   stm32f4xx_hal_msp.o
      3018          0          0          0          0      15302   stm32f4xx_hal_pcd.o
       244          0          0          0          0       4567   stm32f4xx_hal_pcd_ex.o
      1396          0          0          0          0       7441   stm32f4xx_hal_rcc.o
      2310          6          0          0          0      56022   stm32f4xx_hal_tim.o
       148          0          0          0          0      21099   stm32f4xx_hal_tim_ex.o
       120          0          0          0          0      10193   stm32f4xx_it.o
      3738          0          0          0          0      33870   stm32f4xx_ll_usb.o
        18          0         24          4          0       2725   system_stm32f4xx.o
       488          0          0          0        144       8323   tim.o
       114          0          0          0        720       3110   usb_device.o
       876         12          0        267          0      10610   usbd_cdc.o
       192          0          0         20       4096       5076   usbd_cdc_if.o
       760          0          0          0       1576      17586   usbd_conf.o
       776          0          0          0          0       8445   usbd_core.o
      1586         34          0          0          1       9956   usbd_ctlreq.o
       560         72          0         76        512       4140   usbd_desc.o
       128          0          0          0          0       4622   usbd_ioreq.o

    ----------------------------------------------------------------------
     37692        388       2532        564       9116     436863   Object Totals
         0          0         32          0          0          0   (incl. Generated)
       264          0          4         13          7          0   (incl. Padding)

    ----------------------------------------------------------------------

      Code (inc. data)   RO Data    RW Data    ZI Data      Debug   Library Member Name

        60          8          0          0          0         84   __0sscanf.o
        90          0          0          0          0          0   __dczerorl2.o
         8          0          0          0          0         68   __main.o
         0          0          0          0          0          0   __rtentry.o
        12          0          0          0          0          0   __rtentry2.o
         6          0          0          0          0          0   __rtentry4.o
        52          8          0          0          0          0   __scatter.o
        28          0          0          0          0          0   __scatter_zi.o
        28          0          0          0          0         68   _chval.o
        22          0          0          0          0        100   _rserrno.o
       884          6          0          0          0        100   _scanf.o
        64          0          0          0          0         84   _sgetc.o
       228          4        148          0          0         96   bigflt0.o
      1924        136          0          0          0        752   btod.o
        10          0          0          0          0         68   defsig_exit.o
        50          0          0          0          0         88   defsig_general.o
        80         58          0          0          0         76   defsig_rtmem_inner.o
        14          0          0          0          0         80   defsig_rtmem_outer.o
        18          0          0          0          0         80   exit.o
        94          0          0          0          0         80   h1_alloc.o
        52          0          0          0          0         68   h1_extend.o
        78          0          0          0          0         80   h1_free.o
        14          0          0          0          0         84   h1_init.o
         6          0          0          0          0        152   heapauxi.o
         4          0          0          0          0        136   hguard.o
         0          0          0          0          0          0   indicate_semi.o
       138          0          0          0          0        168   init_alloc.o
        18          0          0          0          0         76   isspace.o
        44         10        272          0          0         76   lc_ctype_c.o
        44         10         28          0          0         76   lc_numeric_c.o
         2          0          0          0          0          0   libinit.o
        42          0          0          0          0          0   libinit2.o
         2          0          0          0          0          0   libshutdown.o
         2          0          0          0          0          0   libshutdown2.o
         8          4          0          0         96         68   libspace.o
        38          0          0          0          0         68   llshl.o
       240          0          0          0          0        100   lludivv7m.o
         0          0          0          0          0          0   maybetermalloc1.o
        16          4          0          0          0         76   rt_ctype_table.o
         8          4          0          0          0         68   rt_errno_addr_intlibspace.o
         8          4          0          0          0         68   rt_heap_descriptor_intlibspace.o
         8          4          0          0          0         68   rt_locale_intlibspace.o
        68          0          0          0          0         68   rt_memclr.o
        78          0          0          0          0         80   rt_memclr_w.o
       138          0          0          0          0         68   rt_memcpy_v6.o
       100          0          0          0          0         80   rt_memcpy_w.o
         2          0          0          0          0          0   rtexit.o
        10          0          0          0          0          0   rtexit2.o
        44          8          0          0          0         84   scanf_char.o
      1286         16          0          0          0        236   scanf_fp.o
       800         14          0          0          0        100   scanf_hexfp.o
       308         16          0          0          0        100   scanf_infnan.o
       124          0          0          0          0         88   strcmpv7em.o
        62          0          0          0          0         76   strlen.o
        12          4          0          0          0         68   sys_exit.o
        74          0          0          0          0         80   sys_stackheap_outer.o
        14          0          0          0          0         76   sys_wrch.o
         2          0          0          0          0         68   use_no_semi.o
        24          0          0          0          0        164   basic.o
        98          4          0          0          0        140   d2f.o
       834         16          0          0          0        516   daddsub_clz.o
        16          4          0          0          0        116   dcheck1.o
        84          0          0          0          0        244   dcmp.o
        24          0          0          0          0        116   dcmpi.o
       692        140          0          0          0        264   ddiv.o
       120          4          0          0          0        140   deqf.o
        94          4          0          0          0        140   dfix.o
        84          0          0          0          0        232   dflt_clz.o
       138          0          0          0          0        132   dfltll_clz.o
       120          4          0          0          0        140   dgeqf.o
       120          4          0          0          0        140   dleqf.o
       340         12          0          0          0        152   dmul.o
       156          4          0          0          0        140   dnaninf.o
        12          0          0          0          0        116   dretinf.o
       108          0          0          0          0        128   drleqf.o
       408         56          0          0          0        168   dsqrt_umaal.o
        86          4          0          0          0        132   f2d.o
        96          0          0          0          0        132   ffltll_clz.o
       140          4          0          0          0        132   fnaninf.o
         0          0         16          0          0          0   fpconst.o
        26          0          0          0          0        116   fpinit.o
        10          0          0          0          0        116   fretinf.o
         6          0          0          0          0        116   istatus.o
       100          0          0          0          0        116   retnan.o
        92          0          0          0          0        116   scalbn.o
         4          0          0          0          0        116   scanf1.o
         8          0          0          0          0        132   scanf2.o
        48          0          0          0          0        116   trapv.o
         0          0          0          0          0          0   usenofp.o
       856        118         80          0          0        288   acos.o
       280         46          0          0          0        176   acosf.o
       368         46         48          0          0        200   cos_i.o
       116         24          0          0          0        496   dunder.o
        24          0          0          0          0        124   fabs.o
        48          0          0          0          0        124   fpclassify.o
        38          0          0          0          0        116   fpclassifyf.o
       140         22          0          0          0        132   frexp.o
        80         24          0          0          0        696   funder.o
       228          8          0          0          0        308   ldexp.o
       266         16          0          0          0        308   narrow.o
       248          0          0          0          0        152   poly.o
      1636        110        320          0          0        372   powf.o
      1080        142        204          0          0        188   rred.o
       200         20          0          0          0        164   sin.o
       304         24         40          0          0        208   sin_i.o
       232          0          0          0          0        296   sqrt.o
        62          0          0          0          0        136   sqrtf.o

    ----------------------------------------------------------------------
     17900       1182       1160          0         96      13540   Library Totals
        40          4          4          0          0          0   (incl. Padding)

    ----------------------------------------------------------------------

      Code (inc. data)   RO Data    RW Data    ZI Data      Debug   Library Name

      7566        318        448          0         96       4528   c_w.l
      4088        260         16          0          0       4528   fz_wm.l
      6206        600        692          0          0       4484   m_wm.l

    ----------------------------------------------------------------------
     17900       1182       1160          0         96      13540   Library Totals

    ----------------------------------------------------------------------

==============================================================================


      Code (inc. data)   RO Data    RW Data    ZI Data      Debug   

     55592       1570       3692        564       9212     441315   Grand Totals
     55592       1570       3692        248       9212     441315   ELF Image Totals (compressed)
     55592       1570       3692        248          0          0   ROM Totals

==============================================================================

    Total RO  Size (Code + RO Data)                59284 (  57.89kB)
    Total RW  Size (RW Data + ZI Data)              9776 (   9.55kB)
    Total ROM Size (Code + RO Data + RW Data)      59532 (  58.14kB)

==============================================================================

