Component: Arm Compiler for Embedded 6.18 Tool: armlink [5e4cc100]

==============================================================================

Section Cross References

    startup_stm32f411xe.o(STACK) refers (Special) to heapauxi.o(.text) for __use_two_region_memory
    startup_stm32f411xe.o(HEAP) refers (Special) to heapauxi.o(.text) for __use_two_region_memory
    startup_stm32f411xe.o(RESET) refers (Special) to heapauxi.o(.text) for __use_two_region_memory
    startup_stm32f411xe.o(RESET) refers to startup_stm32f411xe.o(STACK) for __initial_sp
    startup_stm32f411xe.o(RESET) refers to startup_stm32f411xe.o(.text) for Reset_Handler
    startup_stm32f411xe.o(RESET) refers to stm32f4xx_it.o(.text.NMI_Handler) for NMI_Handler
    startup_stm32f411xe.o(RESET) refers to stm32f4xx_it.o(.text.HardFault_Handler) for HardFault_Handler
    startup_stm32f411xe.o(RESET) refers to stm32f4xx_it.o(.text.MemManage_Handler) for MemManage_Handler
    startup_stm32f411xe.o(RESET) refers to stm32f4xx_it.o(.text.BusFault_Handler) for BusFault_Handler
    startup_stm32f411xe.o(RESET) refers to stm32f4xx_it.o(.text.UsageFault_Handler) for UsageFault_Handler
    startup_stm32f411xe.o(RESET) refers to stm32f4xx_it.o(.text.SVC_Handler) for SVC_Handler
    startup_stm32f411xe.o(RESET) refers to stm32f4xx_it.o(.text.DebugMon_Handler) for DebugMon_Handler
    startup_stm32f411xe.o(RESET) refers to stm32f4xx_it.o(.text.PendSV_Handler) for PendSV_Handler
    startup_stm32f411xe.o(RESET) refers to stm32f4xx_it.o(.text.SysTick_Handler) for SysTick_Handler
    startup_stm32f411xe.o(RESET) refers to stm32f4xx_it.o(.text.FLASH_IRQHandler) for FLASH_IRQHandler
    startup_stm32f411xe.o(RESET) refers to stm32f4xx_it.o(.text.EXTI0_IRQHandler) for EXTI0_IRQHandler
    startup_stm32f411xe.o(RESET) refers to stm32f4xx_it.o(.text.DMA1_Stream0_IRQHandler) for DMA1_Stream0_IRQHandler
    startup_stm32f411xe.o(RESET) refers to stm32f4xx_it.o(.text.TIM3_IRQHandler) for TIM3_IRQHandler
    startup_stm32f411xe.o(RESET) refers to stm32f4xx_it.o(.text.I2C1_EV_IRQHandler) for I2C1_EV_IRQHandler
    startup_stm32f411xe.o(RESET) refers to stm32f4xx_it.o(.text.I2C1_ER_IRQHandler) for I2C1_ER_IRQHandler
    startup_stm32f411xe.o(RESET) refers to stm32f4xx_it.o(.text.OTG_FS_IRQHandler) for OTG_FS_IRQHandler
    startup_stm32f411xe.o(RESET) refers to stm32f4xx_it.o(.text.FPU_IRQHandler) for FPU_IRQHandler
    startup_stm32f411xe.o(.text) refers (Special) to heapauxi.o(.text) for __use_two_region_memory
    startup_stm32f411xe.o(.text) refers to system_stm32f4xx.o(.text.SystemInit) for SystemInit
    startup_stm32f411xe.o(.text) refers to __main.o(!!!main) for __main
    startup_stm32f411xe.o(.text) refers to startup_stm32f411xe.o(HEAP) for Heap_Mem
    startup_stm32f411xe.o(.text) refers to startup_stm32f411xe.o(STACK) for Stack_Mem
    matrix.o(.ARM.exidx.text.matrixMultiplyByNumb) refers to matrix.o(.text.matrixMultiplyByNumb) for [Anonymous Symbol]
    matrix.o(.ARM.exidx.text.matrixSum) refers to matrix.o(.text.matrixSum) for [Anonymous Symbol]
    matrix.o(.text.matrixTranspose) refers to rt_memcpy_w.o(.text) for __aeabi_memcpy4
    matrix.o(.ARM.exidx.text.matrixTranspose) refers to matrix.o(.text.matrixTranspose) for [Anonymous Symbol]
    matrix.o(.ARM.exidx.text.matrixGE) refers to matrix.o(.text.matrixGE) for [Anonymous Symbol]
    matrix.o(.text.matrixMultiply) refers to rt_memcpy_w.o(.text) for __aeabi_memcpy4
    matrix.o(.ARM.exidx.text.matrixMultiply) refers to matrix.o(.text.matrixMultiply) for [Anonymous Symbol]
    matrix.o(.ARM.exidx.text.matrixZeroes) refers to matrix.o(.text.matrixZeroes) for [Anonymous Symbol]
    matrix.o(.ARM.exidx.text.matrixSE) refers to matrix.o(.text.matrixSE) for [Anonymous Symbol]
    matrix.o(.ARM.exidx.text.matrixEye) refers to matrix.o(.text.matrixEye) for [Anonymous Symbol]
    matrix.o(.ARM.exidx.text.matrixDot) refers to matrix.o(.text.matrixDot) for [Anonymous Symbol]
    matrix.o(.ARM.exidx.text.matrixCross) refers to matrix.o(.text.matrixCross) for [Anonymous Symbol]
    matrix.o(.text.matrixRotZ) refers to f2d.o(x$fpl$f2d) for __aeabi_f2d
    matrix.o(.text.matrixRotZ) refers to dmul.o(x$fpl$dmul) for __aeabi_dmul
    matrix.o(.text.matrixRotZ) refers to d2f.o(x$fpl$d2f) for __aeabi_d2f
    matrix.o(.text.matrixRotZ) refers to sin.o(i.__hardfp_sin) for __hardfp_sin
    matrix.o(.text.matrixRotZ) refers to cos.o(i.__hardfp_cos) for __hardfp_cos
    matrix.o(.ARM.exidx.text.matrixRotZ) refers to matrix.o(.text.matrixRotZ) for [Anonymous Symbol]
    matrix.o(.text.matrixRotY) refers to f2d.o(x$fpl$f2d) for __aeabi_f2d
    matrix.o(.text.matrixRotY) refers to dmul.o(x$fpl$dmul) for __aeabi_dmul
    matrix.o(.text.matrixRotY) refers to d2f.o(x$fpl$d2f) for __aeabi_d2f
    matrix.o(.text.matrixRotY) refers to sin.o(i.__hardfp_sin) for __hardfp_sin
    matrix.o(.text.matrixRotY) refers to cos.o(i.__hardfp_cos) for __hardfp_cos
[...]
    HAL_RCC_GetPCLK1Freq                     0x08003059   Thumb Code    38  stm32f4xx_hal_rcc.o(.text.HAL_RCC_GetPCLK1Freq)
    HAL_RCC_GetSysClockFreq                  0x08003081   Thumb Code   106  stm32f4xx_hal_rcc.o(.text.HAL_RCC_GetSysClockFreq)
    HAL_RCC_OscConfig                        0x080030ed   Thumb Code   888  stm32f4xx_hal_rcc.o(.text.HAL_RCC_OscConfig)
    HAL_SYSTICK_Config                       0x08003465   Thumb Code    44  stm32f4xx_hal_cortex.o(.text.HAL_SYSTICK_Config)
    HAL_TIMEx_BreakCallback                  0x08003491   Thumb Code     2  stm32f4xx_hal_tim_ex.o(.text.HAL_TIMEx_BreakCallback)
    HAL_TIMEx_CommutCallback                 0x08003495   Thumb Code     2  stm32f4xx_hal_tim_ex.o(.text.HAL_TIMEx_CommutCallback)
    HAL_TIMEx_MasterConfigSynchronization    0x08003499   Thumb Code   144  stm32f4xx_hal_tim_ex.o(.text.HAL_TIMEx_MasterConfigSynchronization)
    HAL_TIM_Base_Init                        0x08003529   Thumb Code   316  stm32f4xx_hal_tim.o(.text.HAL_TIM_Base_Init)
    HAL_TIM_Base_MspInit                     0x08003665   Thumb Code   118  tim.o(.text.HAL_TIM_Base_MspInit)
    HAL_TIM_Base_Start_IT                    0x080036dd   Thumb Code   132  stm32f4xx_hal_tim.o(.text.HAL_TIM_Base_Start_IT)
    HAL_TIM_ConfigClockSource                0x08003761   Thumb Code   412  stm32f4xx_hal_tim.o(.text.HAL_TIM_ConfigClockSource)
    HAL_TIM_IC_CaptureCallback               0x080038fd   Thumb Code     2  stm32f4xx_hal_tim.o(.text.HAL_TIM_IC_CaptureCallback)
    HAL_TIM_IRQHandler                       0x08003901   Thumb Code   368  stm32f4xx_hal_tim.o(.text.HAL_TIM_IRQHandler)
    HAL_TIM_OC_DelayElapsedCallback          0x08003a71   Thumb Code     2  stm32f4xx_hal_tim.o(.text.HAL_TIM_OC_DelayElapsedCallback)
    HAL_TIM_PWM_ConfigChannel                0x08003a75   Thumb Code   510  stm32f4xx_hal_tim.o(.text.HAL_TIM_PWM_ConfigChannel)
    HAL_TIM_PWM_Init                         0x08003c75   Thumb Code   316  stm32f4xx_hal_tim.o(.text.HAL_TIM_PWM_Init)
    HAL_TIM_PWM_MspInit                      0x08003db1   Thumb Code     2  stm32f4xx_hal_tim.o(.text.HAL_TIM_PWM_MspInit)
    HAL_TIM_PWM_PulseFinishedCallback        0x08003db5   Thumb Code     2  stm32f4xx_hal_tim.o(.text.HAL_TIM_PWM_PulseFinishedCallback)
    HAL_TIM_PWM_Start                        0x08003db9   Thumb Code   244  stm32f4xx_hal_tim.o(.text.HAL_TIM_PWM_Start)
    HAL_TIM_PeriodElapsedCallback            0x08003ead   Thumb Code     2  stm32f4xx_hal_tim.o(.text.HAL_TIM_PeriodElapsedCallback)
    HAL_TIM_TriggerCallback                  0x08003eb1   Thumb Code     2  stm32f4xx_hal_tim.o(.text.HAL_TIM_TriggerCallback)
    HardFault_Handler                        0x08003eb5   Thumb Code     2  stm32f4xx_it.o(.text.HardFault_Handler)
    I2C1_ER_IRQHandler                       0x08003eb9   Thumb Code    12  stm32f4xx_it.o(.text.I2C1_ER_IRQHandler)
    I2C1_EV_IRQHandler                       0x08003ec5   Thumb Code    22  stm32f4xx_it.o(.text.I2C1_EV_IRQHandler)
    MPU9255_ACC_GYRO_isReady                 0x08004ddd   Thumb Code    16  mpu9255.o(.text.MPU9255_ACC_GYRO_isReady)
    MPU9255_IT                               0x08004ded   Thumb Code    34  mpu9255.o(.text.MPU9255_IT)
    MPU9255_cycle                            0x08004e11   Thumb Code   764  mpu9255.o(.text.MPU9255_cycle)
    MPU9255setup                             0x0800510d   Thumb Code   188  mpu9255.o(.text.MPU9255setup)
    MX_DMA_Init                              0x080051c9   Thumb Code    56  dma.o(.text.MX_DMA_Init)
    MX_GPIO_Init                             0x08005201   Thumb Code   182  gpio.o(.text.MX_GPIO_Init)
    MX_I2C1_Init                             0x080052b9   Thumb Code    66  i2c.o(.text.MX_I2C1_Init)
    MX_TIM3_Init                             0x080052fd   Thumb Code   116  tim.o(.text.MX_TIM3_Init)
    MX_TIM4_Init                             0x08005371   Thumb Code   254  tim.o(.text.MX_TIM4_Init)
    MX_USB_DEVICE_Init                       0x08005471   Thumb Code   114  usb_device.o(.text.MX_USB_DEVICE_Init)
    MemManage_Handler                        0x080054e5   Thumb Code     2  stm32f4xx_it.o(.text.MemManage_Handler)
    NMI_Handler                              0x080054e9   Thumb Code     2  stm32f4xx_it.o(.text.NMI_Handler)
    OTG_FS_IRQHandler                        0x080054ed   Thumb Code    12  stm32f4xx_it.o(.text.OTG_FS_IRQHandler)
    PID                                      0x080054f9   Thumb Code   724  main.o(.text.PID)
    PendSV_Handler                           0x080057cd   Thumb Code     2  stm32f4xx_it.o(.text.PendSV_Handler)
    SVC_Handler                              0x080057d1   Thumb Code     2  stm32f4xx_it.o(.text.SVC_Handler)
    SysTick_Handler                          0x080057d5   Thumb Code     4  stm32f4xx_it.o(.text.SysTick_Handler)
    SystemClock_Config                       0x080057d9   Thumb Code   172  main.o(.text.SystemClock_Config)
    SystemInit                               0x08005885   Thumb Code    18  system_stm32f4xx.o(.text.SystemInit)
    TIM3_IRQHandler                          0x08005899   Thumb Code    22  stm32f4xx_it.o(.text.TIM3_IRQHandler)
    USBD_CDC_GetDeviceQualifierDescriptor    0x080059c5   Thumb Code    16  usbd_cdc.o(.text.USBD_CDC_GetDeviceQualifierDescriptor)
    USBD_CDC_ReceivePacket                   0x08005a9d   Thumb Code    44  usbd_cdc.o(.text.USBD_CDC_ReceivePacket)
    USBD_CDC_RegisterInterface               0x08005ac9   Thumb Code    14  usbd_cdc.o(.text.USBD_CDC_RegisterInterface)
    USBD_CDC_SetRxBuffer                     0x08005ad9   Thumb Code    18  usbd_cdc.o(.text.USBD_CDC_SetRxBuffer)
    USBD_CDC_SetTxBuffer                     0x08005aed   Thumb Code    22  usbd_cdc.o(.text.USBD_CDC_SetTxBuffer)
    USBD_CDC_TransmitPacket                  0x08005bf1   Thumb Code    54  usbd_cdc.o(.text.USBD_CDC_TransmitPacket)
    USBD_ClrClassConfig                      0x08005c29   Thumb Code    16  usbd_core.o(.text.USBD_ClrClassConfig)
    USBD_CtlContinueRx                       0x08005c39   Thumb Code    16  usbd_ioreq.o(.text.USBD_CtlContinueRx)
    USBD_CtlContinueSendData                 0x08005c49   Thumb Code    16  usbd_ioreq.o(.text.USBD_CtlContinueSendData)
    USBD_CtlError                            0x08005c59   Thumb Code    22  usbd_ctlreq.o(.text.USBD_CtlError)
    USBD_CtlPrepareRx                        0x08005c71   Thumb Code    26  usbd_ioreq.o(.text.USBD_CtlPrepareRx)
    USBD_CtlReceiveStatus                    0x08005c8d   Thumb Code    22  usbd_ioreq.o(.text.USBD_CtlReceiveStatus)
    USBD_CtlSendData                         0x08005ca5   Thumb Code    26  usbd_ioreq.o(.text.USBD_CtlSendData)
    USBD_CtlSendStatus                       0x08005cc1   Thumb Code    22  usbd_ioreq.o(.text.USBD_CtlSendStatus)
    USBD_FS_ConfigStrDescriptor              0x08005cd9   Thumb Code    24  usbd_desc.o(.text.USBD_FS_ConfigStrDescriptor)
    USBD_FS_DeviceDescriptor                 0x08005cfd   Thumb Code    14  usbd_desc.o(.text.USBD_FS_DeviceDescriptor)
    USBD_FS_InterfaceStrDescriptor           0x08005d0d   Thumb Code    24  usbd_desc.o(.text.USBD_FS_InterfaceStrDescriptor)
    USBD_FS_LangIDStrDescriptor              0x08005d35   Thumb Code    14  usbd_desc.o(.text.USBD_FS_LangIDStrDescriptor)
    USBD_FS_ManufacturerStrDescriptor        0x08005d45   Thumb Code    24  usbd_desc.o(.text.USBD_FS_ManufacturerStrDescriptor)
    USBD_FS_ProductStrDescriptor             0x08005d71   Thumb Code    24  usbd_desc.o(.text.USBD_FS_ProductStrDescriptor)
    USBD_FS_SerialStrDescriptor              0x08005da1   Thumb Code   364  usbd_desc.o(.text.USBD_FS_SerialStrDescriptor)
    USBD_GetString                           0x08005f0d   Thumb Code   218  usbd_ctlreq.o(.text.USBD_GetString)
    USBD_Init                                0x08005fe9   Thumb Code    42  usbd_core.o(.text.USBD_Init)
    USBD_LL_ClearStallEP                     0x08006015   Thumb Code    34  usbd_conf.o(.text.USBD_LL_ClearStallEP)
    USBD_LL_CloseEP                          0x08006039   Thumb Code    34  usbd_conf.o(.text.USBD_LL_CloseEP)
    USBD_LL_DataInStage                      0x0800605d   Thumb Code   168  usbd_core.o(.text.USBD_LL_DataInStage)
    USBD_LL_DataOutStage                     0x08006105   Thumb Code   110  usbd_core.o(.text.USBD_LL_DataOutStage)
    USBD_LL_DevConnected                     0x08006175   Thumb Code     4  usbd_core.o(.text.USBD_LL_DevConnected)
    USBD_LL_DevDisconnected                  0x08006179   Thumb Code    24  usbd_core.o(.text.USBD_LL_DevDisconnected)
    USBD_LL_GetRxDataSize                    0x08006191   Thumb Code     8  usbd_conf.o(.text.USBD_LL_GetRxDataSize)
    USBD_LL_Init                             0x08006199   Thumb Code   112  usbd_conf.o(.text.USBD_LL_Init)
    USBD_LL_IsStallEP                        0x08006209   Thumb Code    32  usbd_conf.o(.text.USBD_LL_IsStallEP)
    USBD_LL_IsoINIncomplete                  0x08006229   Thumb Code    32  usbd_core.o(.text.USBD_LL_IsoINIncomplete)
    USBD_LL_IsoOUTIncomplete                 0x08006249   Thumb Code    32  usbd_core.o(.text.USBD_LL_IsoOUTIncomplete)
    USBD_LL_OpenEP                           0x08006269   Thumb Code    40  usbd_conf.o(.text.USBD_LL_OpenEP)
    USBD_LL_PrepareReceive                   0x08006291   Thumb Code    34  usbd_conf.o(.text.USBD_LL_PrepareReceive)
    USBD_LL_Reset                            0x080062b5   Thumb Code   104  usbd_core.o(.text.USBD_LL_Reset)
    USBD_LL_Resume                           0x0800631d   Thumb Code    20  usbd_core.o(.text.USBD_LL_Resume)
    USBD_LL_SOF                              0x08006331   Thumb Code    32  usbd_core.o(.text.USBD_LL_SOF)
    USBD_LL_SetSpeed                         0x08006351   Thumb Code     8  usbd_core.o(.text.USBD_LL_SetSpeed)
    USBD_LL_SetUSBAddress                    0x08006359   Thumb Code    34  usbd_conf.o(.text.USBD_LL_SetUSBAddress)
    USBD_LL_SetupStage                       0x0800637d   Thumb Code    98  usbd_core.o(.text.USBD_LL_SetupStage)
    USBD_LL_StallEP                          0x080063e1   Thumb Code    34  usbd_conf.o(.text.USBD_LL_StallEP)
    USBD_LL_Start                            0x08006405   Thumb Code    34  usbd_conf.o(.text.USBD_LL_Start)
    USBD_LL_Suspend                          0x08006429   Thumb Code    20  usbd_core.o(.text.USBD_LL_Suspend)
    USBD_LL_Transmit                         0x0800643d   Thumb Code    34  usbd_conf.o(.text.USBD_LL_Transmit)
    USBD_ParseSetupRequest                   0x08006461   Thumb Code    22  usbd_ctlreq.o(.text.USBD_ParseSetupRequest)
    USBD_RegisterClass                       0x08006479   Thumb Code    46  usbd_core.o(.text.USBD_RegisterClass)
    USBD_SetClassConfig                      0x080064a9   Thumb Code    16  usbd_core.o(.text.USBD_SetClassConfig)
    USBD_Start                               0x080064b9   Thumb Code     4  usbd_core.o(.text.USBD_Start)
    USBD_StdDevReq                           0x080064bd   Thumb Code   872  usbd_ctlreq.o(.text.USBD_StdDevReq)
    USBD_StdEPReq                            0x08006825   Thumb Code   330  usbd_ctlreq.o(.text.USBD_StdEPReq)
    USBD_StdItfReq                           0x08006971   Thumb Code   122  usbd_ctlreq.o(.text.USBD_StdItfReq)
    USBD_static_free                         0x080069ed   Thumb Code     2  usbd_conf.o(.text.USBD_static_free)
    USBD_static_malloc                       0x080069f1   Thumb Code    10  usbd_conf.o(.text.USBD_static_malloc)
    USB_ActivateEndpoint                     0x080069fd   Thumb Code   138  stm32f4xx_ll_usb.o(.text.USB_ActivateEndpoint)
    USB_ActivateSetup                        0x08006a89   Thumb Code    32  stm32f4xx_ll_usb.o(.text.USB_ActivateSetup)
    USB_CoreInit                             0x08006aa9   Thumb Code   446  stm32f4xx_ll_usb.o(.text.USB_CoreInit)
    USB_DeactivateEndpoint                   0x08006c69   Thumb Code   132  stm32f4xx_ll_usb.o(.text.USB_DeactivateEndpoint)
    USB_DevConnect                           0x08006ced   Thumb Code    30  stm32f4xx_ll_usb.o(.text.USB_DevConnect)
    USB_DevDisconnect                        0x08006d0d   Thumb Code    30  stm32f4xx_ll_usb.o(.text.USB_DevDisconnect)
    USB_DevInit                              0x08006d2d   Thumb Code   982  stm32f4xx_ll_usb.o(.text.USB_DevInit)
    USB_DisableGlobalInt                     0x08007105   Thumb Code    14  stm32f4xx_ll_usb.o(.text.USB_DisableGlobalInt)
    USB_EP0StartXfer                         0x08007115   Thumb Code   252  stm32f4xx_ll_usb.o(.text.USB_EP0StartXfer)
    USB_EP0_OutStart                         0x08007211   Thumb Code    90  stm32f4xx_ll_usb.o(.text.USB_EP0_OutStart)
    USB_EPClearStall                         0x0800726d   Thumb Code    78  stm32f4xx_ll_usb.o(.text.USB_EPClearStall)
    USB_EPSetStall                           0x080072bd   Thumb Code    62  stm32f4xx_ll_usb.o(.text.USB_EPSetStall)
    USB_EPStartXfer                          0x080072fd   Thumb Code   512  stm32f4xx_ll_usb.o(.text.USB_EPStartXfer)
    USB_EnableGlobalInt                      0x080074fd   Thumb Code    14  stm32f4xx_ll_usb.o(.text.USB_EnableGlobalInt)
    USB_FlushTxFifo                          0x0800750d   Thumb Code    98  stm32f4xx_ll_usb.o(.text.USB_FlushTxFifo)
    USB_GetDevSpeed                          0x08007571   Thumb Code    26  stm32f4xx_ll_usb.o(.text.USB_GetDevSpeed)
    USB_GetMode                              0x0800758d   Thumb Code     8  stm32f4xx_ll_usb.o(.text.USB_GetMode)
    USB_ReadDevAllInEpInterrupt              0x08007595   Thumb Code    14  stm32f4xx_ll_usb.o(.text.USB_ReadDevAllInEpInterrupt)
    USB_ReadDevAllOutEpInterrupt             0x080075a5   Thumb Code    14  stm32f4xx_ll_usb.o(.text.USB_ReadDevAllOutEpInterrupt)
    USB_ReadDevInEPInterrupt                 0x080075b5   Thumb Code    36  stm32f4xx_ll_usb.o(.text.USB_ReadDevInEPInterrupt)
    USB_ReadDevOutEPInterrupt                0x080075d9   Thumb Code    16  stm32f4xx_ll_usb.o(.text.USB_ReadDevOutEPInterrupt)
    USB_ReadInterrupts                       0x080075e9   Thumb Code     8  stm32f4xx_ll_usb.o(.text.USB_ReadInterrupts)
    USB_ReadPacket                           0x080075f1   Thumb Code   170  stm32f4xx_ll_usb.o(.text.USB_ReadPacket)
    USB_SetCurrentMode                       0x0800769d   Thumb Code   100  stm32f4xx_ll_usb.o(.text.USB_SetCurrentMode)
    USB_SetDevAddress                        0x08007701   Thumb Code    34  stm32f4xx_ll_usb.o(.text.USB_SetDevAddress)
    USB_SetTurnaroundTime                    0x08007725   Thumb Code   288  stm32f4xx_ll_usb.o(.text.USB_SetTurnaroundTime)
    USB_WritePacket                          0x08007845   Thumb Code   114  stm32f4xx_ll_usb.o(.text.USB_WritePacket)
    UsageFault_Handler                       0x080078b9   Thumb Code     2  stm32f4xx_it.o(.text.UsageFault_Handler)
    gyroCalib                                0x080078c1   Thumb Code   308  mpu9255.o(.text.gyroCalib)
    initState                                0x080079f5   Thumb Code   312  main.o(.text.initState)
    main                                     0x08007b31   Thumb Code  1292  main.o(.text.main)
    matrixCopy                               0x0800803d   Thumb Code    56  matrix.o(.text.matrixCopy)
    matrixCross                              0x08008075   Thumb Code   108  matrix.o(.text.matrixCross)
    matrixDot                                0x080080e1   Thumb Code    70  matrix.o(.text.matrixDot)
    matrixEye                                0x08008129   Thumb Code   100  matrix.o(.text.matrixEye)
    matrixInvOrth                            0x0800818d   Thumb Code    10  matrix.o(.text.matrixInvOrth)
    matrixMultiply                           0x08008199   Thumb Code  1228  matrix.o(.text.matrixMultiply)
    matrixMultiplyByNumb                     0x08008665   Thumb Code   214  matrix.o(.text.matrixMultiplyByNumb)
    matrixNormVec                            0x0800873d   Thumb Code   282  matrix.o(.text.matrixNormVec)
    matrixRot3D                              0x08008859   Thumb Code   464  matrix.o(.text.matrixRot3D)
    matrixRotArbVec                          0x08008a29   Thumb Code   382  matrix.o(.text.matrixRotArbVec)
    matrixRotMatrixRotAngle                  0x08008ba9   Thumb Code   140  matrix.o(.text.matrixRotMatrixRotAngle)
    matrixRotZ                               0x08008c39   Thumb Code   128  matrix.o(.text.matrixRotZ)
    matrixSE                                 0x08008cb9   Thumb Code    36  matrix.o(.text.matrixSE)
    matrixSum                                0x08008cdd   Thumb Code   344  matrix.o(.text.matrixSum)
    matrixTranspose                          0x08008e35   Thumb Code   940  matrix.o(.text.matrixTranspose)
    matrixVecLen                             0x080091e1   Thumb Code   136  matrix.o(.text.matrixVecLen)
    matrixZeroes                             0x08009269   Thumb Code   102  matrix.o(.text.matrixZeroes)
    micros                                   0x080092d1   Thumb Code    26  micros.o(.text.micros)
    microsIT                                 0x080092ed   Thumb Code    30  micros.o(.text.microsIT)
    microsInit                               0x0800930d   Thumb Code    60  micros.o(.text.microsInit)
    microsStart                              0x08009349   Thumb Code    34  micros.o(.text.microsStart)
    microsUpdate                             0x0800936d   Thumb Code    46  micros.o(.text.microsUpdate)
    __ARM_fpclassify                         0x0800939b   Thumb Code    48  fpclassify.o(i.__ARM_fpclassify)
    __hardfp_acos                            0x080093d1   Thumb Code   738  acos.o(i.__hardfp_acos)
    __hardfp_cos                             0x08009729   Thumb Code   180  cos.o(i.__hardfp_cos)
    __hardfp_exp                             0x080097f1   Thumb Code   714  exp.o(i.__hardfp_exp)
    __hardfp_sin                             0x08009b49   Thumb Code   180  sin.o(i.__hardfp_sin)
    __hardfp_sqrt                            0x08009c11   Thumb Code   122  sqrt.o(i.__hardfp_sqrt)
    __ieee754_rem_pio2                       0x08009c91   Thumb Code   938  rred.o(i.__ieee754_rem_pio2)
    __kernel_cos                             0x0800a0c9   Thumb Code   322  cos_i.o(i.__kernel_cos)
    __kernel_poly                            0x0800a239   Thumb Code   248  poly.o(i.__kernel_poly)
    __kernel_sin                             0x0800a331   Thumb Code   280  sin_i.o(i.__kernel_sin)
    __mathlib_dbl_infnan                     0x0800a461   Thumb Code    20  dunder.o(i.__mathlib_dbl_infnan)
    __mathlib_dbl_invalid                    0x0800a479   Thumb Code    24  dunder.o(i.__mathlib_dbl_invalid)
    __mathlib_dbl_overflow                   0x0800a499   Thumb Code    24  dunder.o(i.__mathlib_dbl_overflow)
    __mathlib_dbl_underflow                  0x0800a4b9   Thumb Code    24  dunder.o(i.__mathlib_dbl_underflow)
    fabs                                     0x0800a4d9   Thumb Code    24  fabs.o(i.fabs)
    sqrt                                     0x0800a4f1   Thumb Code   110  sqrt.o(i.sqrt)
    __aeabi_dneg                             0x0800a55f   Thumb Code     0  basic.o(x$fpl$basic)
    _dneg                                    0x0800a55f   Thumb Code     6  basic.o(x$fpl$basic)
    __aeabi_fneg                             0x0800a565   Thumb Code     0  basic.o(x$fpl$basic)
    _fneg                                    0x0800a565   Thumb Code     6  basic.o(x$fpl$basic)
    _dabs                                    0x0800a56b   Thumb Code     6  basic.o(x$fpl$basic)
    _fabs                                    0x0800a571   Thumb Code     6  basic.o(x$fpl$basic)
    __aeabi_d2f                              0x0800a579   Thumb Code     0  d2f.o(x$fpl$d2f)
    _d2f                                     0x0800a579   Thumb Code    98  d2f.o(x$fpl$d2f)
    __aeabi_dadd                             0x0800a5dd   Thumb Code     0  daddsub_clz.o(x$fpl$dadd)
    _dadd                                    0x0800a5dd   Thumb Code   332  daddsub_clz.o(x$fpl$dadd)
    __fpl_dcmp_Inf                           0x0800a72d   Thumb Code    24  dcmpi.o(x$fpl$dcmpinf)
    __aeabi_ddiv                             0x0800a745   Thumb Code     0  ddiv.o(x$fpl$ddiv)
    _ddiv                                    0x0800a745   Thumb Code   556  ddiv.o(x$fpl$ddiv)
    __aeabi_cdcmpeq                          0x0800a9f9   Thumb Code     0  deqf.o(x$fpl$deqf)
    _dcmpeq                                  0x0800a9f9   Thumb Code   120  deqf.o(x$fpl$deqf)
    __aeabi_d2iz                             0x0800aa71   Thumb Code     0  dfix.o(x$fpl$dfix)
    _dfix                                    0x0800aa71   Thumb Code    94  dfix.o(x$fpl$dfix)
    __aeabi_i2d                              0x0800aacf   Thumb Code     0  dflt_clz.o(x$fpl$dflt)
    _dflt                                    0x0800aacf   Thumb Code    46  dflt_clz.o(x$fpl$dflt)
    __aeabi_ui2d                             0x0800aafd   Thumb Code     0  dflt_clz.o(x$fpl$dfltu)
    _dfltu                                   0x0800aafd   Thumb Code    38  dflt_clz.o(x$fpl$dfltu)
    __aeabi_cdcmpge                          0x0800ab25   Thumb Code     0  dgeqf.o(x$fpl$dgeqf)
    _dcmpge                                  0x0800ab25   Thumb Code   120  dgeqf.o(x$fpl$dgeqf)
    __aeabi_cdcmple                          0x0800ab9d   Thumb Code     0  dleqf.o(x$fpl$dleqf)
    _dcmple                                  0x0800ab9d   Thumb Code   120  dleqf.o(x$fpl$dleqf)
    __fpl_dcmple_InfNaN                      0x0800abff   Thumb Code     0  dleqf.o(x$fpl$dleqf)
    __aeabi_dmul                             0x0800ac15   Thumb Code     0  dmul.o(x$fpl$dmul)
    _dmul                                    0x0800ac15   Thumb Code   332  dmul.o(x$fpl$dmul)
    __fpl_dnaninf                            0x0800ad69   Thumb Code   156  dnaninf.o(x$fpl$dnaninf)
    __fpl_dretinf                            0x0800ae05   Thumb Code    12  dretinf.o(x$fpl$dretinf)
    __aeabi_cdrcmple                         0x0800ae11   Thumb Code     0  drleqf.o(x$fpl$drleqf)
    _drcmple                                 0x0800ae11   Thumb Code   108  drleqf.o(x$fpl$drleqf)
    __aeabi_drsub                            0x0800ae7d   Thumb Code     0  daddsub_clz.o(x$fpl$drsb)
    _drsb                                    0x0800ae7d   Thumb Code    22  daddsub_clz.o(x$fpl$drsb)
    _dsqrt                                   0x0800ae95   Thumb Code   404  dsqrt_umaal.o(x$fpl$dsqrt)
    __aeabi_dsub                             0x0800b02d   Thumb Code     0  daddsub_clz.o(x$fpl$dsub)
    _dsub                                    0x0800b02d   Thumb Code   472  daddsub_clz.o(x$fpl$dsub)
    __aeabi_f2d                              0x0800b209   Thumb Code     0  f2d.o(x$fpl$f2d)
    _f2d                                     0x0800b209   Thumb Code    86  f2d.o(x$fpl$f2d)
    __aeabi_dcmpeq                           0x0800b25f   Thumb Code     0  dcmp.o(x$fpl$fcmp)
    _deq                                     0x0800b25f   Thumb Code    14  dcmp.o(x$fpl$fcmp)
    _dneq                                    0x0800b26d   Thumb Code    14  dcmp.o(x$fpl$fcmp)
    __aeabi_dcmpgt                           0x0800b27b   Thumb Code     0  dcmp.o(x$fpl$fcmp)
    _dgr                                     0x0800b27b   Thumb Code    14  dcmp.o(x$fpl$fcmp)
    __aeabi_dcmpge                           0x0800b289   Thumb Code     0  dcmp.o(x$fpl$fcmp)
    _dgeq                                    0x0800b289   Thumb Code    14  dcmp.o(x$fpl$fcmp)
    __aeabi_dcmple                           0x0800b297   Thumb Code     0  dcmp.o(x$fpl$fcmp)
    _dleq                                    0x0800b297   Thumb Code    14  dcmp.o(x$fpl$fcmp)
    __aeabi_dcmplt                           0x0800b2a5   Thumb Code     0  dcmp.o(x$fpl$fcmp)
    _dls                                     0x0800b2a5   Thumb Code    14  dcmp.o(x$fpl$fcmp)
    __fpl_fnaninf                            0x0800b2b3   Thumb Code   140  fnaninf.o(x$fpl$fnaninf)
    _fp_init                                 0x0800b33f   Thumb Code    26  fpinit.o(x$fpl$fpinit)
    __fplib_config_fpu_vfp                   0x0800b357   Thumb Code     0  fpinit.o(x$fpl$fpinit)
    __fplib_config_pureend_doubles           0x0800b357   Thumb Code     0  fpinit.o(x$fpl$fpinit)
    __fpl_fretinf                            0x0800b359   Thumb Code    10  fretinf.o(x$fpl$fretinf)
    __I$use$fp                               0x0800b362   Number         0  usenofp.o(x$fpl$usenofp)
    AHBPrescTable                            0x0800b538   Data          16  system_stm32f4xx.o(.rodata.AHBPrescTable)
    APBPrescTable                            0x0800b548   Data           8  system_stm32f4xx.o(.rodata.APBPrescTable)
    Region$$Table$$Base                      0x0800b558   Number         0  anon$$obj.o(Region$$Table)
    Region$$Table$$Limit                     0x0800b578   Number         0  anon$$obj.o(Region$$Table)
    kp                                       0x20000000   Data           4  main.o(.data..L_MergedGlobals)
    ki                                       0x20000004   Data           4  main.o(.data..L_MergedGlobals)
    kd                                       0x20000008   Data           4  main.o(.data..L_MergedGlobals)
    ks                                       0x2000000c   Data           4  main.o(.data..L_MergedGlobals)
    reqAngle                                 0x20000010   Data           4  main.o(.data..L_MergedGlobals)
    Ilim                                     0x20000014   Data           4  main.o(.data..L_MergedGlobals)
    Plim                                     0x20000018   Data           4  main.o(.data..L_MergedGlobals)
    Dsigma                                   0x2000001c   Data           4  main.o(.data..L_MergedGlobals)
    PIDsumTau                                0x20000020   Data           4  main.o(.data..L_MergedGlobals)
    uwTickFreq                               0x20000024   Data           1  stm32f4xx_hal.o(.data..L_MergedGlobals)
    uwTickPrio                               0x20000028   Data           4  stm32f4xx_hal.o(.data..L_MergedGlobals)
    FS_Desc                                  0x2000002c   Data          28  usbd_desc.o(.data.FS_Desc)
    SystemCoreClock                          0x20000048   Data           4  system_stm32f4xx.o(.data.SystemCoreClock)
    USBD_CDC                                 0x2000004c   Data          56  usbd_cdc.o(.data.USBD_CDC)
    USBD_FS_DeviceDesc                       0x2000015c   Data          18  usbd_desc.o(.data.USBD_FS_DeviceDesc)
    USBD_Interface_fops_FS                   0x20000170   Data          20  usbd_cdc_if.o(.data.USBD_Interface_fops_FS)
    USBD_LangIDDesc                          0x20000184   Data           4  usbd_desc.o(.data.USBD_LangIDDesc)
    USBD_StringSerial                        0x20000188   Data          26  usbd_desc.o(.data.USBD_StringSerial)
    beamAngleTau                             0x200001a4   Data           4  main.o(.data.beamAngleTau)
    __libspace_start                         0x200001a8   Data          96  libspace.o(.bss)
    __temporary_stack_top$libspace           0x20000208   Data           0  libspace.o(.bss)
    accGyroMagOverload                       0x20000260   Data           1  main.o(.bss..L_MergedGlobals.1)
    P                                        0x20000264   Data           4  main.o(.bss..L_MergedGlobals.1)
    I                                        0x20000268   Data           4  main.o(.bss..L_MergedGlobals.1)
    D                                        0x2000026c   Data           4  main.o(.bss..L_MergedGlobals.1)
    S                                        0x20000270   Data           4  main.o(.bss..L_MergedGlobals.1)
    error                                    0x20000274   Data           4  main.o(.bss..L_MergedGlobals.1)
    errorPrev                                0x20000278   Data           4  main.o(.bss..L_MergedGlobals.1)
    PIDsum                                   0x2000027c   Data           4  main.o(.bss..L_MergedGlobals.1)
    PIDnormedKoef                            0x20000280   Data           4  main.o(.bss..L_MergedGlobals.1)
    PIDsumTmp                                0x20000284   Data           4  main.o(.bss..L_MergedGlobals.1)
    ACx                                      0x20000288   Data           4  main.o(.bss..L_MergedGlobals.1)
    ACy                                      0x2000028c   Data           4  main.o(.bss..L_MergedGlobals.1)
    ACz                                      0x20000290   Data           4  main.o(.bss..L_MergedGlobals.1)
    GYx                                      0x20000294   Data           4  main.o(.bss..L_MergedGlobals.1)
    GYy                                      0x20000298   Data           4  main.o(.bss..L_MergedGlobals.1)
    GYz                                      0x2000029c   Data           4  main.o(.bss..L_MergedGlobals.1)
    accTotal                                 0x200002a4   Data           4  main.o(.bss..L_MergedGlobals.1)
    periodS                                  0x200002a8   Data           4  main.o(.bss..L_MergedGlobals.1)
    GYxPrev                                  0x200002ac   Data           4  main.o(.bss..L_MergedGlobals.1)
    GYyPrev                                  0x200002b0   Data           4  main.o(.bss..L_MergedGlobals.1)
    GYzPrev                                  0x200002b4   Data           4  main.o(.bss..L_MergedGlobals.1)
    beamAngle                                0x200002b8   Data           4  main.o(.bss..L_MergedGlobals.1)
    cyclePeriod                              0x200002d0   Data          16  main.o(.bss..L_MergedGlobals.2)
    accGyroPeriod                            0x200002e0   Data          16  main.o(.bss..L_MergedGlobals.2)
    USBD_StrDesc                             0x20000308   Data         512  usbd_desc.o(.bss.USBD_StrDesc)
    UserRxBufferFS                           0x20000728   Data        2048  usbd_cdc_if.o(.bss.UserRxBufferFS)
    UserTxBufferFS                           0x20000f28   Data        2048  usbd_cdc_if.o(.bss.UserTxBufferFS)
    hUsbDeviceFS                             0x20001728   Data         720  usb_device.o(.bss.hUsbDeviceFS)
    hdma_i2c1_rx                             0x200019f8   Data          96  i2c.o(.bss.hdma_i2c1_rx)
    hi2c1                                    0x20001a58   Data          84  i2c.o(.bss.hi2c1)
    hpcd_USB_OTG_FS                          0x20001aac   Data        1032  usbd_conf.o(.bss.hpcd_USB_OTG_FS)
    htim3                                    0x20001eb4   Data          72  tim.o(.bss.htim3)
    htim4                                    0x20001efc   Data          72  tim.o(.bss.htim4)
    pFlash                                   0x20001f44   Data          32  stm32f4xx_hal_flash.o(.bss.pFlash)
    uwTick                                   0x20001f64   Data           4  stm32f4xx_hal.o(.bss.uwTick)



==============================================================================

Memory Map of the image

  Image Entry point : 0x08000199

  Load Region LR_IROM1 (Base: 0x08000000, Size: 0x0000b720, Max: 0x00080000, ABSOLUTE, COMPRESSED[0x0000b660])

    Execution Region ER_IROM1 (Exec base: 0x08000000, Load base: 0x08000000, Size: 0x0000b578, Max: 0x00080000, ABSOLUTE)

    Exec Addr    Load Addr    Size         Type   Attr      Idx    E Section Name        Object

    0x08000000   0x08000000   0x00000198   Data   RO            3    RESET               startup_stm32f411xe.o
    0x08000198   0x08000198   0x00000008   Code   RO         1659  * !!!main             c_w.l(__main.o)
    0x080001a0   0x080001a0   0x00000034   Code   RO         2009    !!!scatter          c_w.l(__scatter.o)
    0x080001d4   0x080001d4   0x0000005a   Code   RO         2007    !!dczerorl2         c_w.l(__dczerorl2.o)
    0x0800022e   0x0800022e   0x00000002   PAD
    0x08000230   0x08000230   0x0000001c   Code   RO         2011    !!handler_zi        c_w.l(__scatter_zi.o)
    0x0800024c   0x0800024c   0x00000002   Code   RO         1942    .ARM.Collect$$libinit$$00000000  c_w.l(libinit.o)
    0x0800024e   0x0800024e   0x00000004   Code   RO         1757    .ARM.Collect$$libinit$$00000001  c_w.l(libinit2.o)
    0x08000252   0x08000252   0x00000000   Code   RO         1760    .ARM.Collect$$libinit$$00000004  c_w.l(libinit2.o)
    0x08000252   0x08000252   0x00000000   Code   RO         1762    .ARM.Collect$$libinit$$00000006  c_w.l(libinit2.o)
    0x08000252   0x08000252   0x00000008   Code   RO         1763    .ARM.Collect$$libinit$$00000007  c_w.l(libinit2.o)
    0x0800025a   0x0800025a   0x00000000   Code   RO         1765    .ARM.Collect$$libinit$$0000000C  c_w.l(libinit2.o)
    0x0800025a   0x0800025a   0x00000000   Code   RO         1767    .ARM.Collect$$libinit$$0000000E  c_w.l(libinit2.o)
    0x0800025a   0x0800025a   0x00000000   Code   RO         1769    .ARM.Collect$$libinit$$00000010  c_w.l(libinit2.o)
    0x0800025a   0x0800025a   0x00000000   Code   RO         1772    .ARM.Collect$$libinit$$00000013  c_w.l(libinit2.o)
    0x0800025a   0x0800025a   0x00000000   Code   RO         1774    .ARM.Collect$$libinit$$00000015  c_w.l(libinit2.o)
    0x0800025a   0x0800025a   0x00000000   Code   RO         1776    .ARM.Collect$$libinit$$00000017  c_w.l(libinit2.o)
    0x0800025a   0x0800025a   0x00000000   Code   RO         1778    .ARM.Collect$$libinit$$00000019  c_w.l(libinit2.o)
    0x0800025a   0x0800025a   0x00000000   Code   RO         1780    .ARM.Collect$$libinit$$0000001B  c_w.l(libinit2.o)
    0x0800025a   0x0800025a   0x00000000   Code   RO         1782    .ARM.Collect$$libinit$$0000001D  c_w.l(libinit2.o)
    0x0800025a   0x0800025a   0x00000000   Code   RO         1784    .ARM.Collect$$libinit$$0000001F  c_w.l(libinit2.o)
    0x0800025a   0x0800025a   0x00000000   Code   RO         1786    .ARM.Collect$$libinit$$00000021  c_w.l(libinit2.o)
    0x0800025a   0x0800025a   0x00000000   Code   RO         1788    .ARM.Collect$$libinit$$00000023  c_w.l(libinit2.o)
    0x0800025a   0x0800025a   0x00000000   Code   RO         1790    .ARM.Collect$$libinit$$00000025  c_w.l(libinit2.o)
    0x0800025a   0x0800025a   0x00000000   Code   RO         1792    .ARM.Collect$$libinit$$00000027  c_w.l(libinit2.o)
    0x0800025a   0x0800025a   0x00000000   Code   RO         1796    .ARM.Collect$$libinit$$0000002E  c_w.l(libinit2.o)
    0x0800025a   0x0800025a   0x00000000   Code   RO         1798    .ARM.Collect$$libinit$$00000030  c_w.l(libinit2.o)
    0x0800025a   0x0800025a   0x00000000   Code   RO         1800    .ARM.Collect$$libinit$$00000032  c_w.l(libinit2.o)
    0x0800025a   0x0800025a   0x00000000   Code   RO         1802    .ARM.Collect$$libinit$$00000034  c_w.l(libinit2.o)
    0x0800025a   0x0800025a   0x00000002   Code   RO         1803    .ARM.Collect$$libinit$$00000035  c_w.l(libinit2.o)
    0x0800025c   0x0800025c   0x00000002   Code   RO         2004    .ARM.Collect$$libshutdown$$00000000  c_w.l(libshutdown.o)
    0x0800025e   0x0800025e   0x00000000   Code   RO         1960    .ARM.Collect$$libshutdown$$00000002  c_w.l(libshutdown2.o)
    0x0800025e   0x0800025e   0x00000000   Code   RO         1962    .ARM.Collect$$libshutdown$$00000004  c_w.l(libshutdown2.o)
    0x0800025e   0x0800025e   0x00000000   Code   RO         1965    .ARM.Collect$$libshutdown$$00000007  c_w.l(libshutdown2.o)
    0x0800025e   0x0800025e   0x00000000   Code   RO         1968    .ARM.Collect$$libshutdown$$0000000A  c_w.l(libshutdown2.o)
    0x0800025e   0x0800025e   0x00000000   Code   RO         1970    .ARM.Collect$$libshutdown$$0000000C  c_w.l(libshutdown2.o)
    0x0800025e   0x0800025e   0x00000000   Code   RO         1973    .ARM.Collect$$libshutdown$$0000000F  c_w.l(libshutdown2.o)
    0x0800025e   0x0800025e   0x00000002   Code   RO         1974    .ARM.Collect$$libshutdown$$00000010  c_w.l(libshutdown2.o)
    0x08000260   0x08000260   0x00000000   Code   RO         1719    .ARM.Collect$$rtentry$$00000000  c_w.l(__rtentry.o)
    0x08000260   0x08000260   0x00000000   Code   RO         1866    .ARM.Collect$$rtentry$$00000002  c_w.l(__rtentry2.o)
    0x08000260   0x08000260   0x00000006   Code   RO         1878    .ARM.Collect$$rtentry$$00000004  c_w.l(__rtentry4.o)
    0x08000266   0x08000266   0x00000000   Code   RO         1868    .ARM.Collect$$rtentry$$00000009  c_w.l(__rtentry2.o)
    0x08000266   0x08000266   0x00000004   Code   RO         1869    .ARM.Collect$$rtentry$$0000000A  c_w.l(__rtentry2.o)
    0x0800026a   0x0800026a   0x00000000   Code   RO         1871    .ARM.Collect$$rtentry$$0000000C  c_w.l(__rtentry2.o)
    0x0800026a   0x0800026a   0x00000008   Code   RO         1872    .ARM.Collect$$rtentry$$0000000D  c_w.l(__rtentry2.o)
    0x08000272   0x08000272   0x00000002   Code   RO         1947    .ARM.Collect$$rtexit$$00000000  c_w.l(rtexit.o)
    0x08000274   0x08000274   0x00000000   Code   RO         1980    .ARM.Collect$$rtexit$$00000002  c_w.l(rtexit2.o)
    0x08000274   0x08000274   0x00000004   Code   RO         1981    .ARM.Collect$$rtexit$$00000003  c_w.l(rtexit2.o)
    0x08000278   0x08000278   0x00000006   Code   RO         1982    .ARM.Collect$$rtexit$$00000004  c_w.l(rtexit2.o)
    0x0800027e   0x0800027e   0x00000002   PAD
    0x08000280   0x08000280   0x00000040   Code   RO            4    .text               startup_stm32f411xe.o
    0x080002c0   0x080002c0   0x0000005e   Code   RO         1599    .text               c_w.l(h1_alloc.o)
    0x0800031e   0x0800031e   0x000000f0   Code   RO         1653    .text               c_w.l(lludivv7m.o)
    0x0800040e   0x0800040e   0x00000064   Code   RO         1655    .text               c_w.l(rt_memcpy_w.o)
    0x08000472   0x08000472   0x00000006   Code   RO         1657    .text               c_w.l(heapauxi.o)
    0x08000478   0x08000478   0x00000008   Code   RO         1727    .text               c_w.l(rt_heap_descriptor_intlibspace.o)
    0x08000480   0x08000480   0x00000004   Code   RO         1729    .text               c_w.l(hguard.o)
    0x08000484   0x08000484   0x0000008a   Code   RO         1731    .text               c_w.l(init_alloc.o)
    0x0800050e   0x0800050e   0x0000000e   Code   RO         1737    .text               c_w.l(h1_init.o)
    0x0800051c   0x0800051c   0x0000004e   Code   RO         1739    .text               c_w.l(h1_free.o)
    0x0800056a   0x0800056a   0x00000016   Code   RO         1753    .text               c_w.l(_rserrno.o)
    0x08000580   0x08000580   0x00000008   Code   RO         1862    .text               c_w.l(libspace.o)
    0x08000588   0x08000588   0x00000008   Code   RO         1885    .text               c_w.l(rt_errno_addr_intlibspace.o)
    0x08000590   0x08000590   0x00000000   Code   RO         1889    .text               c_w.l(maybetermalloc1.o)
    0x08000590   0x08000590   0x00000034   Code   RO         1891    .text               c_w.l(h1_extend.o)
    0x080005c4   0x080005c4   0x0000000e   Code   RO         1895    .text               c_w.l(defsig_rtmem_outer.o)
    0x080005d2   0x080005d2   0x00000002   Code   RO         1914    .text               c_w.l(use_no_semi.o)
    0x080005d4   0x080005d4   0x00000000   Code   RO         1916    .text               c_w.l(indicate_semi.o)
    0x080005d4   0x080005d4   0x0000004a   Code   RO         1917    .text               c_w.l(sys_stackheap_outer.o)
    0x0800061e   0x0800061e   0x00000012   Code   RO         1923    .text               c_w.l(exit.o)
    0x08000630   0x08000630   0x0000000a   Code   RO         1925    .text               c_w.l(defsig_exit.o)
    0x0800063a   0x0800063a   0x00000002   PAD
    0x0800063c   0x0800063c   0x00000050   Code   RO         1931    .text               c_w.l(defsig_rtmem_inner.o)
    0x0800068c   0x0800068c   0x0000000c   Code   RO         1943    .text               c_w.l(sys_exit.o)
    0x08000698   0x08000698   0x00000032   Code   RO         1955    .text               c_w.l(defsig_general.o)
    0x080006ca   0x080006ca   0x0000000e   Code   RO         1975    .text               c_w.l(sys_wrch.o)
    0x080006d8   0x080006d8   0x00000002   Code   RO          204    .text.BusFault_Handler  stm32f4xx_it.o
    0x080006da   0x080006da   0x00000002   PAD
    0x080006dc   0x080006dc   0x00000004   Code   RO         1371    .text.CDC_Control_FS  usbd_cdc_if.o
    0x080006e0   0x080006e0   0x00000004   Code   RO         1369    .text.CDC_DeInit_FS  usbd_cdc_if.o
    0x080006e4   0x080006e4   0x0000002c   Code   RO         1367    .text.CDC_Init_FS   usbd_cdc_if.o
    0x08000710   0x08000710   0x0000001c   Code   RO         1373    .text.CDC_Receive_FS  usbd_cdc_if.o
    0x0800072c   0x0800072c   0x00000004   Code   RO         1375    .text.CDC_TransmitCplt_FS  usbd_cdc_if.o
    0x08000730   0x08000730   0x00000036   Code   RO         1377    .text.CDC_Transmit_FS  usbd_cdc_if.o
    0x08000766   0x08000766   0x00000002   PAD
    0x08000768   0x08000768   0x0000000c   Code   RO          220    .text.DMA1_Stream0_IRQHandler  stm32f4xx_it.o
    0x08000774   0x08000774   0x00000002   Code   RO          210    .text.DebugMon_Handler  stm32f4xx_it.o
    0x08000776   0x08000776   0x00000002   PAD
    0x08000778   0x08000778   0x00000006   Code   RO          218    .text.EXTI0_IRQHandler  stm32f4xx_it.o
    0x0800077e   0x0800077e   0x00000002   PAD
    0x08000780   0x08000780   0x0000000a   Code   RO          117    .text.Error_Handler  main.o
    0x0800078a   0x0800078a   0x00000002   PAD
    0x0800078c   0x0800078c   0x00000046   Code   RO          533    .text.FLASH_Erase_Sector  stm32f4xx_hal_flash_ex.o
    0x080007d2   0x080007d2   0x00000002   PAD
    0x080007d4   0x080007d4   0x00000058   Code   RO          535    .text.FLASH_FlushCaches  stm32f4xx_hal_flash_ex.o
    0x0800082c   0x0800082c   0x00000004   Code   RO          216    .text.FLASH_IRQHandler  stm32f4xx_it.o
    0x08000830   0x08000830   0x00000002   Code   RO          230    .text.FPU_IRQHandler  stm32f4xx_it.o
    0x08000832   0x08000832   0x00000002   PAD
    0x08000834   0x08000834   0x00000024   Code   RO          622    .text.HAL_DMA_Abort_IT  stm32f4xx_hal_dma.o
    0x08000858   0x08000858   0x00000006   Code   RO          632    .text.HAL_DMA_GetState  stm32f4xx_hal_dma.o
    0x0800085e   0x0800085e   0x00000002   PAD
    0x08000860   0x08000860   0x000001c0   Code   RO          626    .text.HAL_DMA_IRQHandler  stm32f4xx_hal_dma.o
    0x08000a20   0x08000a20   0x00000162   Code   RO          612    .text.HAL_DMA_Init  stm32f4xx_hal_dma.o
    0x08000b82   0x08000b82   0x00000002   PAD
    0x08000b84   0x08000b84   0x00000028   Code   RO          781    .text.HAL_Delay     stm32f4xx_hal.o
    0x08000bac   0x08000bac   0x00000002   Code   RO          508    .text.HAL_FLASH_EndOfOperationCallback  stm32f4xx_hal_flash.o
    0x08000bae   0x08000bae   0x00000002   PAD
    0x08000bb0   0x08000bb0   0x00000158   Code   RO          504    .text.HAL_FLASH_IRQHandler  stm32f4xx_hal_flash.o
    0x08000d08   0x08000d08   0x00000002   Code   RO          506    .text.HAL_FLASH_OperationErrorCallback  stm32f4xx_hal_flash.o
    0x08000d0a   0x08000d0a   0x00000002   PAD
    0x08000d0c   0x08000d0c   0x00000002   Code   RO          588    .text.HAL_GPIO_EXTI_Callback  stm32f4xx_hal_gpio.o
    0x08000d0e   0x08000d0e   0x00000002   PAD
    0x08000d10   0x08000d10   0x00000016   Code   RO          586    .text.HAL_GPIO_EXTI_IRQHandler  stm32f4xx_hal_gpio.o
    0x08000d26   0x08000d26   0x00000002   PAD
    0x08000d28   0x08000d28   0x000001ba   Code   RO          574    .text.HAL_GPIO_Init  stm32f4xx_hal_gpio.o
    0x08000ee2   0x08000ee2   0x00000002   PAD
    0x08000ee4   0x08000ee4   0x00000010   Code   RO          582    .text.HAL_GPIO_TogglePin  stm32f4xx_hal_gpio.o
    0x08000ef4   0x08000ef4   0x0000000a   Code   RO          580    .text.HAL_GPIO_WritePin  stm32f4xx_hal_gpio.o
    0x08000efe   0x08000efe   0x00000002   PAD
    0x08000f00   0x08000f00   0x0000000c   Code   RO          773    .text.HAL_GetTick   stm32f4xx_hal.o
    0x08000f0c   0x08000f0c   0x00000002   Code   RO          967    .text.HAL_I2C_AbortCpltCallback  stm32f4xx_hal_i2c.o
    0x08000f0e   0x08000f0e   0x00000002   PAD
    0x08000f10   0x08000f10   0x00000002   Code   RO          957    .text.HAL_I2C_AddrCallback  stm32f4xx_hal_i2c.o
    0x08000f12   0x08000f12   0x00000002   PAD
    0x08000f14   0x08000f14   0x00000148   Code   RO          947    .text.HAL_I2C_ER_IRQHandler  stm32f4xx_hal_i2c.o
    0x0800105c   0x0800105c   0x00000610   Code   RO          935    .text.HAL_I2C_EV_IRQHandler  stm32f4xx_hal_i2c.o
    0x0800166c   0x0800166c   0x00000002   Code   RO          965    .text.HAL_I2C_ErrorCallback  stm32f4xx_hal_i2c.o
    0x0800166e   0x0800166e   0x00000002   PAD
    0x08001670   0x08001670   0x00000176   Code   RO          851    .text.HAL_I2C_Init  stm32f4xx_hal_i2c.o
    0x080017e6   0x080017e6   0x00000002   PAD
    0x080017e8   0x080017e8   0x00000002   Code   RO          959    .text.HAL_I2C_ListenCpltCallback  stm32f4xx_hal_i2c.o
    0x080017ea   0x080017ea   0x00000002   PAD
    0x080017ec   0x080017ec   0x00000002   Code   RO          951    .text.HAL_I2C_MasterRxCpltCallback  stm32f4xx_hal_i2c.o
    0x080017ee   0x080017ee   0x00000002   PAD
    0x080017f0   0x080017f0   0x00000002   Code   RO          949    .text.HAL_I2C_MasterTxCpltCallback  stm32f4xx_hal_i2c.o
    0x080017f2   0x080017f2   0x00000002   PAD
    0x080017f4   0x080017f4   0x00000002   Code   RO          963    .text.HAL_I2C_MemRxCpltCallback  stm32f4xx_hal_i2c.o
    0x080017f6   0x080017f6   0x00000002   PAD
    0x080017f8   0x080017f8   0x00000002   Code   RO          961    .text.HAL_I2C_MemTxCpltCallback  stm32f4xx_hal_i2c.o
    0x080017fa   0x080017fa   0x00000002   PAD
    0x080017fc   0x080017fc   0x0000036e   Code   RO          895    .text.HAL_I2C_Mem_Read  stm32f4xx_hal_i2c.o
    0x08001b6a   0x08001b6a   0x00000002   PAD
    0x08001b6c   0x08001b6c   0x00000130   Code   RO          901    .text.HAL_I2C_Mem_Read_IT  stm32f4xx_hal_i2c.o
    0x08001c9c   0x08001c9c   0x000001da   Code   RO          891    .text.HAL_I2C_Mem_Write  stm32f4xx_hal_i2c.o
    0x08001e76   0x08001e76   0x00000002   PAD
    0x08001e78   0x08001e78   0x000000ce   Code   RO          164    .text.HAL_I2C_MspInit  i2c.o
    0x08001f46   0x08001f46   0x00000002   PAD
    0x08001f48   0x08001f48   0x00000002   Code   RO          955    .text.HAL_I2C_SlaveRxCpltCallback  stm32f4xx_hal_i2c.o
    0x08001f4a   0x08001f4a   0x00000002   PAD
    0x08001f4c   0x08001f4c   0x00000002   Code   RO          953    .text.HAL_I2C_SlaveTxCpltCallback  stm32f4xx_hal_i2c.o
    0x08001f4e   0x08001f4e   0x00000002   PAD
    0x08001f50   0x08001f50   0x0000001a   Code   RO          771    .text.HAL_IncTick   stm32f4xx_hal.o
    0x08001f6a   0x08001f6a   0x00000002   PAD
    0x08001f6c   0x08001f6c   0x00000036   Code   RO          761    .text.HAL_Init      stm32f4xx_hal.o
    0x08001fa2   0x08001fa2   0x00000002   PAD
    0x08001fa4   0x08001fa4   0x00000048   Code   RO          763    .text.HAL_InitTick  stm32f4xx_hal.o
    0x08001fec   0x08001fec   0x0000005c   Code   RO          239    .text.HAL_MspInit   stm32f4xx_hal_msp.o
    0x08002048   0x08002048   0x00000020   Code   RO          719    .text.HAL_NVIC_EnableIRQ  stm32f4xx_hal_cortex.o
    0x08002068   0x08002068   0x00000056   Code   RO          717    .text.HAL_NVIC_SetPriority  stm32f4xx_hal_cortex.o
    0x080020be   0x080020be   0x00000002   PAD
    0x080020c0   0x080020c0   0x00000020   Code   RO          715    .text.HAL_NVIC_SetPriorityGrouping  stm32f4xx_hal_cortex.o
    0x080020e0   0x080020e0   0x00000002   Code   RO          326    .text.HAL_PCDEx_LPM_Callback  stm32f4xx_hal_pcd_ex.o
    0x080020e2   0x080020e2   0x00000002   PAD
    0x080020e4   0x080020e4   0x00000008   Code   RO          324    .text.HAL_PCDEx_SetRxFiFo  stm32f4xx_hal_pcd_ex.o
    0x080020ec   0x080020ec   0x000000ea   Code   RO          322    .text.HAL_PCDEx_SetTxFiFo  stm32f4xx_hal_pcd_ex.o
    0x080021d6   0x080021d6   0x00000002   PAD
    0x080021d8   0x080021d8   0x00000008   Code   RO         1412    .text.HAL_PCD_ConnectCallback  usbd_conf.o
    0x080021e0   0x080021e0   0x00000014   Code   RO         1398    .text.HAL_PCD_DataInStageCallback  usbd_conf.o
    0x080021f4   0x080021f4   0x00000016   Code   RO         1396    .text.HAL_PCD_DataOutStageCallback  usbd_conf.o
    0x0800220a   0x0800220a   0x00000002   PAD
    0x0800220c   0x0800220c   0x00000008   Code   RO         1414    .text.HAL_PCD_DisconnectCallback  usbd_conf.o
    0x08002214   0x08002214   0x0000004c   Code   RO          294    .text.HAL_PCD_EP_Close  stm32f4xx_hal_pcd.o
    0x08002260   0x08002260   0x00000064   Code   RO          304    .text.HAL_PCD_EP_ClrStall  stm32f4xx_hal_pcd.o
    0x080022c4   0x080022c4   0x00000012   Code   RO          298    .text.HAL_PCD_EP_GetRxCount  stm32f4xx_hal_pcd.o
    0x080022d6   0x080022d6   0x00000002   PAD
    0x080022d8   0x080022d8   0x00000060   Code   RO          292    .text.HAL_PCD_EP_Open  stm32f4xx_hal_pcd.o
    0x08002338   0x08002338   0x00000054   Code   RO          296    .text.HAL_PCD_EP_Receive  stm32f4xx_hal_pcd.o
    0x0800238c   0x0800238c   0x00000078   Code   RO          302    .text.HAL_PCD_EP_SetStall  stm32f4xx_hal_pcd.o
    0x08002404   0x08002404   0x00000048   Code   RO          300    .text.HAL_PCD_EP_Transmit  stm32f4xx_hal_pcd.o
    0x0800244c   0x0800244c   0x000007f0   Code   RO          260    .text.HAL_PCD_IRQHandler  stm32f4xx_hal_pcd.o
    0x08002c3c   0x08002c3c   0x00000008   Code   RO         1410    .text.HAL_PCD_ISOINIncompleteCallback  usbd_conf.o
    0x08002c44   0x08002c44   0x00000008   Code   RO         1408    .text.HAL_PCD_ISOOUTIncompleteCallback  usbd_conf.o
    0x08002c4c   0x08002c4c   0x0000013e   Code   RO          248    .text.HAL_PCD_Init  stm32f4xx_hal_pcd.o
    0x08002d8a   0x08002d8a   0x00000002   PAD
    0x08002d8c   0x08002d8c   0x0000007e   Code   RO         1390    .text.HAL_PCD_MspInit  usbd_conf.o
    0x08002e0a   0x08002e0a   0x00000002   PAD
    0x08002e0c   0x08002e0c   0x00000024   Code   RO         1402    .text.HAL_PCD_ResetCallback  usbd_conf.o
    0x08002e30   0x08002e30   0x00000008   Code   RO         1406    .text.HAL_PCD_ResumeCallback  usbd_conf.o
    0x08002e38   0x08002e38   0x00000008   Code   RO         1400    .text.HAL_PCD_SOFCallback  usbd_conf.o
    0x08002e40   0x08002e40   0x00000028   Code   RO          290    .text.HAL_PCD_SetAddress  stm32f4xx_hal_pcd.o
    0x08002e68   0x08002e68   0x0000000e   Code   RO         1394    .text.HAL_PCD_SetupStageCallback  usbd_conf.o
    0x08002e76   0x08002e76   0x00000002   PAD
    0x08002e78   0x08002e78   0x0000003e   Code   RO          256    .text.HAL_PCD_Start  stm32f4xx_hal_pcd.o
    0x08002eb6   0x08002eb6   0x00000002   PAD
    0x08002eb8   0x08002eb8   0x00000034   Code   RO         1404    .text.HAL_PCD_SuspendCallback  usbd_conf.o
    0x08002eec   0x08002eec   0x00000160   Code   RO          444    .text.HAL_RCC_ClockConfig  stm32f4xx_hal_rcc.o
    0x0800304c   0x0800304c   0x0000000c   Code   RO          454    .text.HAL_RCC_GetHCLKFreq  stm32f4xx_hal_rcc.o
    0x08003058   0x08003058   0x00000026   Code   RO          456    .text.HAL_RCC_GetPCLK1Freq  stm32f4xx_hal_rcc.o
    0x0800307e   0x0800307e   0x00000002   PAD
    0x08003080   0x08003080   0x0000006a   Code   RO          446    .text.HAL_RCC_GetSysClockFreq  stm32f4xx_hal_rcc.o
    0x080030ea   0x080030ea   0x00000002   PAD
    0x080030ec   0x080030ec   0x00000378   Code   RO          442    .text.HAL_RCC_OscConfig  stm32f4xx_hal_rcc.o
    0x08003464   0x08003464   0x0000002c   Code   RO          727    .text.HAL_SYSTICK_Config  stm32f4xx_hal_cortex.o
    0x08003490   0x08003490   0x00000002   Code   RO         1302    .text.HAL_TIMEx_BreakCallback  stm32f4xx_hal_tim_ex.o
    0x08003492   0x08003492   0x00000002   PAD
    0x08003494   0x08003494   0x00000002   Code   RO         1298    .text.HAL_TIMEx_CommutCallback  stm32f4xx_hal_tim_ex.o
    0x08003496   0x08003496   0x00000002   PAD
    0x08003498   0x08003498   0x00000090   Code   RO         1292    .text.HAL_TIMEx_MasterConfigSynchronization  stm32f4xx_hal_tim_ex.o
    0x08003528   0x08003528   0x0000013c   Code   RO          997    .text.HAL_TIM_Base_Init  stm32f4xx_hal_tim.o
    0x08003664   0x08003664   0x00000076   Code   RO          184    .text.HAL_TIM_Base_MspInit  tim.o
    0x080036da   0x080036da   0x00000002   PAD
    0x080036dc   0x080036dc   0x00000084   Code   RO         1011    .text.HAL_TIM_Base_Start_IT  stm32f4xx_hal_tim.o
    0x08003760   0x08003760   0x0000019c   Code   RO         1177    .text.HAL_TIM_ConfigClockSource  stm32f4xx_hal_tim.o
    0x080038fc   0x080038fc   0x00000002   Code   RO         1133    .text.HAL_TIM_IC_CaptureCallback  stm32f4xx_hal_tim.o
    0x080038fe   0x080038fe   0x00000002   PAD
    0x08003900   0x08003900   0x00000170   Code   RO         1131    .text.HAL_TIM_IRQHandler  stm32f4xx_hal_tim.o
    0x08003a70   0x08003a70   0x00000002   Code   RO         1135    .text.HAL_TIM_OC_DelayElapsedCallback  stm32f4xx_hal_tim.o
    0x08003a72   0x08003a72   0x00000002   PAD
    0x08003a74   0x08003a74   0x000001fe   Code   RO         1151    .text.HAL_TIM_PWM_ConfigChannel  stm32f4xx_hal_tim.o
    0x08003c72   0x08003c72   0x00000002   PAD
    0x08003c74   0x08003c74   0x0000013c   Code   RO         1051    .text.HAL_TIM_PWM_Init  stm32f4xx_hal_tim.o
    0x08003db0   0x08003db0   0x00000002   Code   RO         1053    .text.HAL_TIM_PWM_MspInit  stm32f4xx_hal_tim.o
    0x08003db2   0x08003db2   0x00000002   PAD
    0x08003db4   0x08003db4   0x00000002   Code   RO         1137    .text.HAL_TIM_PWM_PulseFinishedCallback  stm32f4xx_hal_tim.o
    0x08003db6   0x08003db6   0x00000002   PAD
    0x08003db8   0x08003db8   0x000000f4   Code   RO         1059    .text.HAL_TIM_PWM_Start  stm32f4xx_hal_tim.o
    0x08003eac   0x08003eac   0x00000002   Code   RO         1139    .text.HAL_TIM_PeriodElapsedCallback  stm32f4xx_hal_tim.o
    0x08003eae   0x08003eae   0x00000002   PAD
    0x08003eb0   0x08003eb0   0x00000002   Code   RO         1141    .text.HAL_TIM_TriggerCallback  stm32f4xx_hal_tim.o
    0x08003eb2   0x08003eb2   0x00000002   PAD
    0x08003eb4   0x08003eb4   0x00000002   Code   RO          200    .text.HardFault_Handler  stm32f4xx_it.o
    0x08003eb6   0x08003eb6   0x00000002   PAD
    0x08003eb8   0x08003eb8   0x0000000c   Code   RO          226    .text.I2C1_ER_IRQHandler  stm32f4xx_it.o
    0x08003ec4   0x08003ec4   0x00000016   Code   RO          224    .text.I2C1_EV_IRQHandler  stm32f4xx_it.o
    0x08003eda   0x08003eda   0x00000002   PAD
    0x08003edc   0x08003edc   0x00000122   Code   RO          921    .text.I2C_DMAAbort  stm32f4xx_hal_i2c.o
    0x08003ffe   0x08003ffe   0x00000002   PAD
    0x08004000   0x08004000   0x0000018c   Code   RO          933    .text.I2C_ITError   stm32f4xx_hal_i2c.o
    0x0800418c   0x0800418c   0x000000e8   Code   RO          945    .text.I2C_MasterReceive_BTF  stm32f4xx_hal_i2c.o
    0x08004274   0x08004274   0x00000136   Code   RO          943    .text.I2C_MasterReceive_RXNE  stm32f4xx_hal_i2c.o
    0x080043aa   0x080043aa   0x00000002   PAD
    0x080043ac   0x080043ac   0x00000082   Code   RO          939    .text.I2C_MasterTransmit_BTF  stm32f4xx_hal_i2c.o
    0x0800442e   0x0800442e   0x00000002   PAD
    0x08004430   0x08004430   0x000000b2   Code   RO          937    .text.I2C_MasterTransmit_TXE  stm32f4xx_hal_i2c.o
    0x080044e2   0x080044e2   0x00000002   PAD
    0x080044e4   0x080044e4   0x000000b4   Code   RO          941    .text.I2C_MemoryTransmit_TXE_BTF  stm32f4xx_hal_i2c.o
    0x08004598   0x08004598   0x0000031e   Code   RO          897    .text.I2C_RequestMemoryRead  stm32f4xx_hal_i2c.o
    0x080048b6   0x080048b6   0x00000002   PAD
    0x080048b8   0x080048b8   0x00000272   Code   RO          893    .text.I2C_RequestMemoryWrite  stm32f4xx_hal_i2c.o
    0x08004b2a   0x08004b2a   0x00000002   PAD
    0x08004b2c   0x08004b2c   0x000000a8   Code   RO          863    .text.I2C_WaitOnBTFFlagUntilTimeout  stm32f4xx_hal_i2c.o
    0x08004bd4   0x08004bd4   0x00000150   Code   RO          861    .text.I2C_WaitOnFlagUntilTimeout  stm32f4xx_hal_i2c.o
    0x08004d24   0x08004d24   0x000000b8   Code   RO          975    .text.I2C_WaitOnMasterAddressFlagUntilTimeout  stm32f4xx_hal_i2c.o
    0x08004ddc   0x08004ddc   0x00000010   Code   RO           90    .text.MPU9255_ACC_GYRO_isReady  mpu9255.o
    0x08004dec   0x08004dec   0x00000022   Code   RO           88    .text.MPU9255_IT    mpu9255.o
    0x08004e0e   0x08004e0e   0x00000002   PAD
    0x08004e10   0x08004e10   0x000002fc   Code   RO           92    .text.MPU9255_cycle  mpu9255.o
    0x0800510c   0x0800510c   0x000000bc   Code   RO           86    .text.MPU9255setup  mpu9255.o
    0x080051c8   0x080051c8   0x00000038   Code   RO          153    .text.MX_DMA_Init   dma.o
    0x08005200   0x08005200   0x000000b6   Code   RO          144    .text.MX_GPIO_Init  gpio.o
    0x080052b6   0x080052b6   0x00000002   PAD
    0x080052b8   0x080052b8   0x00000042   Code   RO          162    .text.MX_I2C1_Init  i2c.o
    0x080052fa   0x080052fa   0x00000002   PAD
    0x080052fc   0x080052fc   0x00000074   Code   RO          178    .text.MX_TIM3_Init  tim.o
    0x08005370   0x08005370   0x000000fe   Code   RO          180    .text.MX_TIM4_Init  tim.o
    0x0800546e   0x0800546e   0x00000002   PAD
    0x08005470   0x08005470   0x00000072   Code   RO         1331    .text.MX_USB_DEVICE_Init  usb_device.o
    0x080054e2   0x080054e2   0x00000002   PAD
    0x080054e4   0x080054e4   0x00000002   Code   RO          202    .text.MemManage_Handler  stm32f4xx_it.o
    0x080054e6   0x080054e6   0x00000002   PAD
    0x080054e8   0x080054e8   0x00000002   Code   RO          198    .text.NMI_Handler   stm32f4xx_it.o
    0x080054ea   0x080054ea   0x00000002   PAD
    0x080054ec   0x080054ec   0x0000000c   Code   RO          228    .text.OTG_FS_IRQHandler  stm32f4xx_it.o
    0x080054f8   0x080054f8   0x000002d4   Code   RO          115    .text.PID           main.o
    0x080057cc   0x080057cc   0x00000002   Code   RO          212    .text.PendSV_Handler  stm32f4xx_it.o
    0x080057ce   0x080057ce   0x00000002   PAD
    0x080057d0   0x080057d0   0x00000002   Code   RO          208    .text.SVC_Handler   stm32f4xx_it.o
    0x080057d2   0x080057d2   0x00000002   PAD
    0x080057d4   0x080057d4   0x00000004   Code   RO          214    .text.SysTick_Handler  stm32f4xx_it.o
    0x080057d8   0x080057d8   0x000000ac   Code   RO          107    .text.SystemClock_Config  main.o
    0x08005884   0x08005884   0x00000012   Code   RO         1316    .text.SystemInit    system_stm32f4xx.o
    0x08005896   0x08005896   0x00000002   PAD
    0x08005898   0x08005898   0x00000016   Code   RO          222    .text.TIM3_IRQHandler  stm32f4xx_it.o
    0x080058ae   0x080058ae   0x00000002   PAD
    0x080058b0   0x080058b0   0x0000006e   Code   RO         1561    .text.USBD_CDC_DataIn  usbd_cdc.o
    0x0800591e   0x0800591e   0x00000002   PAD
    0x08005920   0x08005920   0x0000002c   Code   RO         1563    .text.USBD_CDC_DataOut  usbd_cdc.o
    0x0800594c   0x0800594c   0x00000042   Code   RO         1555    .text.USBD_CDC_DeInit  usbd_cdc.o
    0x0800598e   0x0800598e   0x00000002   PAD
    0x08005990   0x08005990   0x00000034   Code   RO         1559    .text.USBD_CDC_EP0_RxReady  usbd_cdc.o
    0x080059c4   0x080059c4   0x00000010   Code   RO         1571    .text.USBD_CDC_GetDeviceQualifierDescriptor  usbd_cdc.o
    0x080059d4   0x080059d4   0x00000010   Code   RO         1567    .text.USBD_CDC_GetFSCfgDesc  usbd_cdc.o
    0x080059e4   0x080059e4   0x00000010   Code   RO         1565    .text.USBD_CDC_GetHSCfgDesc  usbd_cdc.o
    0x080059f4   0x080059f4   0x00000010   Code   RO         1569    .text.USBD_CDC_GetOtherSpeedCfgDesc  usbd_cdc.o
    0x08005a04   0x08005a04   0x00000098   Code   RO         1553    .text.USBD_CDC_Init  usbd_cdc.o
    0x08005a9c   0x08005a9c   0x0000002c   Code   RO         1581    .text.USBD_CDC_ReceivePacket  usbd_cdc.o
    0x08005ac8   0x08005ac8   0x0000000e   Code   RO         1573    .text.USBD_CDC_RegisterInterface  usbd_cdc.o
    0x08005ad6   0x08005ad6   0x00000002   PAD
    0x08005ad8   0x08005ad8   0x00000012   Code   RO         1577    .text.USBD_CDC_SetRxBuffer  usbd_cdc.o
    0x08005aea   0x08005aea   0x00000002   PAD
    0x08005aec   0x08005aec   0x00000016   Code   RO         1575    .text.USBD_CDC_SetTxBuffer  usbd_cdc.o
    0x08005b02   0x08005b02   0x00000002   PAD
    0x08005b04   0x08005b04   0x000000ec   Code   RO         1557    .text.USBD_CDC_Setup  usbd_cdc.o
    0x08005bf0   0x08005bf0   0x00000036   Code   RO         1579    .text.USBD_CDC_TransmitPacket  usbd_cdc.o
    0x08005c26   0x08005c26   0x00000002   PAD
    0x08005c28   0x08005c28   0x00000010   Code   RO         1476    .text.USBD_ClrClassConfig  usbd_core.o
    0x08005c38   0x08005c38   0x00000010   Code   RO         1537    .text.USBD_CtlContinueRx  usbd_ioreq.o
    0x08005c48   0x08005c48   0x00000010   Code   RO         1533    .text.USBD_CtlContinueSendData  usbd_ioreq.o
    0x08005c58   0x08005c58   0x00000016   Code   RO         1512    .text.USBD_CtlError  usbd_ctlreq.o
    0x08005c6e   0x08005c6e   0x00000002   PAD
    0x08005c70   0x08005c70   0x0000001a   Code   RO         1535    .text.USBD_CtlPrepareRx  usbd_ioreq.o
    0x08005c8a   0x08005c8a   0x00000002   PAD
    0x08005c8c   0x08005c8c   0x00000016   Code   RO         1541    .text.USBD_CtlReceiveStatus  usbd_ioreq.o
    0x08005ca2   0x08005ca2   0x00000002   PAD
    0x08005ca4   0x08005ca4   0x0000001a   Code   RO         1531    .text.USBD_CtlSendData  usbd_ioreq.o
    0x08005cbe   0x08005cbe   0x00000002   PAD
    0x08005cc0   0x08005cc0   0x00000016   Code   RO         1539    .text.USBD_CtlSendStatus  usbd_ioreq.o
    0x08005cd6   0x08005cd6   0x00000002   PAD
    0x08005cd8   0x08005cd8   0x00000024   Code   RO         1350    .text.USBD_FS_ConfigStrDescriptor  usbd_desc.o
    0x08005cfc   0x08005cfc   0x0000000e   Code   RO         1340    .text.USBD_FS_DeviceDescriptor  usbd_desc.o
    0x08005d0a   0x08005d0a   0x00000002   PAD
    0x08005d0c   0x08005d0c   0x00000028   Code   RO         1352    .text.USBD_FS_InterfaceStrDescriptor  usbd_desc.o
    0x08005d34   0x08005d34   0x0000000e   Code   RO         1342    .text.USBD_FS_LangIDStrDescriptor  usbd_desc.o
    0x08005d42   0x08005d42   0x00000002   PAD
    0x08005d44   0x08005d44   0x0000002c   Code   RO         1344    .text.USBD_FS_ManufacturerStrDescriptor  usbd_desc.o
    0x08005d70   0x08005d70   0x00000030   Code   RO         1346    .text.USBD_FS_ProductStrDescriptor  usbd_desc.o
    0x08005da0   0x08005da0   0x0000016c   Code   RO         1348    .text.USBD_FS_SerialStrDescriptor  usbd_desc.o
    0x08005f0c   0x08005f0c   0x000000da   Code   RO         1520    .text.USBD_GetString  usbd_ctlreq.o
    0x08005fe6   0x08005fe6   0x00000002   PAD
    0x08005fe8   0x08005fe8   0x0000002a   Code   RO         1462    .text.USBD_Init     usbd_core.o
    0x08006012   0x08006012   0x00000002   PAD
    0x08006014   0x08006014   0x00000022   Code   RO         1434    .text.USBD_LL_ClearStallEP  usbd_conf.o
    0x08006036   0x08006036   0x00000002   PAD
    0x08006038   0x08006038   0x00000022   Code   RO         1428    .text.USBD_LL_CloseEP  usbd_conf.o
    0x0800605a   0x0800605a   0x00000002   PAD
    0x0800605c   0x0800605c   0x000000a8   Code   RO         1482    .text.USBD_LL_DataInStage  usbd_core.o
    0x08006104   0x08006104   0x0000006e   Code   RO         1480    .text.USBD_LL_DataOutStage  usbd_core.o
    0x08006172   0x08006172   0x00000002   PAD
    0x08006174   0x08006174   0x00000004   Code   RO         1498    .text.USBD_LL_DevConnected  usbd_core.o
    0x08006178   0x08006178   0x00000018   Code   RO         1500    .text.USBD_LL_DevDisconnected  usbd_core.o
    0x08006190   0x08006190   0x00000008   Code   RO         1444    .text.USBD_LL_GetRxDataSize  usbd_conf.o
    0x08006198   0x08006198   0x00000070   Code   RO         1416    .text.USBD_LL_Init  usbd_conf.o
    0x08006208   0x08006208   0x00000020   Code   RO         1436    .text.USBD_LL_IsStallEP  usbd_conf.o
    0x08006228   0x08006228   0x00000020   Code   RO         1494    .text.USBD_LL_IsoINIncomplete  usbd_core.o
    0x08006248   0x08006248   0x00000020   Code   RO         1496    .text.USBD_LL_IsoOUTIncomplete  usbd_core.o
    0x08006268   0x08006268   0x00000028   Code   RO         1426    .text.USBD_LL_OpenEP  usbd_conf.o
    0x08006290   0x08006290   0x00000022   Code   RO         1442    .text.USBD_LL_PrepareReceive  usbd_conf.o
    0x080062b2   0x080062b2   0x00000002   PAD
    0x080062b4   0x080062b4   0x00000068   Code   RO         1484    .text.USBD_LL_Reset  usbd_core.o
    0x0800631c   0x0800631c   0x00000014   Code   RO         1490    .text.USBD_LL_Resume  usbd_core.o
    0x08006330   0x08006330   0x00000020   Code   RO         1492    .text.USBD_LL_SOF   usbd_core.o
    0x08006350   0x08006350   0x00000008   Code   RO         1486    .text.USBD_LL_SetSpeed  usbd_core.o
    0x08006358   0x08006358   0x00000022   Code   RO         1438    .text.USBD_LL_SetUSBAddress  usbd_conf.o
    0x0800637a   0x0800637a   0x00000002   PAD
    0x0800637c   0x0800637c   0x00000062   Code   RO         1478    .text.USBD_LL_SetupStage  usbd_core.o
    0x080063de   0x080063de   0x00000002   PAD
    0x080063e0   0x080063e0   0x00000022   Code   RO         1432    .text.USBD_LL_StallEP  usbd_conf.o
    0x08006402   0x08006402   0x00000002   PAD
    0x08006404   0x08006404   0x00000022   Code   RO         1422    .text.USBD_LL_Start  usbd_conf.o
    0x08006426   0x08006426   0x00000002   PAD
    0x08006428   0x08006428   0x00000014   Code   RO         1488    .text.USBD_LL_Suspend  usbd_core.o
    0x0800643c   0x0800643c   0x00000022   Code   RO         1440    .text.USBD_LL_Transmit  usbd_conf.o
    0x0800645e   0x0800645e   0x00000002   PAD
    0x08006460   0x08006460   0x00000016   Code   RO         1518    .text.USBD_ParseSetupRequest  usbd_ctlreq.o
    0x08006476   0x08006476   0x00000002   PAD
    0x08006478   0x08006478   0x0000002e   Code   RO         1466    .text.USBD_RegisterClass  usbd_core.o
    0x080064a6   0x080064a6   0x00000002   PAD
    0x080064a8   0x080064a8   0x00000010   Code   RO         1474    .text.USBD_SetClassConfig  usbd_core.o
    0x080064b8   0x080064b8   0x00000004   Code   RO         1468    .text.USBD_Start    usbd_core.o
    0x080064bc   0x080064bc   0x00000368   Code   RO         1510    .text.USBD_StdDevReq  usbd_ctlreq.o
    0x08006824   0x08006824   0x0000014a   Code   RO         1516    .text.USBD_StdEPReq  usbd_ctlreq.o
    0x0800696e   0x0800696e   0x00000002   PAD
    0x08006970   0x08006970   0x0000007a   Code   RO         1514    .text.USBD_StdItfReq  usbd_ctlreq.o
    0x080069ea   0x080069ea   0x00000002   PAD
    0x080069ec   0x080069ec   0x00000002   Code   RO         1448    .text.USBD_static_free  usbd_conf.o
    0x080069ee   0x080069ee   0x00000002   PAD
    0x080069f0   0x080069f0   0x0000000a   Code   RO         1446    .text.USBD_static_malloc  usbd_conf.o
    0x080069fa   0x080069fa   0x00000002   PAD
    0x080069fc   0x080069fc   0x0000008a   Code   RO          360    .text.USB_ActivateEndpoint  stm32f4xx_ll_usb.o
    0x08006a86   0x08006a86   0x00000002   PAD
    0x08006a88   0x08006a88   0x00000020   Code   RO          400    .text.USB_ActivateSetup  stm32f4xx_ll_usb.o
    0x08006aa8   0x08006aa8   0x000001be   Code   RO          338    .text.USB_CoreInit  stm32f4xx_ll_usb.o
    0x08006c66   0x08006c66   0x00000002   PAD
    0x08006c68   0x08006c68   0x00000084   Code   RO          364    .text.USB_DeactivateEndpoint  stm32f4xx_ll_usb.o
    0x08006cec   0x08006cec   0x0000001e   Code   RO          384    .text.USB_DevConnect  stm32f4xx_ll_usb.o
    0x08006d0a   0x08006d0a   0x00000002   PAD
    0x08006d0c   0x08006d0c   0x0000001e   Code   RO          386    .text.USB_DevDisconnect  stm32f4xx_ll_usb.o
    0x08006d2a   0x08006d2a   0x00000002   PAD
    0x08006d2c   0x08006d2c   0x000003d6   Code   RO          350    .text.USB_DevInit   stm32f4xx_ll_usb.o
    0x08007102   0x08007102   0x00000002   PAD
    0x08007104   0x08007104   0x0000000e   Code   RO          344    .text.USB_DisableGlobalInt  stm32f4xx_ll_usb.o
    0x08007112   0x08007112   0x00000002   PAD
    0x08007114   0x08007114   0x000000fc   Code   RO          372    .text.USB_EP0StartXfer  stm32f4xx_ll_usb.o
    0x08007210   0x08007210   0x0000005a   Code   RO          402    .text.USB_EP0_OutStart  stm32f4xx_ll_usb.o
    0x0800726a   0x0800726a   0x00000002   PAD
    0x0800726c   0x0800726c   0x0000004e   Code   RO          378    .text.USB_EPClearStall  stm32f4xx_ll_usb.o
    0x080072ba   0x080072ba   0x00000002   PAD
    0x080072bc   0x080072bc   0x0000003e   Code   RO          376    .text.USB_EPSetStall  stm32f4xx_ll_usb.o
    0x080072fa   0x080072fa   0x00000002   PAD
    0x080072fc   0x080072fc   0x00000200   Code   RO          368    .text.USB_EPStartXfer  stm32f4xx_ll_usb.o
    0x080074fc   0x080074fc   0x0000000e   Code   RO          342    .text.USB_EnableGlobalInt  stm32f4xx_ll_usb.o
    0x0800750a   0x0800750a   0x00000002   PAD
    0x0800750c   0x0800750c   0x00000062   Code   RO          354    .text.USB_FlushTxFifo  stm32f4xx_ll_usb.o
    0x0800756e   0x0800756e   0x00000002   PAD
    0x08007570   0x08007570   0x0000001a   Code   RO          358    .text.USB_GetDevSpeed  stm32f4xx_ll_usb.o
    0x0800758a   0x0800758a   0x00000002   PAD
    0x0800758c   0x0800758c   0x00000008   Code   RO          348    .text.USB_GetMode   stm32f4xx_ll_usb.o
    0x08007594   0x08007594   0x0000000e   Code   RO          392    .text.USB_ReadDevAllInEpInterrupt  stm32f4xx_ll_usb.o
    0x080075a2   0x080075a2   0x00000002   PAD
    0x080075a4   0x080075a4   0x0000000e   Code   RO          390    .text.USB_ReadDevAllOutEpInterrupt  stm32f4xx_ll_usb.o
    0x080075b2   0x080075b2   0x00000002   PAD
    0x080075b4   0x080075b4   0x00000024   Code   RO          396    .text.USB_ReadDevInEPInterrupt  stm32f4xx_ll_usb.o
    0x080075d8   0x080075d8   0x00000010   Code   RO          394    .text.USB_ReadDevOutEPInterrupt  stm32f4xx_ll_usb.o
    0x080075e8   0x080075e8   0x00000008   Code   RO          388    .text.USB_ReadInterrupts  stm32f4xx_ll_usb.o
    0x080075f0   0x080075f0   0x000000aa   Code   RO          374    .text.USB_ReadPacket  stm32f4xx_ll_usb.o
    0x0800769a   0x0800769a   0x00000002   PAD
    0x0800769c   0x0800769c   0x00000064   Code   RO          346    .text.USB_SetCurrentMode  stm32f4xx_ll_usb.o
    0x08007700   0x08007700   0x00000022   Code   RO          382    .text.USB_SetDevAddress  stm32f4xx_ll_usb.o
    0x08007722   0x08007722   0x00000002   PAD
    0x08007724   0x08007724   0x00000120   Code   RO          340    .text.USB_SetTurnaroundTime  stm32f4xx_ll_usb.o
    0x08007844   0x08007844   0x00000072   Code   RO          370    .text.USB_WritePacket  stm32f4xx_ll_usb.o
    0x080078b6   0x080078b6   0x00000002   PAD
    0x080078b8   0x080078b8   0x00000002   Code   RO          206    .text.UsageFault_Handler  stm32f4xx_it.o
    0x080078ba   0x080078ba   0x00000006   PAD
    0x080078c0   0x080078c0   0x00000134   Code   RO           94    .text.gyroCalib     mpu9255.o
    0x080079f4   0x080079f4   0x00000138   Code   RO          109    .text.initState     main.o
    0x08007b2c   0x08007b2c   0x00000004   PAD
    0x08007b30   0x08007b30   0x0000050c   Code   RO          105    .text.main          main.o
    0x0800803c   0x0800803c   0x00000038   Code   RO           57    .text.matrixCopy    matrix.o
    0x08008074   0x08008074   0x0000006c   Code   RO           29    .text.matrixCross   matrix.o
    0x080080e0   0x080080e0   0x00000046   Code   RO           27    .text.matrixDot     matrix.o
    0x08008126   0x08008126   0x00000002   PAD
    0x08008128   0x08008128   0x00000064   Code   RO           25    .text.matrixEye     matrix.o
    0x0800818c   0x0800818c   0x0000000a   Code   RO           49    .text.matrixInvOrth  matrix.o
    0x08008196   0x08008196   0x00000002   PAD
    0x08008198   0x08008198   0x000004cc   Code   RO           19    .text.matrixMultiply  matrix.o
    0x08008664   0x08008664   0x000000d6   Code   RO           11    .text.matrixMultiplyByNumb  matrix.o
    0x0800873a   0x0800873a   0x00000002   PAD
    0x0800873c   0x0800873c   0x0000011a   Code   RO           43    .text.matrixNormVec  matrix.o
    0x08008856   0x08008856   0x00000002   PAD
    0x08008858   0x08008858   0x000001d0   Code   RO           37    .text.matrixRot3D   matrix.o
    0x08008a28   0x08008a28   0x0000017e   Code   RO           39    .text.matrixRotArbVec  matrix.o
    0x08008ba6   0x08008ba6   0x00000002   PAD
    0x08008ba8   0x08008ba8   0x0000008c   Code   RO           53    .text.matrixRotMatrixRotAngle  matrix.o
    0x08008c34   0x08008c34   0x00000004   PAD
    0x08008c38   0x08008c38   0x00000080   Code   RO           31    .text.matrixRotZ    matrix.o
    0x08008cb8   0x08008cb8   0x00000024   Code   RO           23    .text.matrixSE      matrix.o
    0x08008cdc   0x08008cdc   0x00000158   Code   RO           13    .text.matrixSum     matrix.o
    0x08008e34   0x08008e34   0x000003ac   Code   RO           15    .text.matrixTranspose  matrix.o
    0x080091e0   0x080091e0   0x00000088   Code   RO           41    .text.matrixVecLen  matrix.o
    0x08009268   0x08009268   0x00000066   Code   RO           21    .text.matrixZeroes  matrix.o
    0x080092ce   0x080092ce   0x00000002   PAD
    0x080092d0   0x080092d0   0x0000001a   Code   RO           69    .text.micros        micros.o
    0x080092ea   0x080092ea   0x00000002   PAD
    0x080092ec   0x080092ec   0x0000001e   Code   RO           71    .text.microsIT      micros.o
    0x0800930a   0x0800930a   0x00000002   PAD
    0x0800930c   0x0800930c   0x0000003c   Code   RO           67    .text.microsInit    micros.o
    0x08009348   0x08009348   0x00000022   Code   RO           73    .text.microsStart   micros.o
    0x0800936a   0x0800936a   0x00000002   PAD
    0x0800936c   0x0800936c   0x0000002e   Code   RO           75    .text.microsUpdate  micros.o
    0x0800939a   0x0800939a   0x00000030   Code   RO         1846    i.__ARM_fpclassify  m_wm.l(fpclassify.o)
    0x080093ca   0x080093ca   0x00000006   PAD
    0x080093d0   0x080093d0   0x00000358   Code   RO         1685    i.__hardfp_acos     m_wm.l(acos.o)
    0x08009728   0x08009728   0x000000c8   Code   RO         1692    i.__hardfp_cos      m_wm.l(cos.o)
    0x080097f0   0x080097f0   0x00000358   Code   RO         1698    i.__hardfp_exp      m_wm.l(exp.o)
    0x08009b48   0x08009b48   0x000000c8   Code   RO         1705    i.__hardfp_sin      m_wm.l(sin.o)
    0x08009c10   0x08009c10   0x0000007a   Code   RO         1711    i.__hardfp_sqrt     m_wm.l(sqrt.o)
    0x08009c8a   0x08009c8a   0x00000006   PAD
    0x08009c90   0x08009c90   0x00000438   Code   RO         1850    i.__ieee754_rem_pio2  m_wm.l(rred.o)
    0x0800a0c8   0x0800a0c8   0x00000170   Code   RO         1829    i.__kernel_cos      m_wm.l(cos_i.o)
    0x0800a238   0x0800a238   0x000000f8   Code   RO         1848    i.__kernel_poly     m_wm.l(poly.o)
    0x0800a330   0x0800a330   0x00000130   Code   RO         1855    i.__kernel_sin      m_wm.l(sin_i.o)
    0x0800a460   0x0800a460   0x00000014   Code   RO         1833    i.__mathlib_dbl_infnan  m_wm.l(dunder.o)
    0x0800a474   0x0800a474   0x00000004   PAD
    0x0800a478   0x0800a478   0x00000020   Code   RO         1835    i.__mathlib_dbl_invalid  m_wm.l(dunder.o)
    0x0800a498   0x0800a498   0x00000020   Code   RO         1836    i.__mathlib_dbl_overflow  m_wm.l(dunder.o)
    0x0800a4b8   0x0800a4b8   0x00000020   Code   RO         1838    i.__mathlib_dbl_underflow  m_wm.l(dunder.o)
    0x0800a4d8   0x0800a4d8   0x00000018   Code   RO         1910    i.fabs              m_wm.l(fabs.o)
    0x0800a4f0   0x0800a4f0   0x0000006e   Code   RO         1713    i.sqrt              m_wm.l(sqrt.o)
    0x0800a55e   0x0800a55e   0x00000018   Code   RO         1804    x$fpl$basic         fz_wm.l(basic.o)
    0x0800a576   0x0800a576   0x00000002   PAD
    0x0800a578   0x0800a578   0x00000062   Code   RO         1661    x$fpl$d2f           fz_wm.l(d2f.o)
    0x0800a5da   0x0800a5da   0x00000002   PAD
    0x0800a5dc   0x0800a5dc   0x00000150   Code   RO         1663    x$fpl$dadd          fz_wm.l(daddsub_clz.o)
    0x0800a72c   0x0800a72c   0x00000018   Code   RO         1904    x$fpl$dcmpinf       fz_wm.l(dcmpi.o)
    0x0800a744   0x0800a744   0x000002b4   Code   RO         1672    x$fpl$ddiv          fz_wm.l(ddiv.o)
    0x0800a9f8   0x0800a9f8   0x00000078   Code   RO         1806    x$fpl$deqf          fz_wm.l(deqf.o)
    0x0800aa70   0x0800aa70   0x0000005e   Code   RO         1808    x$fpl$dfix          fz_wm.l(dfix.o)
    0x0800aace   0x0800aace   0x0000002e   Code   RO         1676    x$fpl$dflt          fz_wm.l(dflt_clz.o)
    0x0800aafc   0x0800aafc   0x00000026   Code   RO         1675    x$fpl$dfltu         fz_wm.l(dflt_clz.o)
    0x0800ab22   0x0800ab22   0x00000002   PAD
    0x0800ab24   0x0800ab24   0x00000078   Code   RO         1812    x$fpl$dgeqf         fz_wm.l(dgeqf.o)
    0x0800ab9c   0x0800ab9c   0x00000078   Code   RO         1814    x$fpl$dleqf         fz_wm.l(dleqf.o)
    0x0800ac14   0x0800ac14   0x00000154   Code   RO         1681    x$fpl$dmul          fz_wm.l(dmul.o)
    0x0800ad68   0x0800ad68   0x0000009c   Code   RO         1816    x$fpl$dnaninf       fz_wm.l(dnaninf.o)
    0x0800ae04   0x0800ae04   0x0000000c   Code   RO         1818    x$fpl$dretinf       fz_wm.l(dretinf.o)
    0x0800ae10   0x0800ae10   0x0000006c   Code   RO         1820    x$fpl$drleqf        fz_wm.l(drleqf.o)
    0x0800ae7c   0x0800ae7c   0x00000016   Code   RO         1664    x$fpl$drsb          fz_wm.l(daddsub_clz.o)
    0x0800ae92   0x0800ae92   0x00000002   PAD
    0x0800ae94   0x0800ae94   0x00000198   Code   RO         1822    x$fpl$dsqrt         fz_wm.l(dsqrt_umaal.o)
    0x0800b02c   0x0800b02c   0x000001dc   Code   RO         1665    x$fpl$dsub          fz_wm.l(daddsub_clz.o)
    0x0800b208   0x0800b208   0x00000056   Code   RO         1683    x$fpl$f2d           fz_wm.l(f2d.o)
    0x0800b25e   0x0800b25e   0x00000054   Code   RO         1669    x$fpl$fcmp          fz_wm.l(dcmp.o)
    0x0800b2b2   0x0800b2b2   0x0000008c   Code   RO         1824    x$fpl$fnaninf       fz_wm.l(fnaninf.o)
    0x0800b33e   0x0800b33e   0x0000001a   Code   RO         1906    x$fpl$fpinit        fz_wm.l(fpinit.o)
    0x0800b358   0x0800b358   0x0000000a   Code   RO         1826    x$fpl$fretinf       fz_wm.l(fretinf.o)
    0x0800b362   0x0800b362   0x00000000   Code   RO         1828    x$fpl$usenofp       fz_wm.l(usenofp.o)
    0x0800b362   0x0800b362   0x00000006   PAD
    0x0800b368   0x0800b368   0x00000050   Data   RO         1688    .constdata          m_wm.l(acos.o)
    0x0800b3b8   0x0800b3b8   0x00000058   Data   RO         1701    .constdata          m_wm.l(exp.o)
    0x0800b410   0x0800b410   0x00000030   Data   RO         1830    .constdata          m_wm.l(cos_i.o)
    0x0800b440   0x0800b440   0x000000cc   Data   RO         1852    .constdata          m_wm.l(rred.o)
    0x0800b50c   0x0800b50c   0x00000004   PAD
    0x0800b510   0x0800b510   0x00000028   Data   RO         1856    .constdata          m_wm.l(sin_i.o)
    0x0800b538   0x0800b538   0x00000010   Data   RO         1321    .rodata.AHBPrescTable  system_stm32f4xx.o
    0x0800b548   0x0800b548   0x00000008   Data   RO         1322    .rodata.APBPrescTable  system_stm32f4xx.o
    0x0800b550   0x0800b550   0x00000008   Data   RO          636    .rodata.cst8        stm32f4xx_hal_dma.o
    0x0800b558   0x0800b558   0x00000020   Data   RO         2006    Region$$Table       anon$$obj.o


    Execution Region RW_IRAM1 (Exec base: 0x20000000, Load base: 0x0800b578, Size: 0x00002568, Max: 0x00020000, ABSOLUTE, COMPRESSED[0x000000e8])

    Exec Addr    Load Addr    Size         Type   Attr      Idx    E Section Name        Object

    0x20000000   COMPRESSED   0x00000024   Data   RW          133    .data..L_MergedGlobals  main.o
    0x20000024   COMPRESSED   0x00000008   Data   RW          816    .data..L_MergedGlobals  stm32f4xx_hal.o
    0x2000002c   COMPRESSED   0x0000001c   Data   RW         1354    .data.FS_Desc       usbd_desc.o
    0x20000048   COMPRESSED   0x00000004   Data   RW         1320    .data.SystemCoreClock  system_stm32f4xx.o
    0x2000004c   COMPRESSED   0x00000038   Data   RW         1583    .data.USBD_CDC      usbd_cdc.o
    0x20000084   COMPRESSED   0x00000043   Data   RW         1585    .data.USBD_CDC_CfgFSDesc  usbd_cdc.o
    0x200000c7   COMPRESSED   0x00000001   PAD
    0x200000c8   COMPRESSED   0x00000043   Data   RW         1586    .data.USBD_CDC_CfgHSDesc  usbd_cdc.o
    0x2000010b   COMPRESSED   0x00000001   PAD
    0x2000010c   COMPRESSED   0x0000000a   Data   RW         1584    .data.USBD_CDC_DeviceQualifierDesc  usbd_cdc.o
    0x20000116   COMPRESSED   0x00000002   PAD
    0x20000118   COMPRESSED   0x00000043   Data   RW         1587    .data.USBD_CDC_OtherSpeedCfgDesc  usbd_cdc.o
    0x2000015b   COMPRESSED   0x00000001   PAD
    0x2000015c   COMPRESSED   0x00000012   Data   RW         1355    .data.USBD_FS_DeviceDesc  usbd_desc.o
    0x2000016e   COMPRESSED   0x00000002   PAD
    0x20000170   COMPRESSED   0x00000014   Data   RW         1379    .data.USBD_Interface_fops_FS  usbd_cdc_if.o
    0x20000184   COMPRESSED   0x00000004   Data   RW         1356    .data.USBD_LangIDDesc  usbd_desc.o
    0x20000188   COMPRESSED   0x0000001a   Data   RW         1357    .data.USBD_StringSerial  usbd_desc.o
    0x200001a2   COMPRESSED   0x00000002   PAD
    0x200001a4   COMPRESSED   0x00000004   Data   RW          121    .data.beamAngleTau  main.o
    0x200001a8        -       0x00000060   Zero   RW         1863    .bss                c_w.l(libspace.o)
    0x20000208        -       0x00000010   Zero   RW           77    .bss..L_MergedGlobals  micros.o
    0x20000218        -       0x00000048   Zero   RW           96    .bss..L_MergedGlobals  mpu9255.o
    0x20000260        -       0x00000070   Zero   RW          134    .bss..L_MergedGlobals.1  main.o
    0x200002d0        -       0x00000034   Zero   RW          135    .bss..L_MergedGlobals.2  main.o
    0x20000304        -       0x00000001   Zero   RW         1522    .bss.USBD_SetConfig.cfgidx  usbd_ctlreq.o
    0x20000305   COMPRESSED   0x00000003   PAD
    0x20000308        -       0x00000200   Zero   RW         1358    .bss.USBD_StrDesc   usbd_desc.o
    0x20000508        -       0x00000220   Zero   RW         1453    .bss.USBD_static_malloc.mem  usbd_conf.o
    0x20000728        -       0x00000800   Zero   RW         1380    .bss.UserRxBufferFS  usbd_cdc_if.o
    0x20000f28        -       0x00000800   Zero   RW         1381    .bss.UserTxBufferFS  usbd_cdc_if.o
    0x20001728        -       0x000002d0   Zero   RW         1333    .bss.hUsbDeviceFS   usb_device.o
    0x200019f8        -       0x00000060   Zero   RW          169    .bss.hdma_i2c1_rx   i2c.o
    0x20001a58        -       0x00000054   Zero   RW          168    .bss.hi2c1          i2c.o
    0x20001aac        -       0x00000408   Zero   RW         1452    .bss.hpcd_USB_OTG_FS  usbd_conf.o
    0x20001eb4        -       0x00000048   Zero   RW          188    .bss.htim3          tim.o
    0x20001efc        -       0x00000048   Zero   RW          189    .bss.htim4          tim.o
    0x20001f44        -       0x00000020   Zero   RW          522    .bss.pFlash         stm32f4xx_hal_flash.o
    0x20001f64        -       0x00000004   Zero   RW          815    .bss.uwTick         stm32f4xx_hal.o
    0x20001f68        -       0x00000200   Zero   RW            2    HEAP                startup_stm32f411xe.o
    0x20002168        -       0x00000400   Zero   RW            1    STACK               startup_stm32f411xe.o


==============================================================================

Image component sizes


      Code (inc. data)   RO Data    RW Data    ZI Data      Debug   Object Name

        56          0          0          0          0       3062   dma.o
       182          0          0          0          0       3624   gpio.o
       272          0          0          0        180       6847   i2c.o
      2510         84          0         40        164      10956   main.o
      4740         32          0          0          0      21284   matrix.o
       196          0          0          0         16       4711   micros.o
      1310         48          0          0         72       6468   mpu9255.o
        64         26        408          0       1536        884   startup_stm32f411xe.o
       204          0          0          8          4       6909   stm32f4xx_hal.o
       194          0          0          0          0      10035   stm32f4xx_hal_cortex.o
       844          6          8          0          0      10573   stm32f4xx_hal_dma.o
       348          0          0          0         32       5500   stm32f4xx_hal_flash.o
       158          0          0          0          0       7148   stm32f4xx_hal_flash_ex.o
       492          0          0          0          0       5372   stm32f4xx_hal_gpio.o
      7758         16          0          0          0      53673   stm32f4xx_hal_i2c.o
        92          0          0          0          0       3132   stm32f4xx_hal_msp.o
      3018          0          0          0          0      15302   stm32f4xx_hal_pcd.o
       244          0          0          0          0       4567   stm32f4xx_hal_pcd_ex.o
      1396          0          0          0          0       7441   stm32f4xx_hal_rcc.o
      2310          6          0          0          0      56022   stm32f4xx_hal_tim.o
       148          0          0          0          0      21099   stm32f4xx_hal_tim_ex.o
       112          0          0          0          0       8783   stm32f4xx_it.o
      3738          0          0          0          0      33870   stm32f4xx_ll_usb.o
        18          0         24          4          0       2725   system_stm32f4xx.o
       488          0          0          0        144       8323   tim.o
       114          0          0          0        720       3110   usb_device.o
       876         12          0        267          0      10610   usbd_cdc.o
       138          0          0         20       4096       4972   usbd_cdc_if.o
       760          0          0          0       1576      17586   usbd_conf.o
       776          0          0          0          0       8445   usbd_core.o
      1586         34          0          0          1       9956   usbd_ctlreq.o
       560         72          0         76        512       4140   usbd_desc.o
       128          0          0          0          0       4622   usbd_ioreq.o

    ----------------------------------------------------------------------
     36098        344        472        424       9056     381751   Object Totals
         0          0         32          0          0          0   (incl. Generated)
       268          8          0          9          3          0   (incl. Padding)

    ----------------------------------------------------------------------

      Code (inc. data)   RO Data    RW Data    ZI Data      Debug   Library Member Name

        90          0          0          0          0          0   __dczerorl2.o
         8          0          0          0          0         68   __main.o
         0          0          0          0          0          0   __rtentry.o
        12          0          0          0          0          0   __rtentry2.o
         6          0          0          0          0          0   __rtentry4.o
        52          8          0          0          0          0   __scatter.o
        28          0          0          0          0          0   __scatter_zi.o
        22          0          0          0          0        100   _rserrno.o
        10          0          0          0          0         68   defsig_exit.o
        50          0          0          0          0         88   defsig_general.o
        80         58          0          0          0         76   defsig_rtmem_inner.o
        14          0          0          0          0         80   defsig_rtmem_outer.o
        18          0          0          0          0         80   exit.o
        94          0          0          0          0         80   h1_alloc.o
        52          0          0          0          0         68   h1_extend.o
        78          0          0          0          0         80   h1_free.o
        14          0          0          0          0         84   h1_init.o
         6          0          0          0          0        152   heapauxi.o
         4          0          0          0          0        136   hguard.o
         0          0          0          0          0          0   indicate_semi.o
       138          0          0          0          0        168   init_alloc.o
         2          0          0          0          0          0   libinit.o
        14          0          0          0          0          0   libinit2.o
         2          0          0          0          0          0   libshutdown.o
         2          0          0          0          0          0   libshutdown2.o
         8          4          0          0         96         68   libspace.o
       240          0          0          0          0        100   lludivv7m.o
         0          0          0          0          0          0   maybetermalloc1.o
         8          4          0          0          0         68   rt_errno_addr_intlibspace.o
         8          4          0          0          0         68   rt_heap_descriptor_intlibspace.o
       100          0          0          0          0         80   rt_memcpy_w.o
         2          0          0          0          0          0   rtexit.o
        10          0          0          0          0          0   rtexit2.o
        12          4          0          0          0         68   sys_exit.o
        74          0          0          0          0         80   sys_stackheap_outer.o
        14          0          0          0          0         76   sys_wrch.o
         2          0          0          0          0         68   use_no_semi.o
        24          0          0          0          0        164   basic.o
        98          4          0          0          0        140   d2f.o
       834         16          0          0          0        516   daddsub_clz.o
        84          0          0          0          0        244   dcmp.o
        24          0          0          0          0        116   dcmpi.o
       692        140          0          0          0        264   ddiv.o
       120          4          0          0          0        140   deqf.o
        94          4          0          0          0        140   dfix.o
        84          0          0          0          0        232   dflt_clz.o
       120          4          0          0          0        140   dgeqf.o
       120          4          0          0          0        140   dleqf.o
       340         12          0          0          0        152   dmul.o
       156          4          0          0          0        140   dnaninf.o
        12          0          0          0          0        116   dretinf.o
       108          0          0          0          0        128   drleqf.o
       408         56          0          0          0        168   dsqrt_umaal.o
        86          4          0          0          0        132   f2d.o
       140          4          0          0          0        132   fnaninf.o
        26          0          0          0          0        116   fpinit.o
        10          0          0          0          0        116   fretinf.o
         0          0          0          0          0          0   usenofp.o
       856        118         80          0          0        288   acos.o
       200         20          0          0          0        164   cos.o
       368         46         48          0          0        200   cos_i.o
       116         24          0          0          0        496   dunder.o
       856        142         88          0          0        288   exp.o
        24          0          0          0          0        124   fabs.o
        48          0          0          0          0        124   fpclassify.o
       248          0          0          0          0        152   poly.o
      1080        142        204          0          0        188   rred.o
       200         20          0          0          0        164   sin.o
       304         24         40          0          0        208   sin_i.o
       232          0          0          0          0        296   sqrt.o

    ----------------------------------------------------------------------
      9422        874        464          0         96       8132   Library Totals
        36          0          4          0          0          0   (incl. Padding)

    ----------------------------------------------------------------------

      Code (inc. data)   RO Data    RW Data    ZI Data      Debug   Library Name

      1274         82          0          0         96       2004   c_w.l
      3580        256          0          0          0       3436   fz_wm.l
      4532        536        460          0          0       2692   m_wm.l

    ----------------------------------------------------------------------
      9422        874        464          0         96       8132   Library Totals

    ----------------------------------------------------------------------

==============================================================================


      Code (inc. data)   RO Data    RW Data    ZI Data      Debug   

     45520       1218        936        424       9152     384523   Grand Totals
     45520       1218        936        232       9152     384523   ELF Image Totals (compressed)
     45520       1218        936        232          0          0   ROM Totals

==============================================================================

    Total RO  Size (Code + RO Data)                46456 (  45.37kB)
    Total RW  Size (RW Data + ZI Data)              9576 (   9.35kB)
    Total ROM Size (Code + RO Data + RW Data)      46688 (  45.59kB)

==============================================================================

