Component: Arm Compiler for Embedded 6.18 Tool: armlink [5e4cc100]

==============================================================================

Section Cross References

    startup_stm32f103xb.o(STACK) refers (Special) to heapauxi.o(.text) for __use_two_region_memory
    startup_stm32f103xb.o(HEAP) refers (Special) to heapauxi.o(.text) for __use_two_region_memory
    startup_stm32f103xb.o(RESET) refers (Special) to heapauxi.o(.text) for __use_two_region_memory
    startup_stm32f103xb.o(RESET) refers to startup_stm32f103xb.o(STACK) for __initial_sp
    startup_stm32f103xb.o(RESET) refers to startup_stm32f103xb.o(.text) for Reset_Handler
    startup_stm32f103xb.o(RESET) refers to stm32f1xx_it.o(.text.NMI_Handler) for NMI_Handler
    startup_stm32f103xb.o(RESET) refers to stm32f1xx_it.o(.text.HardFault_Handler) for HardFault_Handler
    startup_stm32f103xb.o(RESET) refers to stm32f1xx_it.o(.text.MemManage_Handler) for MemManage_Handler
    startup_stm32f103xb.o(RESET) refers to stm32f1xx_it.o(.text.BusFault_Handler) for BusFault_Handler
    startup_stm32f103xb.o(RESET) refers to stm32f1xx_it.o(.text.UsageFault_Handler) for UsageFault_Handler
    startup_stm32f103xb.o(RESET) refers to stm32f1xx_it.o(.text.SVC_Handler) for SVC_Handler
    startup_stm32f103xb.o(RESET) refers to stm32f1xx_it.o(.text.DebugMon_Handler) for DebugMon_Handler
    startup_stm32f103xb.o(RESET) refers to stm32f1xx_it.o(.text.PendSV_Handler) for PendSV_Handler
    startup_stm32f103xb.o(RESET) refers to stm32f1xx_it.o(.text.SysTick_Handler) for SysTick_Handler
    startup_stm32f103xb.o(RESET) refers to stm32f1xx_it.o(.text.DMA1_Channel4_IRQHandler) for DMA1_Channel4_IRQHandler
    startup_stm32f103xb.o(RESET) refers to stm32f1xx_it.o(.text.DMA1_Channel7_IRQHandler) for DMA1_Channel7_IRQHandler
    startup_stm32f103xb.o(RESET) refers to stm32f1xx_it.o(.text.TIM4_IRQHandler) for TIM4_IRQHandler
    startup_stm32f103xb.o(RESET) refers to stm32f1xx_it.o(.text.I2C1_EV_IRQHandler) for I2C1_EV_IRQHandler
    startup_stm32f103xb.o(RESET) refers to stm32f1xx_it.o(.text.I2C1_ER_IRQHandler) for I2C1_ER_IRQHandler
    startup_stm32f103xb.o(RESET) refers to stm32f1xx_it.o(.text.USART1_IRQHandler) for USART1_IRQHandler
    startup_stm32f103xb.o(.text) refers (Special) to heapauxi.o(.text) for __use_two_region_memory
    startup_stm32f103xb.o(.text) refers to system_stm32f1xx.o(.text.SystemInit) for SystemInit
    startup_stm32f103xb.o(.text) refers to __main.o(!!!main) for __main
    startup_stm32f103xb.o(.text) refers to startup_stm32f103xb.o(HEAP) for Heap_Mem
    startup_stm32f103xb.o(.text) refers to startup_stm32f103xb.o(STACK) for Stack_Mem
    mpu9255.o(.text.MPU9255setup) refers to mpu9255.o(.bss.mpu9255i2c) for mpu9255i2c
    mpu9255.o(.text.MPU9255setup) refers to stm32f1xx_hal.o(.text.HAL_Delay) for HAL_Delay
    mpu9255.o(.text.MPU9255setup) refers to stm32f1xx_hal_i2c.o(.text.HAL_I2C_Mem_Write) for HAL_I2C_Mem_Write
    mpu9255.o(.text.MPU9255setup) refers to stm32f1xx_hal_i2c.o(.text.HAL_I2C_Mem_Read) for HAL_I2C_Mem_Read
    mpu9255.o(.text.MPU9255setup) refers to mpu9255.o(.bss.overload) for overload
    mpu9255.o(.text.MPU9255setup) refers to mpu9255.o(.bss.ACx) for ACx
    mpu9255.o(.text.MPU9255setup) refers to mpu9255.o(.bss.ACy) for ACy
    mpu9255.o(.text.MPU9255setup) refers to mpu9255.o(.bss.ACz) for ACz
    mpu9255.o(.text.MPU9255setup) refers to mpu9255.o(.bss.GYx) for GYx
    mpu9255.o(.text.MPU9255setup) refers to mpu9255.o(.bss.GYy) for GYy
    mpu9255.o(.text.MPU9255setup) refers to mpu9255.o(.bss.GYz) for GYz
    mpu9255.o(.text.MPU9255setup) refers to mpu9255.o(.bss.MAGx) for MAGx
    mpu9255.o(.text.MPU9255setup) refers to mpu9255.o(.bss.MAGy) for MAGy
    mpu9255.o(.text.MPU9255setup) refers to mpu9255.o(.bss.MAGz) for MAGz
    mpu9255.o(.ARM.exidx.text.MPU9255setup) refers to mpu9255.o(.text.MPU9255setup) for [Anonymous Symbol]
    mpu9255.o(.text.MPU9255_IT) refers to mpu9255.o(.bss.mpu9255i2c) for mpu9255i2c
    mpu9255.o(.text.MPU9255_IT) refers to mpu9255.o(.bss.i2cAccReceivedFlag) for i2cAccReceivedFlag
    mpu9255.o(.text.MPU9255_IT) refers to mpu9255.o(.bss.i2cMagReceivedFlag) for i2cMagReceivedFlag
    mpu9255.o(.ARM.exidx.text.MPU9255_IT) refers to mpu9255.o(.text.MPU9255_IT) for [Anonymous Symbol]
    mpu9255.o(.text.MPU9255_ACC_GYRO_isReady) refers to mpu9255.o(.bss.accGyroDataReady) for accGyroDataReady
    mpu9255.o(.ARM.exidx.text.MPU9255_ACC_GYRO_isReady) refers to mpu9255.o(.text.MPU9255_ACC_GYRO_isReady) for [Anonymous Symbol]
    mpu9255.o(.text.MPU9255_MAG_isReady) refers to mpu9255.o(.bss.magDataReady) for magDataReady
    mpu9255.o(.ARM.exidx.text.MPU9255_MAG_isReady) refers to mpu9255.o(.text.MPU9255_MAG_isReady) for [Anonymous Symbol]
    mpu9255.o(.text.MPU9255_cycle) refers to mpu9255.o(.bss.accGyroTime) for accGyroTime
    mpu9255.o(.text.MPU9255_cycle) refers to mpu9255.o(.bss.mpu9255i2c) for mpu9255i2c
[...]
    [Anonymous Symbol]                       0x2000009c   Section        0  mpu9255.o(.bss.GYy)
    GYz                                      0x200000a8   Data           4  mpu9255.o(.bss.GYz)
    [Anonymous Symbol]                       0x200000a8   Section        0  mpu9255.o(.bss.GYz)
    MAGx                                     0x200000b4   Data           4  mpu9255.o(.bss.MAGx)
    [Anonymous Symbol]                       0x200000b4   Section        0  mpu9255.o(.bss.MAGx)
    MAGy                                     0x200000bc   Data           4  mpu9255.o(.bss.MAGy)
    [Anonymous Symbol]                       0x200000bc   Section        0  mpu9255.o(.bss.MAGy)
    MAGz                                     0x200000c4   Data           4  mpu9255.o(.bss.MAGz)
    [Anonymous Symbol]                       0x200000c4   Section        0  mpu9255.o(.bss.MAGz)
    MPUdata                                  0x200000cc   Data          16  mpu9255.o(.bss.MPUdata)
    [Anonymous Symbol]                       0x200000cc   Section        0  mpu9255.o(.bss.MPUdata)
    accGyroDataReady                         0x200000dc   Data           1  mpu9255.o(.bss.accGyroDataReady)
    [Anonymous Symbol]                       0x200000dc   Section        0  mpu9255.o(.bss.accGyroDataReady)
    accGyroTime                              0x200000f0   Data           8  mpu9255.o(.bss.accGyroTime)
    [Anonymous Symbol]                       0x200000f0   Section        0  mpu9255.o(.bss.accGyroTime)
    i2cAccReceivedFlag                       0x20000278   Data           1  mpu9255.o(.bss.i2cAccReceivedFlag)
    [Anonymous Symbol]                       0x20000278   Section        0  mpu9255.o(.bss.i2cAccReceivedFlag)
    i2cMagReceivedFlag                       0x20000279   Data           1  mpu9255.o(.bss.i2cMagReceivedFlag)
    [Anonymous Symbol]                       0x20000279   Section        0  mpu9255.o(.bss.i2cMagReceivedFlag)
    magDataReady                             0x2000027a   Data           1  mpu9255.o(.bss.magDataReady)
    [Anonymous Symbol]                       0x2000027a   Section        0  mpu9255.o(.bss.magDataReady)
    magTime                                  0x20000280   Data           8  mpu9255.o(.bss.magTime)
    [Anonymous Symbol]                       0x20000280   Section        0  mpu9255.o(.bss.magTime)
    main.ledToggleCnt                        0x2000028c   Data           4  main.o(.bss.main.ledToggleCnt)
    [Anonymous Symbol]                       0x2000028c   Section        0  main.o(.bss.main.ledToggleCnt)
    microsCnt                                0x20000290   Data           8  micros.o(.bss.microsCnt)
    [Anonymous Symbol]                       0x20000290   Section        0  micros.o(.bss.microsCnt)
    microsTimer                              0x20000298   Data           4  micros.o(.bss.microsTimer)
    [Anonymous Symbol]                       0x20000298   Section        0  micros.o(.bss.microsTimer)
    mpu9255i2c                               0x2000029c   Data           4  mpu9255.o(.bss.mpu9255i2c)
    [Anonymous Symbol]                       0x2000029c   Section        0  mpu9255.o(.bss.mpu9255i2c)
    overload                                 0x200002a0   Data           4  mpu9255.o(.bss.overload)
    [Anonymous Symbol]                       0x200002a0   Section        0  mpu9255.o(.bss.overload)
    transmitBasis.prewTime                   0x200002a4   Data           4  main.o(.bss.transmitBasis.prewTime)
    [Anonymous Symbol]                       0x200002a4   Section        0  main.o(.bss.transmitBasis.prewTime)
    Heap_Mem                                 0x200002b0   Data         512  startup_stm32f103xb.o(HEAP)
    HEAP                                     0x200002b0   Section      512  startup_stm32f103xb.o(HEAP)
    Stack_Mem                                0x200004b0   Data        1024  startup_stm32f103xb.o(STACK)
    STACK                                    0x200004b0   Section     1024  startup_stm32f103xb.o(STACK)
    __initial_sp                             0x200008b0   Data           0  startup_stm32f103xb.o(STACK)

    Global Symbols

    Symbol Name                              Value     Ov Type        Size  Object(Section)

    BuildAttributes$$THM_ISAv4$P$D$K$B$S$PE$A:L22UL41UL21$X:L11$S22US41US21$IEEE1$IW$~IW$USESV6$~STKCKD$USESV7$~SHL$OTIME$ROPI$IEEEX$EBA8$UX$STANDARDLIB$REQ8$PRES8$EABIv2 0x00000000   Number         0  anon$$obj.o ABSOLUTE
    __fp_init_empty                          0x00000000   Number         0  fpinit_empty.o ABSOLUTE
    __ARM_exceptions_init                     - Undefined Weak Reference
    __alloca_initialize                       - Undefined Weak Reference
    __arm_preinit_                            - Undefined Weak Reference
    __arm_relocate_pie_                       - Undefined Weak Reference
    __cpp_initialize__aeabi_                  - Undefined Weak Reference
    __cxa_finalize                            - Undefined Weak Reference
    __rt_locale                               - Undefined Weak Reference
    __sigvec_lookup                           - Undefined Weak Reference
    __user_heap_extent                        - Undefined Weak Reference
    _atexit_init                              - Undefined Weak Reference
    _call_atexit_fns                          - Undefined Weak Reference
    _clock_init                               - Undefined Weak Reference
    _fp_trap_init                             - Undefined Weak Reference
    _fp_trap_shutdown                         - Undefined Weak Reference
    _get_lc_collate                           - Undefined Weak Reference
    _get_lc_ctype                             - Undefined Weak Reference
    _get_lc_monetary                          - Undefined Weak Reference
    _get_lc_numeric                           - Undefined Weak Reference
    _get_lc_time                              - Undefined Weak Reference
    _getenv_init                              - Undefined Weak Reference
    _handle_redirection                       - Undefined Weak Reference
    _initio                                   - Undefined Weak Reference
    _mutex_acquire                            - Undefined Weak Reference
    _mutex_free                               - Undefined Weak Reference
    _mutex_release                            - Undefined Weak Reference
    _rand_init                                - Undefined Weak Reference
    _signal_finish                            - Undefined Weak Reference
    _signal_init                              - Undefined Weak Reference
    _terminateio                              - Undefined Weak Reference
    __Vectors_Size                           0x000000ec   Number         0  startup_stm32f103xb.o ABSOLUTE
    __Vectors                                0x08000000   Data           4  startup_stm32f103xb.o(RESET)
    __Vectors_End                            0x080000ec   Data           0  startup_stm32f103xb.o(RESET)
    __main                                   0x080000ed   Thumb Code     8  __main.o(!!!main)
    __scatterload                            0x080000f5   Thumb Code     0  __scatter.o(!!!scatter)
    __scatterload_rt2                        0x080000f5   Thumb Code    44  __scatter.o(!!!scatter)
    __scatterload_rt2_thumb_only             0x080000f5   Thumb Code     0  __scatter.o(!!!scatter)
    __scatterload_null                       0x08000103   Thumb Code     0  __scatter.o(!!!scatter)
    __scatterload_copy                       0x08000129   Thumb Code    26  __scatter_copy.o(!!handler_copy)
    __scatterload_zeroinit                   0x08000145   Thumb Code    28  __scatter_zi.o(!!handler_zi)
    __rt_lib_init                            0x08000161   Thumb Code     0  libinit.o(.ARM.Collect$$libinit$$00000000)
    __rt_lib_init_fp_1                       0x08000163   Thumb Code     0  libinit2.o(.ARM.Collect$$libinit$$00000002)
    __rt_lib_init_heap_2                     0x08000163   Thumb Code     0  libinit2.o(.ARM.Collect$$libinit$$00000007)
    __rt_lib_init_preinit_1                  0x08000163   Thumb Code     0  libinit2.o(.ARM.Collect$$libinit$$00000006)
    __rt_lib_init_relocate_pie_1             0x08000163   Thumb Code     0  libinit2.o(.ARM.Collect$$libinit$$00000004)
    __rt_lib_init_alloca_1                   0x0800016b   Thumb Code     0  libinit2.o(.ARM.Collect$$libinit$$00000030)
    __rt_lib_init_argv_1                     0x0800016b   Thumb Code     0  libinit2.o(.ARM.Collect$$libinit$$0000002E)
    __rt_lib_init_atexit_1                   0x0800016b   Thumb Code     0  libinit2.o(.ARM.Collect$$libinit$$0000001D)
    __rt_lib_init_clock_1                    0x0800016b   Thumb Code     0  libinit2.o(.ARM.Collect$$libinit$$00000023)
    __rt_lib_init_cpp_1                      0x0800016b   Thumb Code     0  libinit2.o(.ARM.Collect$$libinit$$00000034)
    __rt_lib_init_exceptions_1               0x0800016b   Thumb Code     0  libinit2.o(.ARM.Collect$$libinit$$00000032)
    __rt_lib_init_fp_trap_1                  0x0800016b   Thumb Code     0  libinit2.o(.ARM.Collect$$libinit$$00000021)
    __rt_lib_init_getenv_1                   0x0800016b   Thumb Code     0  libinit2.o(.ARM.Collect$$libinit$$00000025)
    __rt_lib_init_heap_1                     0x0800016b   Thumb Code     0  libinit2.o(.ARM.Collect$$libinit$$0000000C)
    __rt_lib_init_lc_collate_1               0x0800016b   Thumb Code     0  libinit2.o(.ARM.Collect$$libinit$$00000013)
    __rt_lib_init_lc_ctype_1                 0x0800016b   Thumb Code     0  libinit2.o(.ARM.Collect$$libinit$$00000015)
    __rt_lib_init_lc_monetary_1              0x0800016b   Thumb Code     0  libinit2.o(.ARM.Collect$$libinit$$00000017)
    __rt_lib_init_lc_numeric_1               0x0800016b   Thumb Code     0  libinit2.o(.ARM.Collect$$libinit$$00000019)
    __rt_lib_init_lc_time_1                  0x0800016b   Thumb Code     0  libinit2.o(.ARM.Collect$$libinit$$0000001B)
    __rt_lib_init_rand_1                     0x0800016b   Thumb Code     0  libinit2.o(.ARM.Collect$$libinit$$00000010)
    __rt_lib_init_return                     0x0800016b   Thumb Code     0  libinit2.o(.ARM.Collect$$libinit$$00000035)
    __rt_lib_init_signal_1                   0x0800016b   Thumb Code     0  libinit2.o(.ARM.Collect$$libinit$$0000001F)
    __rt_lib_init_stdio_1                    0x0800016b   Thumb Code     0  libinit2.o(.ARM.Collect$$libinit$$00000027)
    __rt_lib_init_user_alloc_1               0x0800016b   Thumb Code     0  libinit2.o(.ARM.Collect$$libinit$$0000000E)
    __rt_lib_shutdown                        0x0800016d   Thumb Code     0  libshutdown.o(.ARM.Collect$$libshutdown$$00000000)
    __rt_lib_shutdown_cpp_1                  0x0800016f   Thumb Code     0  libshutdown2.o(.ARM.Collect$$libshutdown$$00000002)
    __rt_lib_shutdown_fp_trap_1              0x0800016f   Thumb Code     0  libshutdown2.o(.ARM.Collect$$libshutdown$$00000007)
    __rt_lib_shutdown_heap_1                 0x0800016f   Thumb Code     0  libshutdown2.o(.ARM.Collect$$libshutdown$$0000000F)
    __rt_lib_shutdown_return                 0x0800016f   Thumb Code     0  libshutdown2.o(.ARM.Collect$$libshutdown$$00000010)
    __rt_lib_shutdown_signal_1               0x0800016f   Thumb Code     0  libshutdown2.o(.ARM.Collect$$libshutdown$$0000000A)
    __rt_lib_shutdown_stdio_1                0x0800016f   Thumb Code     0  libshutdown2.o(.ARM.Collect$$libshutdown$$00000004)
    __rt_lib_shutdown_user_alloc_1           0x0800016f   Thumb Code     0  libshutdown2.o(.ARM.Collect$$libshutdown$$0000000C)
    __rt_entry                               0x08000171   Thumb Code     0  __rtentry.o(.ARM.Collect$$rtentry$$00000000)
    __rt_entry_presh_1                       0x08000171   Thumb Code     0  __rtentry2.o(.ARM.Collect$$rtentry$$00000002)
    __rt_entry_sh                            0x08000171   Thumb Code     0  __rtentry4.o(.ARM.Collect$$rtentry$$00000004)
    __rt_entry_li                            0x08000177   Thumb Code     0  __rtentry2.o(.ARM.Collect$$rtentry$$0000000A)
    __rt_entry_postsh_1                      0x08000177   Thumb Code     0  __rtentry2.o(.ARM.Collect$$rtentry$$00000009)
    __rt_entry_main                          0x0800017b   Thumb Code     0  __rtentry2.o(.ARM.Collect$$rtentry$$0000000D)
    __rt_entry_postli_1                      0x0800017b   Thumb Code     0  __rtentry2.o(.ARM.Collect$$rtentry$$0000000C)
    __rt_exit                                0x08000183   Thumb Code     0  rtexit.o(.ARM.Collect$$rtexit$$00000000)
    __rt_exit_ls                             0x08000185   Thumb Code     0  rtexit2.o(.ARM.Collect$$rtexit$$00000003)
    __rt_exit_prels_1                        0x08000185   Thumb Code     0  rtexit2.o(.ARM.Collect$$rtexit$$00000002)
    __rt_exit_exit                           0x08000189   Thumb Code     0  rtexit2.o(.ARM.Collect$$rtexit$$00000004)
    Reset_Handler                            0x08000191   Thumb Code     8  startup_stm32f103xb.o(.text)
    ADC1_2_IRQHandler                        0x080001ab   Thumb Code     0  startup_stm32f103xb.o(.text)
    CAN1_RX1_IRQHandler                      0x080001ab   Thumb Code     0  startup_stm32f103xb.o(.text)
    CAN1_SCE_IRQHandler                      0x080001ab   Thumb Code     0  startup_stm32f103xb.o(.text)
    DMA1_Channel1_IRQHandler                 0x080001ab   Thumb Code     0  startup_stm32f103xb.o(.text)
    DMA1_Channel2_IRQHandler                 0x080001ab   Thumb Code     0  startup_stm32f103xb.o(.text)
    DMA1_Channel3_IRQHandler                 0x080001ab   Thumb Code     0  startup_stm32f103xb.o(.text)
    DMA1_Channel5_IRQHandler                 0x080001ab   Thumb Code     0  startup_stm32f103xb.o(.text)
    DMA1_Channel6_IRQHandler                 0x080001ab   Thumb Code     0  startup_stm32f103xb.o(.text)
    EXTI0_IRQHandler                         0x080001ab   Thumb Code     0  startup_stm32f103xb.o(.text)
    EXTI15_10_IRQHandler                     0x080001ab   Thumb Code     0  startup_stm32f103xb.o(.text)
    EXTI1_IRQHandler                         0x080001ab   Thumb Code     0  startup_stm32f103xb.o(.text)
    EXTI2_IRQHandler                         0x080001ab   Thumb Code     0  startup_stm32f103xb.o(.text)
    EXTI3_IRQHandler                         0x080001ab   Thumb Code     0  startup_stm32f103xb.o(.text)
    EXTI4_IRQHandler                         0x080001ab   Thumb Code     0  startup_stm32f103xb.o(.text)
    EXTI9_5_IRQHandler                       0x080001ab   Thumb Code     0  startup_stm32f103xb.o(.text)
    FLASH_IRQHandler                         0x080001ab   Thumb Code     0  startup_stm32f103xb.o(.text)
    I2C2_ER_IRQHandler                       0x080001ab   Thumb Code     0  startup_stm32f103xb.o(.text)
    I2C2_EV_IRQHandler                       0x080001ab   Thumb Code     0  startup_stm32f103xb.o(.text)
    PVD_IRQHandler                           0x080001ab   Thumb Code     0  startup_stm32f103xb.o(.text)
    RCC_IRQHandler                           0x080001ab   Thumb Code     0  startup_stm32f103xb.o(.text)
    RTC_Alarm_IRQHandler                     0x080001ab   Thumb Code     0  startup_stm32f103xb.o(.text)
    RTC_IRQHandler                           0x080001ab   Thumb Code     0  startup_stm32f103xb.o(.text)
    SPI1_IRQHandler                          0x080001ab   Thumb Code     0  startup_stm32f103xb.o(.text)
    SPI2_IRQHandler                          0x080001ab   Thumb Code     0  startup_stm32f103xb.o(.text)
    TAMPER_IRQHandler                        0x080001ab   Thumb Code     0  startup_stm32f103xb.o(.text)
    TIM1_BRK_IRQHandler                      0x080001ab   Thumb Code     0  startup_stm32f103xb.o(.text)
    TIM1_CC_IRQHandler                       0x080001ab   Thumb Code     0  startup_stm32f103xb.o(.text)
    TIM1_TRG_COM_IRQHandler                  0x080001ab   Thumb Code     0  startup_stm32f103xb.o(.text)
    TIM1_UP_IRQHandler                       0x080001ab   Thumb Code     0  startup_stm32f103xb.o(.text)
    TIM2_IRQHandler                          0x080001ab   Thumb Code     0  startup_stm32f103xb.o(.text)
    TIM3_IRQHandler                          0x080001ab   Thumb Code     0  startup_stm32f103xb.o(.text)
    USART2_IRQHandler                        0x080001ab   Thumb Code     0  startup_stm32f103xb.o(.text)
    USART3_IRQHandler                        0x080001ab   Thumb Code     0  startup_stm32f103xb.o(.text)
    USBWakeUp_IRQHandler                     0x080001ab   Thumb Code     0  startup_stm32f103xb.o(.text)
    USB_HP_CAN1_TX_IRQHandler                0x080001ab   Thumb Code     0  startup_stm32f103xb.o(.text)
    USB_LP_CAN1_RX0_IRQHandler               0x080001ab   Thumb Code     0  startup_stm32f103xb.o(.text)
    WWDG_IRQHandler                          0x080001ab   Thumb Code     0  startup_stm32f103xb.o(.text)
    __user_initial_stackheap                 0x080001ad   Thumb Code     0  startup_stm32f103xb.o(.text)
    malloc                                   0x080001d1   Thumb Code    94  h1_alloc.o(.text)
    __aeabi_memcpy4                          0x0800022f   Thumb Code     0  rt_memcpy_w.o(.text)
    __aeabi_memcpy8                          0x0800022f   Thumb Code     0  rt_memcpy_w.o(.text)
    __rt_memcpy_w                            0x0800022f   Thumb Code   100  rt_memcpy_w.o(.text)
    _memcpy_lastbytes_aligned                0x08000277   Thumb Code     0  rt_memcpy_w.o(.text)
    __aeabi_memclr4                          0x08000293   Thumb Code     0  rt_memclr_w.o(.text)
    __aeabi_memclr8                          0x08000293   Thumb Code     0  rt_memclr_w.o(.text)
    __rt_memclr_w                            0x08000293   Thumb Code     0  rt_memclr_w.o(.text)
    _memset_w                                0x08000297   Thumb Code    74  rt_memclr_w.o(.text)
    __use_two_region_memory                  0x080002e1   Thumb Code     2  heapauxi.o(.text)
    __rt_heap_escrow                         0x080002e3   Thumb Code     2  heapauxi.o(.text)
    __rt_heap_expand                         0x080002e5   Thumb Code     2  heapauxi.o(.text)
    __rt_heap_descriptor                     0x080002e9   Thumb Code     8  rt_heap_descriptor_intlibspace.o(.text)
    __use_no_heap                            0x080002f1   Thumb Code     2  hguard.o(.text)
    __heap$guard                             0x080002f3   Thumb Code     2  hguard.o(.text)
    _terminate_user_alloc                    0x080002f5   Thumb Code     2  init_alloc.o(.text)
    _init_user_alloc                         0x080002f7   Thumb Code     2  init_alloc.o(.text)
    __Heap_Full                              0x080002f9   Thumb Code    34  init_alloc.o(.text)
    __Heap_Broken                            0x0800031b   Thumb Code     6  init_alloc.o(.text)
    _init_alloc                              0x08000321   Thumb Code    94  init_alloc.o(.text)
    __Heap_Initialize                        0x0800037f   Thumb Code    10  h1_init.o(.text)
    __Heap_DescSize                          0x08000389   Thumb Code     4  h1_init.o(.text)
    free                                     0x0800038d   Thumb Code    78  h1_free.o(.text)
    __read_errno                             0x080003db   Thumb Code    10  _rserrno.o(.text)
    __set_errno                              0x080003e5   Thumb Code    12  _rserrno.o(.text)
    __user_libspace                          0x080003f1   Thumb Code     8  libspace.o(.text)
    __user_perproc_libspace                  0x080003f1   Thumb Code     0  libspace.o(.text)
    __user_perthread_libspace                0x080003f1   Thumb Code     0  libspace.o(.text)
    __aeabi_errno_addr                       0x080003f9   Thumb Code     8  rt_errno_addr_intlibspace.o(.text)
    __errno$intlibspace                      0x080003f9   Thumb Code     0  rt_errno_addr_intlibspace.o(.text)
    __rt_errno_addr$intlibspace              0x080003f9   Thumb Code     0  rt_errno_addr_intlibspace.o(.text)
    __Heap_ProvideMemory                     0x08000401   Thumb Code    52  h1_extend.o(.text)
    _maybe_terminate_alloc                   0x08000401   Thumb Code     0  maybetermalloc1.o(.text)
    __rt_SIGRTMEM                            0x08000435   Thumb Code    14  defsig_rtmem_outer.o(.text)
    __I$use$semihosting                      0x08000443   Thumb Code     0  use_no_semi.o(.text)
    __use_no_semihosting_swi                 0x08000443   Thumb Code     2  use_no_semi.o(.text)
    __semihosting_library_function           0x08000445   Thumb Code     0  indicate_semi.o(.text)
    __user_setup_stackheap                   0x08000445   Thumb Code    74  sys_stackheap_outer.o(.text)
    exit                                     0x0800048f   Thumb Code    18  exit.o(.text)
    __sig_exit                               0x080004a1   Thumb Code    10  defsig_exit.o(.text)
    __rt_SIGRTMEM_inner                      0x080004ad   Thumb Code    22  defsig_rtmem_inner.o(.text)
    _sys_exit                                0x080004fd   Thumb Code     8  sys_exit.o(.text)
    __default_signal_display                 0x08000509   Thumb Code    50  defsig_general.o(.text)
    _ttywrch                                 0x0800053b   Thumb Code    14  sys_wrch.o(.text)
    BusFault_Handler                         0x08000549   Thumb Code     2  stm32f1xx_it.o(.text.BusFault_Handler)
    DMA1_Channel4_IRQHandler                 0x0800054d   Thumb Code    16  stm32f1xx_it.o(.text.DMA1_Channel4_IRQHandler)
    DMA1_Channel7_IRQHandler                 0x0800055d   Thumb Code    16  stm32f1xx_it.o(.text.DMA1_Channel7_IRQHandler)
    DebugMon_Handler                         0x0800056d   Thumb Code     2  stm32f1xx_it.o(.text.DebugMon_Handler)
    Error_Handler                            0x08000571   Thumb Code    10  main.o(.text.Error_Handler)
    HAL_DMA_Abort                            0x0800057d   Thumb Code    64  stm32f1xx_hal_dma.o(.text.HAL_DMA_Abort)
    HAL_DMA_Abort_IT                         0x080005bd   Thumb Code   164  stm32f1xx_hal_dma.o(.text.HAL_DMA_Abort_IT)
    HAL_DMA_GetState                         0x08000661   Thumb Code     6  stm32f1xx_hal_dma.o(.text.HAL_DMA_GetState)
    HAL_DMA_IRQHandler                       0x08000669   Thumb Code   366  stm32f1xx_hal_dma.o(.text.HAL_DMA_IRQHandler)
    HAL_DMA_Init                             0x080007d9   Thumb Code   118  stm32f1xx_hal_dma.o(.text.HAL_DMA_Init)
    HAL_DMA_Start_IT                         0x08000851   Thumb Code   152  stm32f1xx_hal_dma.o(.text.HAL_DMA_Start_IT)
    HAL_Delay                                0x080008e9   Thumb Code    40  stm32f1xx_hal.o(.text.HAL_Delay)
    HAL_GPIO_Init                            0x08000911   Thumb Code   510  stm32f1xx_hal_gpio.o(.text.HAL_GPIO_Init)
    HAL_GPIO_TogglePin                       0x08000b11   Thumb Code    16  stm32f1xx_hal_gpio.o(.text.HAL_GPIO_TogglePin)
    HAL_GPIO_WritePin                        0x08000b21   Thumb Code    10  stm32f1xx_hal_gpio.o(.text.HAL_GPIO_WritePin)
    HAL_GetTick                              0x08000b2d   Thumb Code    12  stm32f1xx_hal.o(.text.HAL_GetTick)
    HAL_I2C_AbortCpltCallback                0x08000b39   Thumb Code     2  stm32f1xx_hal_i2c.o(.text.HAL_I2C_AbortCpltCallback)
    HAL_I2C_AddrCallback                     0x08000b3d   Thumb Code     2  stm32f1xx_hal_i2c.o(.text.HAL_I2C_AddrCallback)
    HAL_I2C_ER_IRQHandler                    0x08000b41   Thumb Code   308  stm32f1xx_hal_i2c.o(.text.HAL_I2C_ER_IRQHandler)
    HAL_I2C_EV_IRQHandler                    0x08000c75   Thumb Code  1528  stm32f1xx_hal_i2c.o(.text.HAL_I2C_EV_IRQHandler)
    HAL_I2C_ErrorCallback                    0x0800126d   Thumb Code     2  stm32f1xx_hal_i2c.o(.text.HAL_I2C_ErrorCallback)
    HAL_I2C_Init                             0x08001271   Thumb Code   408  stm32f1xx_hal_i2c.o(.text.HAL_I2C_Init)
    HAL_I2C_ListenCpltCallback               0x08001409   Thumb Code     2  stm32f1xx_hal_i2c.o(.text.HAL_I2C_ListenCpltCallback)
    HAL_I2C_MasterRxCpltCallback             0x0800140d   Thumb Code     2  stm32f1xx_hal_i2c.o(.text.HAL_I2C_MasterRxCpltCallback)
    HAL_I2C_MasterTxCpltCallback             0x08001411   Thumb Code     2  stm32f1xx_hal_i2c.o(.text.HAL_I2C_MasterTxCpltCallback)
    HAL_I2C_MemRxCpltCallback                0x08001415   Thumb Code     2  stm32f1xx_hal_i2c.o(.text.HAL_I2C_MemRxCpltCallback)
    HAL_I2C_MemTxCpltCallback                0x08001419   Thumb Code     2  stm32f1xx_hal_i2c.o(.text.HAL_I2C_MemTxCpltCallback)
    HAL_I2C_Mem_Read                         0x0800141d   Thumb Code   984  stm32f1xx_hal_i2c.o(.text.HAL_I2C_Mem_Read)
    HAL_I2C_Mem_Read_IT                      0x080017f5   Thumb Code   262  stm32f1xx_hal_i2c.o(.text.HAL_I2C_Mem_Read_IT)
    HAL_I2C_Mem_Write                        0x080018fd   Thumb Code   404  stm32f1xx_hal_i2c.o(.text.HAL_I2C_Mem_Write)
    HAL_I2C_MspInit                          0x08001a91   Thumb Code   214  stm32f1xx_hal_msp.o(.text.HAL_I2C_MspInit)
    HAL_I2C_SlaveRxCpltCallback              0x08001b69   Thumb Code     2  stm32f1xx_hal_i2c.o(.text.HAL_I2C_SlaveRxCpltCallback)
    HAL_I2C_SlaveTxCpltCallback              0x08001b6d   Thumb Code     2  stm32f1xx_hal_i2c.o(.text.HAL_I2C_SlaveTxCpltCallback)
    HAL_IncTick                              0x08001b71   Thumb Code    26  stm32f1xx_hal.o(.text.HAL_IncTick)
    HAL_Init                                 0x08001b8d   Thumb Code    38  stm32f1xx_hal.o(.text.HAL_Init)
    HAL_InitTick                             0x08001bb5   Thumb Code    80  stm32f1xx_hal.o(.text.HAL_InitTick)
    HAL_MspInit                              0x08001c05   Thumb Code    66  stm32f1xx_hal_msp.o(.text.HAL_MspInit)
    HAL_NVIC_EnableIRQ                       0x08001c49   Thumb Code    32  stm32f1xx_hal_cortex.o(.text.HAL_NVIC_EnableIRQ)
    HAL_NVIC_SetPriority                     0x08001c69   Thumb Code    86  stm32f1xx_hal_cortex.o(.text.HAL_NVIC_SetPriority)
    HAL_NVIC_SetPriorityGrouping             0x08001cc1   Thumb Code    32  stm32f1xx_hal_cortex.o(.text.HAL_NVIC_SetPriorityGrouping)
    HAL_RCC_ClockConfig                      0x08001ce1   Thumb Code   442  stm32f1xx_hal_rcc.o(.text.HAL_RCC_ClockConfig)
    HAL_RCC_GetPCLK1Freq                     0x08001e9d   Thumb Code    38  stm32f1xx_hal_rcc.o(.text.HAL_RCC_GetPCLK1Freq)
    HAL_RCC_GetPCLK2Freq                     0x08001ec5   Thumb Code    38  stm32f1xx_hal_rcc.o(.text.HAL_RCC_GetPCLK2Freq)
    HAL_RCC_OscConfig                        0x08001eed   Thumb Code   816  stm32f1xx_hal_rcc.o(.text.HAL_RCC_OscConfig)
    HAL_SYSTICK_Config                       0x0800221d   Thumb Code    44  stm32f1xx_hal_cortex.o(.text.HAL_SYSTICK_Config)
    HAL_TIMEx_BreakCallback                  0x08002249   Thumb Code     2  stm32f1xx_hal_tim_ex.o(.text.HAL_TIMEx_BreakCallback)
    HAL_TIMEx_CommutCallback                 0x0800224d   Thumb Code     2  stm32f1xx_hal_tim_ex.o(.text.HAL_TIMEx_CommutCallback)
    HAL_TIMEx_MasterConfigSynchronization    0x08002251   Thumb Code   118  stm32f1xx_hal_tim_ex.o(.text.HAL_TIMEx_MasterConfigSynchronization)
    HAL_TIM_Base_Init                        0x080022c9   Thumb Code   216  stm32f1xx_hal_tim.o(.text.HAL_TIM_Base_Init)
    HAL_TIM_Base_MspInit                     0x080023a1   Thumb Code    68  stm32f1xx_hal_msp.o(.text.HAL_TIM_Base_MspInit)
    HAL_TIM_Base_Start_IT                    0x080023e5   Thumb Code   102  stm32f1xx_hal_tim.o(.text.HAL_TIM_Base_Start_IT)
    HAL_TIM_ConfigClockSource                0x0800244d   Thumb Code   404  stm32f1xx_hal_tim.o(.text.HAL_TIM_ConfigClockSource)
    HAL_TIM_IC_CaptureCallback               0x080025e1   Thumb Code     2  stm32f1xx_hal_tim.o(.text.HAL_TIM_IC_CaptureCallback)
    HAL_TIM_IRQHandler                       0x080025e5   Thumb Code   362  stm32f1xx_hal_tim.o(.text.HAL_TIM_IRQHandler)
    HAL_TIM_OC_DelayElapsedCallback          0x08002751   Thumb Code     2  stm32f1xx_hal_tim.o(.text.HAL_TIM_OC_DelayElapsedCallback)
    HAL_TIM_PWM_PulseFinishedCallback        0x08002755   Thumb Code     2  stm32f1xx_hal_tim.o(.text.HAL_TIM_PWM_PulseFinishedCallback)
    HAL_TIM_PeriodElapsedCallback            0x08002759   Thumb Code     2  stm32f1xx_hal_tim.o(.text.HAL_TIM_PeriodElapsedCallback)
    HAL_TIM_TriggerCallback                  0x0800275d   Thumb Code     2  stm32f1xx_hal_tim.o(.text.HAL_TIM_TriggerCallback)
    HAL_UARTEx_RxEventCallback               0x08002761   Thumb Code     2  stm32f1xx_hal_uart.o(.text.HAL_UARTEx_RxEventCallback)
    HAL_UART_ErrorCallback                   0x08002765   Thumb Code     2  stm32f1xx_hal_uart.o(.text.HAL_UART_ErrorCallback)
    HAL_UART_IRQHandler                      0x08002769   Thumb Code   598  stm32f1xx_hal_uart.o(.text.HAL_UART_IRQHandler)
    HAL_UART_Init                            0x080029c1   Thumb Code   218  stm32f1xx_hal_uart.o(.text.HAL_UART_Init)
    HAL_UART_MspInit                         0x08002a9d   Thumb Code   194  stm32f1xx_hal_msp.o(.text.HAL_UART_MspInit)
    HAL_UART_RxCpltCallback                  0x08002b61   Thumb Code     2  stm32f1xx_hal_uart.o(.text.HAL_UART_RxCpltCallback)
    HAL_UART_Transmit_DMA                    0x08002b65   Thumb Code   122  stm32f1xx_hal_uart.o(.text.HAL_UART_Transmit_DMA)
    HAL_UART_TxCpltCallback                  0x08002be1   Thumb Code     2  stm32f1xx_hal_uart.o(.text.HAL_UART_TxCpltCallback)
    HAL_UART_TxHalfCpltCallback              0x08002be5   Thumb Code     2  stm32f1xx_hal_uart.o(.text.HAL_UART_TxHalfCpltCallback)
    HardFault_Handler                        0x08002be9   Thumb Code     2  stm32f1xx_it.o(.text.HardFault_Handler)
    I2C1_ER_IRQHandler                       0x08002bed   Thumb Code    16  stm32f1xx_it.o(.text.I2C1_ER_IRQHandler)
    I2C1_EV_IRQHandler                       0x08002bfd   Thumb Code    20  stm32f1xx_it.o(.text.I2C1_EV_IRQHandler)
    MPU9255_ACC_GYRO_isReady                 0x080037a1   Thumb Code    16  mpu9255.o(.text.MPU9255_ACC_GYRO_isReady)
    MPU9255_IT                               0x080037b1   Thumb Code    66  mpu9255.o(.text.MPU9255_IT)
    MPU9255_MAG_isReady                      0x080037f5   Thumb Code    16  mpu9255.o(.text.MPU9255_MAG_isReady)
    MPU9255_cycle                            0x08003805   Thumb Code  1196  mpu9255.o(.text.MPU9255_cycle)
    MPU9255setup                             0x08003cb1   Thumb Code   414  mpu9255.o(.text.MPU9255setup)
    MemManage_Handler                        0x08003e51   Thumb Code     2  stm32f1xx_it.o(.text.MemManage_Handler)
    NMI_Handler                              0x08003e55   Thumb Code     2  stm32f1xx_it.o(.text.NMI_Handler)
    PendSV_Handler                           0x08003e59   Thumb Code     2  stm32f1xx_it.o(.text.PendSV_Handler)
    SVC_Handler                              0x08003e5d   Thumb Code     2  stm32f1xx_it.o(.text.SVC_Handler)
    SysTick_Handler                          0x08003e61   Thumb Code     8  stm32f1xx_it.o(.text.SysTick_Handler)
    SystemInit                               0x08003e69   Thumb Code     2  system_stm32f1xx.o(.text.SystemInit)
    TIM4_IRQHandler                          0x08003e6d   Thumb Code    20  stm32f1xx_it.o(.text.TIM4_IRQHandler)
    USART1_IRQHandler                        0x08003fed   Thumb Code    16  stm32f1xx_it.o(.text.USART1_IRQHandler)
    UsageFault_Handler                       0x08003ffd   Thumb Code     2  stm32f1xx_it.o(.text.UsageFault_Handler)
    gyroCalib                                0x08004001   Thumb Code   368  mpu9255.o(.text.gyroCalib)
    initState                                0x08004171   Thumb Code   372  main.o(.text.initState)
    main                                     0x080042e5   Thumb Code  1586  main.o(.text.main)
    matrixCross                              0x08004919   Thumb Code   148  matrix.o(.text.matrixCross)
    matrixDot                                0x080049ad   Thumb Code    76  matrix.o(.text.matrixDot)
    matrixEye                                0x080049f9   Thumb Code   108  matrix.o(.text.matrixEye)
    matrixMultiply                           0x08004a65   Thumb Code   384  matrix.o(.text.matrixMultiply)
    matrixMultiplyByNumb                     0x08004be5   Thumb Code    72  matrix.o(.text.matrixMultiplyByNumb)
    matrixNormVec                            0x08004c2d   Thumb Code   144  matrix.o(.text.matrixNormVec)
    matrixRot3D                              0x08004cbd   Thumb Code   442  matrix.o(.text.matrixRot3D)
    matrixRotArbVec                          0x08004e79   Thumb Code   468  matrix.o(.text.matrixRotArbVec)
    matrixRotZ                               0x0800504d   Thumb Code    96  matrix.o(.text.matrixRotZ)
    matrixSE                                 0x080050ad   Thumb Code    32  matrix.o(.text.matrixSE)
    matrixSum                                0x080050cd   Thumb Code   112  matrix.o(.text.matrixSum)
    matrixVecLen                             0x0800513d   Thumb Code   116  matrix.o(.text.matrixVecLen)
    matrixZeroes                             0x080051b1   Thumb Code    60  matrix.o(.text.matrixZeroes)
    micros                                   0x080051ed   Thumb Code    32  micros.o(.text.micros)
    microsIT                                 0x0800520d   Thumb Code    36  micros.o(.text.microsIT)
    microsInit                               0x08005231   Thumb Code    68  micros.o(.text.microsInit)
    microsStart                              0x08005275   Thumb Code    40  micros.o(.text.microsStart)
    microsUpdate                             0x0800529d   Thumb Code    54  micros.o(.text.microsUpdate)
    restoreVertical                          0x080052d5   Thumb Code   270  main.o(.text.restoreVertical)
    __ARM_fpclassify                         0x080053e3   Thumb Code    40  fpclassify.o(i.__ARM_fpclassify)
    __ieee754_rem_pio2                       0x0800540d   Thumb Code   828  rred.o(i.__ieee754_rem_pio2)
    __kernel_cos                             0x08005795   Thumb Code   230  cos_i.o(i.__kernel_cos)
    __kernel_poly                            0x08005891   Thumb Code   170  poly.o(i.__kernel_poly)
    __kernel_sin                             0x0800593d   Thumb Code   224  sin_i.o(i.__kernel_sin)
    __mathlib_dbl_infnan                     0x08005a29   Thumb Code     6  dunder.o(i.__mathlib_dbl_infnan)
    __mathlib_dbl_invalid                    0x08005a2f   Thumb Code    12  dunder.o(i.__mathlib_dbl_invalid)
    __mathlib_dbl_underflow                  0x08005a3d   Thumb Code    10  dunder.o(i.__mathlib_dbl_underflow)
    acos                                     0x08005a4d   Thumb Code   574  acos.o(i.acos)
    cos                                      0x08005cc9   Thumb Code   148  cos.o(i.cos)
    sin                                      0x08005d65   Thumb Code   150  sin.o(i.sin)
    sqrt                                     0x08005e05   Thumb Code    76  sqrt.o(i.sqrt)
    __aeabi_d2f                              0x08005e51   Thumb Code     0  d2f.o(x$fpl$d2f)
    _d2f                                     0x08005e51   Thumb Code    98  d2f.o(x$fpl$d2f)
    __aeabi_dadd                             0x08005eb5   Thumb Code     0  daddsub_clz.o(x$fpl$dadd)
    _dadd                                    0x08005eb5   Thumb Code   332  daddsub_clz.o(x$fpl$dadd)
    __fpl_dcheck_NaN1                        0x08006005   Thumb Code    10  dcheck1.o(x$fpl$dcheck1)
    __fpl_dcmp_Inf                           0x08006015   Thumb Code    24  dcmpi.o(x$fpl$dcmpinf)
    __aeabi_ddiv                             0x0800602d   Thumb Code     0  ddiv.o(x$fpl$ddiv)
    _ddiv                                    0x0800602d   Thumb Code   556  ddiv.o(x$fpl$ddiv)
    __aeabi_cdcmpeq                          0x080062e1   Thumb Code     0  deqf.o(x$fpl$deqf)
    _dcmpeq                                  0x080062e1   Thumb Code   120  deqf.o(x$fpl$deqf)
    __aeabi_d2iz                             0x08006359   Thumb Code     0  dfix.o(x$fpl$dfix)
    _dfix                                    0x08006359   Thumb Code    94  dfix.o(x$fpl$dfix)
    __aeabi_i2d                              0x080063b7   Thumb Code     0  dflt_clz.o(x$fpl$dflt)
    _dflt                                    0x080063b7   Thumb Code    46  dflt_clz.o(x$fpl$dflt)
    __aeabi_ui2d                             0x080063e5   Thumb Code     0  dflt_clz.o(x$fpl$dfltu)
    _dfltu                                   0x080063e5   Thumb Code    38  dflt_clz.o(x$fpl$dfltu)
    __aeabi_cdcmpge                          0x0800640d   Thumb Code     0  dgeqf.o(x$fpl$dgeqf)
    _dcmpge                                  0x0800640d   Thumb Code   120  dgeqf.o(x$fpl$dgeqf)
    __aeabi_cdcmple                          0x08006485   Thumb Code     0  dleqf.o(x$fpl$dleqf)
    _dcmple                                  0x08006485   Thumb Code   120  dleqf.o(x$fpl$dleqf)
    __fpl_dcmple_InfNaN                      0x080064e7   Thumb Code     0  dleqf.o(x$fpl$dleqf)
    __aeabi_dmul                             0x080064fd   Thumb Code     0  dmul.o(x$fpl$dmul)
    _dmul                                    0x080064fd   Thumb Code   332  dmul.o(x$fpl$dmul)
    __fpl_dnaninf                            0x08006651   Thumb Code   156  dnaninf.o(x$fpl$dnaninf)
    __fpl_dretinf                            0x080066ed   Thumb Code    12  dretinf.o(x$fpl$dretinf)
    __aeabi_drsub                            0x080066f9   Thumb Code     0  daddsub_clz.o(x$fpl$drsb)
    _drsb                                    0x080066f9   Thumb Code    22  daddsub_clz.o(x$fpl$drsb)
    _dsqrt                                   0x08006711   Thumb Code   456  dsqrt_noumaal.o(x$fpl$dsqrt)
    __aeabi_dsub                             0x080068dd   Thumb Code     0  daddsub_clz.o(x$fpl$dsub)
    _dsub                                    0x080068dd   Thumb Code   472  daddsub_clz.o(x$fpl$dsub)
    __aeabi_f2d                              0x08006ab9   Thumb Code     0  f2d.o(x$fpl$f2d)
    _f2d                                     0x08006ab9   Thumb Code    86  f2d.o(x$fpl$f2d)
    __aeabi_fadd                             0x08006b11   Thumb Code     0  faddsub_clz.o(x$fpl$fadd)
    _fadd                                    0x08006b11   Thumb Code   196  faddsub_clz.o(x$fpl$fadd)
    __aeabi_dcmpeq                           0x08006bd5   Thumb Code     0  dcmp.o(x$fpl$fcmp)
    _deq                                     0x08006bd5   Thumb Code    14  dcmp.o(x$fpl$fcmp)
    _dneq                                    0x08006be3   Thumb Code    14  dcmp.o(x$fpl$fcmp)
    __aeabi_dcmpgt                           0x08006bf1   Thumb Code     0  dcmp.o(x$fpl$fcmp)
    _dgr                                     0x08006bf1   Thumb Code    14  dcmp.o(x$fpl$fcmp)
    __aeabi_dcmpge                           0x08006bff   Thumb Code     0  dcmp.o(x$fpl$fcmp)
    _dgeq                                    0x08006bff   Thumb Code    14  dcmp.o(x$fpl$fcmp)
    __aeabi_dcmple                           0x08006c0d   Thumb Code     0  dcmp.o(x$fpl$fcmp)
    _dleq                                    0x08006c0d   Thumb Code    14  dcmp.o(x$fpl$fcmp)
    __aeabi_dcmplt                           0x08006c1b   Thumb Code     0  dcmp.o(x$fpl$fcmp)
    _dls                                     0x08006c1b   Thumb Code    14  dcmp.o(x$fpl$fcmp)
    __aeabi_fcmpeq                           0x08006c29   Thumb Code     0  fcmp.o(x$fpl$fcmp)
    _feq                                     0x08006c29   Thumb Code    14  fcmp.o(x$fpl$fcmp)
    _fneq                                    0x08006c37   Thumb Code    14  fcmp.o(x$fpl$fcmp)
    __aeabi_fcmpgt                           0x08006c45   Thumb Code     0  fcmp.o(x$fpl$fcmp)
    _fgr                                     0x08006c45   Thumb Code    14  fcmp.o(x$fpl$fcmp)
    __aeabi_fcmpge                           0x08006c53   Thumb Code     0  fcmp.o(x$fpl$fcmp)
    _fgeq                                    0x08006c53   Thumb Code    14  fcmp.o(x$fpl$fcmp)
    __aeabi_fcmple                           0x08006c61   Thumb Code     0  fcmp.o(x$fpl$fcmp)
    _fleq                                    0x08006c61   Thumb Code    14  fcmp.o(x$fpl$fcmp)
    __aeabi_fcmplt                           0x08006c6f   Thumb Code     0  fcmp.o(x$fpl$fcmp)
    _fls                                     0x08006c6f   Thumb Code    14  fcmp.o(x$fpl$fcmp)
    __fpl_fcmp_Inf                           0x08006c7d   Thumb Code    24  fcmpi.o(x$fpl$fcmpinf)
    __aeabi_fdiv                             0x08006c95   Thumb Code     0  fdiv.o(x$fpl$fdiv)
    _fdiv                                    0x08006c95   Thumb Code   384  fdiv.o(x$fpl$fdiv)
    __aeabi_cfcmpeq                          0x08006e19   Thumb Code     0  feqf.o(x$fpl$feqf)
    _fcmpeq                                  0x08006e19   Thumb Code   104  feqf.o(x$fpl$feqf)
    __aeabi_f2iz                             0x08006e81   Thumb Code     0  ffix.o(x$fpl$ffix)
    _ffix                                    0x08006e81   Thumb Code    54  ffix.o(x$fpl$ffix)
    __aeabi_i2f                              0x08006eb9   Thumb Code     0  fflt_clz.o(x$fpl$fflt)
    _fflt                                    0x08006eb9   Thumb Code    48  fflt_clz.o(x$fpl$fflt)
    __aeabi_ui2f                             0x08006ee9   Thumb Code     0  fflt_clz.o(x$fpl$ffltu)
    _ffltu                                   0x08006ee9   Thumb Code    38  fflt_clz.o(x$fpl$ffltu)
    _fcmpge                                  0x08006f11   Thumb Code   104  fgeqf.o(x$fpl$fgeqf)
    __aeabi_cfcmple                          0x08006f79   Thumb Code     0  fleqf.o(x$fpl$fleqf)
    _fcmple                                  0x08006f79   Thumb Code   104  fleqf.o(x$fpl$fleqf)
    __fpl_fcmple_InfNaN                      0x08006fcb   Thumb Code     0  fleqf.o(x$fpl$fleqf)
    __aeabi_fmul                             0x08006fe1   Thumb Code     0  fmul.o(x$fpl$fmul)
    _fmul                                    0x08006fe1   Thumb Code   258  fmul.o(x$fpl$fmul)
    __fpl_fnaninf                            0x080070e3   Thumb Code   140  fnaninf.o(x$fpl$fnaninf)
    __fpl_fretinf                            0x0800716f   Thumb Code    10  fretinf.o(x$fpl$fretinf)
    __aeabi_fsub                             0x08007179   Thumb Code     0  faddsub_clz.o(x$fpl$fsub)
    _fsub                                    0x08007179   Thumb Code   234  faddsub_clz.o(x$fpl$fsub)
    __fpl_return_NaN                         0x08007263   Thumb Code   100  retnan.o(x$fpl$retnan)
    __ARM_scalbn                             0x080072c7   Thumb Code    92  scalbn.o(x$fpl$scalbn)
    __fpl_cmpreturn                          0x08007323   Thumb Code    48  trapv.o(x$fpl$trapveneer)
    __I$use$fp                               0x08007352   Number         0  usenofp.o(x$fpl$usenofp)
    AHBPrescTable                            0x080074d2   Data          16  system_stm32f1xx.o(.rodata.AHBPrescTable)
    APBPrescTable                            0x080074e2   Data           8  system_stm32f1xx.o(.rodata.APBPrescTable)
    Region$$Table$$Base                      0x080074fc   Number         0  anon$$obj.o(Region$$Table)
    Region$$Table$$Limit                     0x0800751c   Number         0  anon$$obj.o(Region$$Table)
    SystemCoreClock                          0x20000000   Data           4  system_stm32f1xx.o(.data.SystemCoreClock)
    uwTickFreq                               0x20000010   Data           1  stm32f1xx_hal.o(.data.uwTickFreq)
    uwTickPrio                               0x20000014   Data           4  stm32f1xx_hal.o(.data.uwTickPrio)
    __libspace_start                         0x20000018   Data          96  libspace.o(.bss)
    __temporary_stack_top$libspace           0x20000078   Data           0  libspace.o(.bss)
    ACx                                      0x2000007c   Data           4  main.o(.bss.ACx)
    ACy                                      0x20000084   Data           4  main.o(.bss.ACy)
    ACz                                      0x2000008c   Data           4  main.o(.bss.ACz)
    GYx                                      0x20000094   Data           4  main.o(.bss.GYx)
    GYxPrev                                  0x20000098   Data           4  main.o(.bss.GYxPrev)
    GYy                                      0x200000a0   Data           4  main.o(.bss.GYy)
    GYyPrev                                  0x200000a4   Data           4  main.o(.bss.GYyPrev)
    GYz                                      0x200000ac   Data           4  main.o(.bss.GYz)
    GYzPrev                                  0x200000b0   Data           4  main.o(.bss.GYzPrev)
    MAGx                                     0x200000b8   Data           4  main.o(.bss.MAGx)
    MAGy                                     0x200000c0   Data           4  main.o(.bss.MAGy)
    MAGz                                     0x200000c8   Data           4  main.o(.bss.MAGz)
    accGyroMagOverload                       0x200000dd   Data           1  main.o(.bss.accGyroMagOverload)
    accGyroPeriod                            0x200000e0   Data          16  main.o(.bss.accGyroPeriod)
    accTotal                                 0x200000f8   Data           4  main.o(.bss.accTotal)
    cyclePeriod                              0x20000100   Data          16  main.o(.bss.cyclePeriod)
    hdma_i2c1_rx                             0x20000110   Data          68  main.o(.bss.hdma_i2c1_rx)
    hdma_usart1_tx                           0x20000154   Data          68  main.o(.bss.hdma_usart1_tx)
    hi2c1                                    0x20000198   Data          84  main.o(.bss.hi2c1)
    htim4                                    0x200001ec   Data          72  main.o(.bss.htim4)
    huart1                                   0x20000234   Data          68  main.o(.bss.huart1)
    magTotal                                 0x20000288   Data           4  main.o(.bss.magTotal)
    uwTick                                   0x200002a8   Data           4  stm32f1xx_hal.o(.bss.uwTick)



==============================================================================

Memory Map of the image

  Image Entry point : 0x080000ed

  Load Region LR_IROM1 (Base: 0x08000000, Size: 0x00007538, Max: 0x00010000, ABSOLUTE)

    Execution Region ER_IROM1 (Exec base: 0x08000000, Load base: 0x08000000, Size: 0x0000751c, Max: 0x00010000, ABSOLUTE)

    Exec Addr    Load Addr    Size         Type   Attr      Idx    E Section Name        Object

    0x08000000   0x08000000   0x000000ec   Data   RO            3    RESET               startup_stm32f103xb.o
    0x080000ec   0x080000ec   0x00000008   Code   RO         1221  * !!!main             c_w.l(__main.o)
    0x080000f4   0x080000f4   0x00000034   Code   RO         1574    !!!scatter          c_w.l(__scatter.o)
    0x08000128   0x08000128   0x0000001a   Code   RO         1576    !!handler_copy      c_w.l(__scatter_copy.o)
    0x08000142   0x08000142   0x00000002   PAD
    0x08000144   0x08000144   0x0000001c   Code   RO         1578    !!handler_zi        c_w.l(__scatter_zi.o)
    0x08000160   0x08000160   0x00000002   Code   RO         1505    .ARM.Collect$$libinit$$00000000  c_w.l(libinit.o)
    0x08000162   0x08000162   0x00000000   Code   RO         1325    .ARM.Collect$$libinit$$00000002  c_w.l(libinit2.o)
    0x08000162   0x08000162   0x00000000   Code   RO         1327    .ARM.Collect$$libinit$$00000004  c_w.l(libinit2.o)
    0x08000162   0x08000162   0x00000000   Code   RO         1329    .ARM.Collect$$libinit$$00000006  c_w.l(libinit2.o)
    0x08000162   0x08000162   0x00000008   Code   RO         1330    .ARM.Collect$$libinit$$00000007  c_w.l(libinit2.o)
    0x0800016a   0x0800016a   0x00000000   Code   RO         1332    .ARM.Collect$$libinit$$0000000C  c_w.l(libinit2.o)
    0x0800016a   0x0800016a   0x00000000   Code   RO         1334    .ARM.Collect$$libinit$$0000000E  c_w.l(libinit2.o)
    0x0800016a   0x0800016a   0x00000000   Code   RO         1336    .ARM.Collect$$libinit$$00000010  c_w.l(libinit2.o)
    0x0800016a   0x0800016a   0x00000000   Code   RO         1339    .ARM.Collect$$libinit$$00000013  c_w.l(libinit2.o)
    0x0800016a   0x0800016a   0x00000000   Code   RO         1341    .ARM.Collect$$libinit$$00000015  c_w.l(libinit2.o)
    0x0800016a   0x0800016a   0x00000000   Code   RO         1343    .ARM.Collect$$libinit$$00000017  c_w.l(libinit2.o)
    0x0800016a   0x0800016a   0x00000000   Code   RO         1345    .ARM.Collect$$libinit$$00000019  c_w.l(libinit2.o)
    0x0800016a   0x0800016a   0x00000000   Code   RO         1347    .ARM.Collect$$libinit$$0000001B  c_w.l(libinit2.o)
    0x0800016a   0x0800016a   0x00000000   Code   RO         1349    .ARM.Collect$$libinit$$0000001D  c_w.l(libinit2.o)
    0x0800016a   0x0800016a   0x00000000   Code   RO         1351    .ARM.Collect$$libinit$$0000001F  c_w.l(libinit2.o)
    0x0800016a   0x0800016a   0x00000000   Code   RO         1353    .ARM.Collect$$libinit$$00000021  c_w.l(libinit2.o)
    0x0800016a   0x0800016a   0x00000000   Code   RO         1355    .ARM.Collect$$libinit$$00000023  c_w.l(libinit2.o)
    0x0800016a   0x0800016a   0x00000000   Code   RO         1357    .ARM.Collect$$libinit$$00000025  c_w.l(libinit2.o)
    0x0800016a   0x0800016a   0x00000000   Code   RO         1359    .ARM.Collect$$libinit$$00000027  c_w.l(libinit2.o)
    0x0800016a   0x0800016a   0x00000000   Code   RO         1363    .ARM.Collect$$libinit$$0000002E  c_w.l(libinit2.o)
    0x0800016a   0x0800016a   0x00000000   Code   RO         1365    .ARM.Collect$$libinit$$00000030  c_w.l(libinit2.o)
    0x0800016a   0x0800016a   0x00000000   Code   RO         1367    .ARM.Collect$$libinit$$00000032  c_w.l(libinit2.o)
    0x0800016a   0x0800016a   0x00000000   Code   RO         1369    .ARM.Collect$$libinit$$00000034  c_w.l(libinit2.o)
    0x0800016a   0x0800016a   0x00000002   Code   RO         1370    .ARM.Collect$$libinit$$00000035  c_w.l(libinit2.o)
    0x0800016c   0x0800016c   0x00000002   Code   RO         1571    .ARM.Collect$$libshutdown$$00000000  c_w.l(libshutdown.o)
    0x0800016e   0x0800016e   0x00000000   Code   RO         1523    .ARM.Collect$$libshutdown$$00000002  c_w.l(libshutdown2.o)
    0x0800016e   0x0800016e   0x00000000   Code   RO         1525    .ARM.Collect$$libshutdown$$00000004  c_w.l(libshutdown2.o)
    0x0800016e   0x0800016e   0x00000000   Code   RO         1528    .ARM.Collect$$libshutdown$$00000007  c_w.l(libshutdown2.o)
    0x0800016e   0x0800016e   0x00000000   Code   RO         1531    .ARM.Collect$$libshutdown$$0000000A  c_w.l(libshutdown2.o)
    0x0800016e   0x0800016e   0x00000000   Code   RO         1533    .ARM.Collect$$libshutdown$$0000000C  c_w.l(libshutdown2.o)
    0x0800016e   0x0800016e   0x00000000   Code   RO         1536    .ARM.Collect$$libshutdown$$0000000F  c_w.l(libshutdown2.o)
    0x0800016e   0x0800016e   0x00000002   Code   RO         1537    .ARM.Collect$$libshutdown$$00000010  c_w.l(libshutdown2.o)
    0x08000170   0x08000170   0x00000000   Code   RO         1290    .ARM.Collect$$rtentry$$00000000  c_w.l(__rtentry.o)
    0x08000170   0x08000170   0x00000000   Code   RO         1431    .ARM.Collect$$rtentry$$00000002  c_w.l(__rtentry2.o)
    0x08000170   0x08000170   0x00000006   Code   RO         1443    .ARM.Collect$$rtentry$$00000004  c_w.l(__rtentry4.o)
    0x08000176   0x08000176   0x00000000   Code   RO         1433    .ARM.Collect$$rtentry$$00000009  c_w.l(__rtentry2.o)
    0x08000176   0x08000176   0x00000004   Code   RO         1434    .ARM.Collect$$rtentry$$0000000A  c_w.l(__rtentry2.o)
    0x0800017a   0x0800017a   0x00000000   Code   RO         1436    .ARM.Collect$$rtentry$$0000000C  c_w.l(__rtentry2.o)
    0x0800017a   0x0800017a   0x00000008   Code   RO         1437    .ARM.Collect$$rtentry$$0000000D  c_w.l(__rtentry2.o)
    0x08000182   0x08000182   0x00000002   Code   RO         1512    .ARM.Collect$$rtexit$$00000000  c_w.l(rtexit.o)
    0x08000184   0x08000184   0x00000000   Code   RO         1545    .ARM.Collect$$rtexit$$00000002  c_w.l(rtexit2.o)
    0x08000184   0x08000184   0x00000004   Code   RO         1546    .ARM.Collect$$rtexit$$00000003  c_w.l(rtexit2.o)
    0x08000188   0x08000188   0x00000006   Code   RO         1547    .ARM.Collect$$rtexit$$00000004  c_w.l(rtexit2.o)
    0x0800018e   0x0800018e   0x00000002   PAD
    0x08000190   0x08000190   0x00000040   Code   RO            4    .text               startup_stm32f103xb.o
    0x080001d0   0x080001d0   0x0000005e   Code   RO         1161    .text               c_w.l(h1_alloc.o)
    0x0800022e   0x0800022e   0x00000064   Code   RO         1215    .text               c_w.l(rt_memcpy_w.o)
    0x08000292   0x08000292   0x0000004e   Code   RO         1217    .text               c_w.l(rt_memclr_w.o)
    0x080002e0   0x080002e0   0x00000006   Code   RO         1219    .text               c_w.l(heapauxi.o)
    0x080002e6   0x080002e6   0x00000002   PAD
    0x080002e8   0x080002e8   0x00000008   Code   RO         1294    .text               c_w.l(rt_heap_descriptor_intlibspace.o)
    0x080002f0   0x080002f0   0x00000004   Code   RO         1296    .text               c_w.l(hguard.o)
    0x080002f4   0x080002f4   0x0000008a   Code   RO         1298    .text               c_w.l(init_alloc.o)
    0x0800037e   0x0800037e   0x0000000e   Code   RO         1304    .text               c_w.l(h1_init.o)
    0x0800038c   0x0800038c   0x0000004e   Code   RO         1306    .text               c_w.l(h1_free.o)
    0x080003da   0x080003da   0x00000016   Code   RO         1320    .text               c_w.l(_rserrno.o)
    0x080003f0   0x080003f0   0x00000008   Code   RO         1427    .text               c_w.l(libspace.o)
    0x080003f8   0x080003f8   0x00000008   Code   RO         1448    .text               c_w.l(rt_errno_addr_intlibspace.o)
    0x08000400   0x08000400   0x00000000   Code   RO         1452    .text               c_w.l(maybetermalloc1.o)
    0x08000400   0x08000400   0x00000034   Code   RO         1454    .text               c_w.l(h1_extend.o)
    0x08000434   0x08000434   0x0000000e   Code   RO         1458    .text               c_w.l(defsig_rtmem_outer.o)
    0x08000442   0x08000442   0x00000002   Code   RO         1481    .text               c_w.l(use_no_semi.o)
    0x08000444   0x08000444   0x00000000   Code   RO         1483    .text               c_w.l(indicate_semi.o)
    0x08000444   0x08000444   0x0000004a   Code   RO         1484    .text               c_w.l(sys_stackheap_outer.o)
    0x0800048e   0x0800048e   0x00000012   Code   RO         1490    .text               c_w.l(exit.o)
    0x080004a0   0x080004a0   0x0000000a   Code   RO         1492    .text               c_w.l(defsig_exit.o)
    0x080004aa   0x080004aa   0x00000002   PAD
    0x080004ac   0x080004ac   0x00000050   Code   RO         1494    .text               c_w.l(defsig_rtmem_inner.o)
    0x080004fc   0x080004fc   0x0000000c   Code   RO         1508    .text               c_w.l(sys_exit.o)
    0x08000508   0x08000508   0x00000032   Code   RO         1520    .text               c_w.l(defsig_general.o)
    0x0800053a   0x0800053a   0x0000000e   Code   RO         1540    .text               c_w.l(sys_wrch.o)
    0x08000548   0x08000548   0x00000002   Code   RO          151    .text.BusFault_Handler  stm32f1xx_it.o
    0x0800054a   0x0800054a   0x00000002   PAD
    0x0800054c   0x0800054c   0x00000010   Code   RO          163    .text.DMA1_Channel4_IRQHandler  stm32f1xx_it.o
    0x0800055c   0x0800055c   0x00000010   Code   RO          165    .text.DMA1_Channel7_IRQHandler  stm32f1xx_it.o
    0x0800056c   0x0800056c   0x00000002   Code   RO          157    .text.DebugMon_Handler  stm32f1xx_it.o
    0x0800056e   0x0800056e   0x00000002   PAD
    0x08000570   0x08000570   0x0000000a   Code   RO          108    .text.Error_Handler  main.o
    0x0800057a   0x0800057a   0x00000002   PAD
    0x0800057c   0x0800057c   0x00000040   Code   RO          517    .text.HAL_DMA_Abort  stm32f1xx_hal_dma.o
    0x080005bc   0x080005bc   0x000000a4   Code   RO          519    .text.HAL_DMA_Abort_IT  stm32f1xx_hal_dma.o
    0x08000660   0x08000660   0x00000006   Code   RO          529    .text.HAL_DMA_GetState  stm32f1xx_hal_dma.o
    0x08000666   0x08000666   0x00000002   PAD
    0x08000668   0x08000668   0x0000016e   Code   RO          523    .text.HAL_DMA_IRQHandler  stm32f1xx_hal_dma.o
    0x080007d6   0x080007d6   0x00000002   PAD
    0x080007d8   0x080007d8   0x00000076   Code   RO          509    .text.HAL_DMA_Init  stm32f1xx_hal_dma.o
    0x0800084e   0x0800084e   0x00000002   PAD
    0x08000850   0x08000850   0x00000098   Code   RO          515    .text.HAL_DMA_Start_IT  stm32f1xx_hal_dma.o
    0x080008e8   0x080008e8   0x00000028   Code   RO          392    .text.HAL_Delay     stm32f1xx_hal.o
    0x08000910   0x08000910   0x000001fe   Code   RO          485    .text.HAL_GPIO_Init  stm32f1xx_hal_gpio.o
    0x08000b0e   0x08000b0e   0x00000002   PAD
    0x08000b10   0x08000b10   0x00000010   Code   RO          493    .text.HAL_GPIO_TogglePin  stm32f1xx_hal_gpio.o
    0x08000b20   0x08000b20   0x0000000a   Code   RO          491    .text.HAL_GPIO_WritePin  stm32f1xx_hal_gpio.o
    0x08000b2a   0x08000b2a   0x00000002   PAD
    0x08000b2c   0x08000b2c   0x0000000c   Code   RO          384    .text.HAL_GetTick   stm32f1xx_hal.o
    0x08000b38   0x08000b38   0x00000002   Code   RO          354    .text.HAL_I2C_AbortCpltCallback  stm32f1xx_hal_i2c.o
    0x08000b3a   0x08000b3a   0x00000002   PAD
    0x08000b3c   0x08000b3c   0x00000002   Code   RO          344    .text.HAL_I2C_AddrCallback  stm32f1xx_hal_i2c.o
    0x08000b3e   0x08000b3e   0x00000002   PAD
    0x08000b40   0x08000b40   0x00000134   Code   RO          334    .text.HAL_I2C_ER_IRQHandler  stm32f1xx_hal_i2c.o
    0x08000c74   0x08000c74   0x000005f8   Code   RO          322    .text.HAL_I2C_EV_IRQHandler  stm32f1xx_hal_i2c.o
    0x0800126c   0x0800126c   0x00000002   Code   RO          352    .text.HAL_I2C_ErrorCallback  stm32f1xx_hal_i2c.o
    0x0800126e   0x0800126e   0x00000002   PAD
    0x08001270   0x08001270   0x00000198   Code   RO          238    .text.HAL_I2C_Init  stm32f1xx_hal_i2c.o
    0x08001408   0x08001408   0x00000002   Code   RO          346    .text.HAL_I2C_ListenCpltCallback  stm32f1xx_hal_i2c.o
    0x0800140a   0x0800140a   0x00000002   PAD
    0x0800140c   0x0800140c   0x00000002   Code   RO          338    .text.HAL_I2C_MasterRxCpltCallback  stm32f1xx_hal_i2c.o
    0x0800140e   0x0800140e   0x00000002   PAD
    0x08001410   0x08001410   0x00000002   Code   RO          336    .text.HAL_I2C_MasterTxCpltCallback  stm32f1xx_hal_i2c.o
    0x08001412   0x08001412   0x00000002   PAD
    0x08001414   0x08001414   0x00000002   Code   RO          350    .text.HAL_I2C_MemRxCpltCallback  stm32f1xx_hal_i2c.o
    0x08001416   0x08001416   0x00000002   PAD
    0x08001418   0x08001418   0x00000002   Code   RO          348    .text.HAL_I2C_MemTxCpltCallback  stm32f1xx_hal_i2c.o
    0x0800141a   0x0800141a   0x00000002   PAD
    0x0800141c   0x0800141c   0x000003d8   Code   RO          282    .text.HAL_I2C_Mem_Read  stm32f1xx_hal_i2c.o
    0x080017f4   0x080017f4   0x00000106   Code   RO          288    .text.HAL_I2C_Mem_Read_IT  stm32f1xx_hal_i2c.o
    0x080018fa   0x080018fa   0x00000002   PAD
    0x080018fc   0x080018fc   0x00000194   Code   RO          278    .text.HAL_I2C_Mem_Write  stm32f1xx_hal_i2c.o
    0x08001a90   0x08001a90   0x000000d6   Code   RO          184    .text.HAL_I2C_MspInit  stm32f1xx_hal_msp.o
    0x08001b66   0x08001b66   0x00000002   PAD
    0x08001b68   0x08001b68   0x00000002   Code   RO          342    .text.HAL_I2C_SlaveRxCpltCallback  stm32f1xx_hal_i2c.o
    0x08001b6a   0x08001b6a   0x00000002   PAD
    0x08001b6c   0x08001b6c   0x00000002   Code   RO          340    .text.HAL_I2C_SlaveTxCpltCallback  stm32f1xx_hal_i2c.o
    0x08001b6e   0x08001b6e   0x00000002   PAD
    0x08001b70   0x08001b70   0x0000001a   Code   RO          382    .text.HAL_IncTick   stm32f1xx_hal.o
    0x08001b8a   0x08001b8a   0x00000002   PAD
    0x08001b8c   0x08001b8c   0x00000026   Code   RO          372    .text.HAL_Init      stm32f1xx_hal.o
    0x08001bb2   0x08001bb2   0x00000002   PAD
    0x08001bb4   0x08001bb4   0x00000050   Code   RO          374    .text.HAL_InitTick  stm32f1xx_hal.o
    0x08001c04   0x08001c04   0x00000042   Code   RO          182    .text.HAL_MspInit   stm32f1xx_hal_msp.o
    0x08001c46   0x08001c46   0x00000002   PAD
    0x08001c48   0x08001c48   0x00000020   Code   RO          545    .text.HAL_NVIC_EnableIRQ  stm32f1xx_hal_cortex.o
    0x08001c68   0x08001c68   0x00000056   Code   RO          543    .text.HAL_NVIC_SetPriority  stm32f1xx_hal_cortex.o
    0x08001cbe   0x08001cbe   0x00000002   PAD
    0x08001cc0   0x08001cc0   0x00000020   Code   RO          541    .text.HAL_NVIC_SetPriorityGrouping  stm32f1xx_hal_cortex.o
    0x08001ce0   0x08001ce0   0x000001ba   Code   RO          437    .text.HAL_RCC_ClockConfig  stm32f1xx_hal_rcc.o
    0x08001e9a   0x08001e9a   0x00000002   PAD
    0x08001e9c   0x08001e9c   0x00000026   Code   RO          449    .text.HAL_RCC_GetPCLK1Freq  stm32f1xx_hal_rcc.o
    0x08001ec2   0x08001ec2   0x00000002   PAD
    0x08001ec4   0x08001ec4   0x00000026   Code   RO          451    .text.HAL_RCC_GetPCLK2Freq  stm32f1xx_hal_rcc.o
    0x08001eea   0x08001eea   0x00000002   PAD
    0x08001eec   0x08001eec   0x00000330   Code   RO          435    .text.HAL_RCC_OscConfig  stm32f1xx_hal_rcc.o
    0x0800221c   0x0800221c   0x0000002c   Code   RO          553    .text.HAL_SYSTICK_Config  stm32f1xx_hal_cortex.o
    0x08002248   0x08002248   0x00000002   Code   RO         1011    .text.HAL_TIMEx_BreakCallback  stm32f1xx_hal_tim_ex.o
    0x0800224a   0x0800224a   0x00000002   PAD
    0x0800224c   0x0800224c   0x00000002   Code   RO         1007    .text.HAL_TIMEx_CommutCallback  stm32f1xx_hal_tim_ex.o
    0x0800224e   0x0800224e   0x00000002   PAD
    0x08002250   0x08002250   0x00000076   Code   RO         1001    .text.HAL_TIMEx_MasterConfigSynchronization  stm32f1xx_hal_tim_ex.o
    0x080022c6   0x080022c6   0x00000002   PAD
    0x080022c8   0x080022c8   0x000000d8   Code   RO          706    .text.HAL_TIM_Base_Init  stm32f1xx_hal_tim.o
    0x080023a0   0x080023a0   0x00000044   Code   RO          188    .text.HAL_TIM_Base_MspInit  stm32f1xx_hal_msp.o
    0x080023e4   0x080023e4   0x00000066   Code   RO          720    .text.HAL_TIM_Base_Start_IT  stm32f1xx_hal_tim.o
    0x0800244a   0x0800244a   0x00000002   PAD
    0x0800244c   0x0800244c   0x00000194   Code   RO          886    .text.HAL_TIM_ConfigClockSource  stm32f1xx_hal_tim.o
    0x080025e0   0x080025e0   0x00000002   Code   RO          842    .text.HAL_TIM_IC_CaptureCallback  stm32f1xx_hal_tim.o
    0x080025e2   0x080025e2   0x00000002   PAD
    0x080025e4   0x080025e4   0x0000016a   Code   RO          840    .text.HAL_TIM_IRQHandler  stm32f1xx_hal_tim.o
    0x0800274e   0x0800274e   0x00000002   PAD
    0x08002750   0x08002750   0x00000002   Code   RO          844    .text.HAL_TIM_OC_DelayElapsedCallback  stm32f1xx_hal_tim.o
    0x08002752   0x08002752   0x00000002   PAD
    0x08002754   0x08002754   0x00000002   Code   RO          846    .text.HAL_TIM_PWM_PulseFinishedCallback  stm32f1xx_hal_tim.o
    0x08002756   0x08002756   0x00000002   PAD
    0x08002758   0x08002758   0x00000002   Code   RO          848    .text.HAL_TIM_PeriodElapsedCallback  stm32f1xx_hal_tim.o
    0x0800275a   0x0800275a   0x00000002   PAD
    0x0800275c   0x0800275c   0x00000002   Code   RO          850    .text.HAL_TIM_TriggerCallback  stm32f1xx_hal_tim.o
    0x0800275e   0x0800275e   0x00000002   PAD
    0x08002760   0x08002760   0x00000002   Code   RO         1107    .text.HAL_UARTEx_RxEventCallback  stm32f1xx_hal_uart.o
    0x08002762   0x08002762   0x00000002   PAD
    0x08002764   0x08002764   0x00000002   Code   RO         1105    .text.HAL_UART_ErrorCallback  stm32f1xx_hal_uart.o
    0x08002766   0x08002766   0x00000002   PAD
    0x08002768   0x08002768   0x00000256   Code   RO         1099    .text.HAL_UART_IRQHandler  stm32f1xx_hal_uart.o
    0x080029be   0x080029be   0x00000002   PAD
    0x080029c0   0x080029c0   0x000000da   Code   RO         1025    .text.HAL_UART_Init  stm32f1xx_hal_uart.o
    0x08002a9a   0x08002a9a   0x00000002   PAD
    0x08002a9c   0x08002a9c   0x000000c2   Code   RO          192    .text.HAL_UART_MspInit  stm32f1xx_hal_msp.o
    0x08002b5e   0x08002b5e   0x00000002   PAD
    0x08002b60   0x08002b60   0x00000002   Code   RO         1113    .text.HAL_UART_RxCpltCallback  stm32f1xx_hal_uart.o
    0x08002b62   0x08002b62   0x00000002   PAD
    0x08002b64   0x08002b64   0x0000007a   Code   RO         1049    .text.HAL_UART_Transmit_DMA  stm32f1xx_hal_uart.o
    0x08002bde   0x08002bde   0x00000002   PAD
    0x08002be0   0x08002be0   0x00000002   Code   RO         1109    .text.HAL_UART_TxCpltCallback  stm32f1xx_hal_uart.o
    0x08002be2   0x08002be2   0x00000002   PAD
    0x08002be4   0x08002be4   0x00000002   Code   RO         1111    .text.HAL_UART_TxHalfCpltCallback  stm32f1xx_hal_uart.o
    0x08002be6   0x08002be6   0x00000002   PAD
    0x08002be8   0x08002be8   0x00000002   Code   RO          147    .text.HardFault_Handler  stm32f1xx_it.o
    0x08002bea   0x08002bea   0x00000002   PAD
    0x08002bec   0x08002bec   0x00000010   Code   RO          171    .text.I2C1_ER_IRQHandler  stm32f1xx_it.o
    0x08002bfc   0x08002bfc   0x00000014   Code   RO          169    .text.I2C1_EV_IRQHandler  stm32f1xx_it.o
    0x08002c10   0x08002c10   0x000000e0   Code   RO          308    .text.I2C_DMAAbort  stm32f1xx_hal_i2c.o
    0x08002cf0   0x08002cf0   0x00000156   Code   RO          320    .text.I2C_ITError   stm32f1xx_hal_i2c.o
    0x08002e46   0x08002e46   0x00000002   PAD
    0x08002e48   0x08002e48   0x000000e8   Code   RO          332    .text.I2C_MasterReceive_BTF  stm32f1xx_hal_i2c.o
    0x08002f30   0x08002f30   0x00000102   Code   RO          330    .text.I2C_MasterReceive_RXNE  stm32f1xx_hal_i2c.o
    0x08003032   0x08003032   0x00000002   PAD
    0x08003034   0x08003034   0x00000088   Code   RO          326    .text.I2C_MasterTransmit_BTF  stm32f1xx_hal_i2c.o
    0x080030bc   0x080030bc   0x000000ba   Code   RO          324    .text.I2C_MasterTransmit_TXE  stm32f1xx_hal_i2c.o
    0x08003176   0x08003176   0x00000002   PAD
    0x08003178   0x08003178   0x000000a6   Code   RO          328    .text.I2C_MemoryTransmit_TXE_BTF  stm32f1xx_hal_i2c.o
    0x0800321e   0x0800321e   0x00000002   PAD
    0x08003220   0x08003220   0x0000024e   Code   RO          284    .text.I2C_RequestMemoryRead  stm32f1xx_hal_i2c.o
    0x0800346e   0x0800346e   0x00000002   PAD
    0x08003470   0x08003470   0x000001d2   Code   RO          280    .text.I2C_RequestMemoryWrite  stm32f1xx_hal_i2c.o
    0x08003642   0x08003642   0x00000002   PAD
    0x08003644   0x08003644   0x0000006a   Code   RO          250    .text.I2C_WaitOnBTFFlagUntilTimeout  stm32f1xx_hal_i2c.o
    0x080036ae   0x080036ae   0x00000002   PAD
    0x080036b0   0x080036b0   0x00000074   Code   RO          248    .text.I2C_WaitOnFlagUntilTimeout  stm32f1xx_hal_i2c.o
    0x08003724   0x08003724   0x0000007a   Code   RO          362    .text.I2C_WaitOnMasterAddressFlagUntilTimeout  stm32f1xx_hal_i2c.o
    0x0800379e   0x0800379e   0x00000002   PAD
    0x080037a0   0x080037a0   0x00000010   Code   RO           15    .text.MPU9255_ACC_GYRO_isReady  mpu9255.o
    0x080037b0   0x080037b0   0x00000042   Code   RO           13    .text.MPU9255_IT    mpu9255.o
    0x080037f2   0x080037f2   0x00000002   PAD
    0x080037f4   0x080037f4   0x00000010   Code   RO           17    .text.MPU9255_MAG_isReady  mpu9255.o
    0x08003804   0x08003804   0x000004ac   Code   RO           19    .text.MPU9255_cycle  mpu9255.o
    0x08003cb0   0x08003cb0   0x0000019e   Code   RO           11    .text.MPU9255setup  mpu9255.o
    0x08003e4e   0x08003e4e   0x00000002   PAD
    0x08003e50   0x08003e50   0x00000002   Code   RO          149    .text.MemManage_Handler  stm32f1xx_it.o
    0x08003e52   0x08003e52   0x00000002   PAD
    0x08003e54   0x08003e54   0x00000002   Code   RO          145    .text.NMI_Handler   stm32f1xx_it.o
    0x08003e56   0x08003e56   0x00000002   PAD
    0x08003e58   0x08003e58   0x00000002   Code   RO          159    .text.PendSV_Handler  stm32f1xx_it.o
    0x08003e5a   0x08003e5a   0x00000002   PAD
    0x08003e5c   0x08003e5c   0x00000002   Code   RO          155    .text.SVC_Handler   stm32f1xx_it.o
    0x08003e5e   0x08003e5e   0x00000002   PAD
    0x08003e60   0x08003e60   0x00000008   Code   RO          161    .text.SysTick_Handler  stm32f1xx_it.o
    0x08003e68   0x08003e68   0x00000002   Code   RO         1143    .text.SystemInit    system_stm32f1xx.o
    0x08003e6a   0x08003e6a   0x00000002   PAD
    0x08003e6c   0x08003e6c   0x00000014   Code   RO          167    .text.TIM4_IRQHandler  stm32f1xx_it.o
    0x08003e80   0x08003e80   0x00000010   Code   RO         1103    .text.UART_DMAAbortOnError  stm32f1xx_hal_uart.o
    0x08003e90   0x08003e90   0x00000070   Code   RO         1055    .text.UART_DMAError  stm32f1xx_hal_uart.o
    0x08003f00   0x08003f00   0x0000002a   Code   RO         1051    .text.UART_DMATransmitCplt  stm32f1xx_hal_uart.o
    0x08003f2a   0x08003f2a   0x00000002   PAD
    0x08003f2c   0x08003f2c   0x0000000a   Code   RO         1053    .text.UART_DMATxHalfCplt  stm32f1xx_hal_uart.o
    0x08003f36   0x08003f36   0x00000002   PAD
    0x08003f38   0x08003f38   0x000000b4   Code   RO         1101    .text.UART_Receive_IT  stm32f1xx_hal_uart.o
    0x08003fec   0x08003fec   0x00000010   Code   RO          173    .text.USART1_IRQHandler  stm32f1xx_it.o
    0x08003ffc   0x08003ffc   0x00000002   Code   RO          153    .text.UsageFault_Handler  stm32f1xx_it.o
    0x08003ffe   0x08003ffe   0x00000002   PAD
    0x08004000   0x08004000   0x00000170   Code   RO           21    .text.gyroCalib     mpu9255.o
    0x08004170   0x08004170   0x00000174   Code   RO          102    .text.initState     main.o
    0x080042e4   0x080042e4   0x00000632   Code   RO           98    .text.main          main.o
    0x08004916   0x08004916   0x00000002   PAD
    0x08004918   0x08004918   0x00000094   Code   RO           70    .text.matrixCross   matrix.o
    0x080049ac   0x080049ac   0x0000004c   Code   RO           68    .text.matrixDot     matrix.o
    0x080049f8   0x080049f8   0x0000006c   Code   RO           66    .text.matrixEye     matrix.o
    0x08004a64   0x08004a64   0x00000180   Code   RO           60    .text.matrixMultiply  matrix.o
    0x08004be4   0x08004be4   0x00000048   Code   RO           52    .text.matrixMultiplyByNumb  matrix.o
    0x08004c2c   0x08004c2c   0x00000090   Code   RO           84    .text.matrixNormVec  matrix.o
    0x08004cbc   0x08004cbc   0x000001ba   Code   RO           78    .text.matrixRot3D   matrix.o
    0x08004e76   0x08004e76   0x00000002   PAD
    0x08004e78   0x08004e78   0x000001d4   Code   RO           80    .text.matrixRotArbVec  matrix.o
    0x0800504c   0x0800504c   0x00000060   Code   RO           72    .text.matrixRotZ    matrix.o
    0x080050ac   0x080050ac   0x00000020   Code   RO           64    .text.matrixSE      matrix.o
    0x080050cc   0x080050cc   0x00000070   Code   RO           54    .text.matrixSum     matrix.o
    0x0800513c   0x0800513c   0x00000074   Code   RO           82    .text.matrixVecLen  matrix.o
    0x080051b0   0x080051b0   0x0000003c   Code   RO           62    .text.matrixZeroes  matrix.o
    0x080051ec   0x080051ec   0x00000020   Code   RO          206    .text.micros        micros.o
    0x0800520c   0x0800520c   0x00000024   Code   RO          208    .text.microsIT      micros.o
    0x08005230   0x08005230   0x00000044   Code   RO          204    .text.microsInit    micros.o
    0x08005274   0x08005274   0x00000028   Code   RO          210    .text.microsStart   micros.o
    0x0800529c   0x0800529c   0x00000036   Code   RO          212    .text.microsUpdate  micros.o
    0x080052d2   0x080052d2   0x00000002   PAD
    0x080052d4   0x080052d4   0x0000010e   Code   RO          104    .text.restoreVertical  main.o
    0x080053e2   0x080053e2   0x00000028   Code   RO         1479    i.__ARM_fpclassify  m_ws.l(fpclassify.o)
    0x0800540a   0x0800540a   0x00000002   PAD
    0x0800540c   0x0800540c   0x00000388   Code   RO         1415    i.__ieee754_rem_pio2  m_ws.l(rred.o)
    0x08005794   0x08005794   0x000000fc   Code   RO         1396    i.__kernel_cos      m_ws.l(cos_i.o)
    0x08005890   0x08005890   0x000000aa   Code   RO         1413    i.__kernel_poly     m_ws.l(poly.o)
    0x0800593a   0x0800593a   0x00000002   PAD
    0x0800593c   0x0800593c   0x000000ec   Code   RO         1420    i.__kernel_sin      m_ws.l(sin_i.o)
    0x08005a28   0x08005a28   0x00000006   Code   RO         1400    i.__mathlib_dbl_infnan  m_ws.l(dunder.o)
    0x08005a2e   0x08005a2e   0x0000000c   Code   RO         1402    i.__mathlib_dbl_invalid  m_ws.l(dunder.o)
    0x08005a3a   0x08005a3a   0x00000002   PAD
    0x08005a3c   0x08005a3c   0x00000010   Code   RO         1405    i.__mathlib_dbl_underflow  m_ws.l(dunder.o)
    0x08005a4c   0x08005a4c   0x0000027c   Code   RO         1272    i.acos              m_ws.l(acos.o)
    0x08005cc8   0x08005cc8   0x0000009c   Code   RO         1277    i.cos               m_ws.l(cos.o)
    0x08005d64   0x08005d64   0x000000a0   Code   RO         1281    i.sin               m_ws.l(sin.o)
    0x08005e04   0x08005e04   0x0000004c   Code   RO         1285    i.sqrt              m_ws.l(sqrt.o)
    0x08005e50   0x08005e50   0x00000062   Code   RO         1223    x$fpl$d2f           fz_ws.l(d2f.o)
    0x08005eb2   0x08005eb2   0x00000002   PAD
    0x08005eb4   0x08005eb4   0x00000150   Code   RO         1225    x$fpl$dadd          fz_ws.l(daddsub_clz.o)
    0x08006004   0x08006004   0x00000010   Code   RO         1467    x$fpl$dcheck1       fz_ws.l(dcheck1.o)
    0x08006014   0x08006014   0x00000018   Code   RO         1469    x$fpl$dcmpinf       fz_ws.l(dcmpi.o)
    0x0800602c   0x0800602c   0x000002b4   Code   RO         1234    x$fpl$ddiv          fz_ws.l(ddiv.o)
    0x080062e0   0x080062e0   0x00000078   Code   RO         1371    x$fpl$deqf          fz_ws.l(deqf.o)
    0x08006358   0x08006358   0x0000005e   Code   RO         1471    x$fpl$dfix          fz_ws.l(dfix.o)
    0x080063b6   0x080063b6   0x0000002e   Code   RO         1238    x$fpl$dflt          fz_ws.l(dflt_clz.o)
    0x080063e4   0x080063e4   0x00000026   Code   RO         1237    x$fpl$dfltu         fz_ws.l(dflt_clz.o)
    0x0800640a   0x0800640a   0x00000002   PAD
    0x0800640c   0x0800640c   0x00000078   Code   RO         1373    x$fpl$dgeqf         fz_ws.l(dgeqf.o)
    0x08006484   0x08006484   0x00000078   Code   RO         1375    x$fpl$dleqf         fz_ws.l(dleqf.o)
    0x080064fc   0x080064fc   0x00000154   Code   RO         1243    x$fpl$dmul          fz_ws.l(dmul.o)
    0x08006650   0x08006650   0x0000009c   Code   RO         1377    x$fpl$dnaninf       fz_ws.l(dnaninf.o)
    0x080066ec   0x080066ec   0x0000000c   Code   RO         1379    x$fpl$dretinf       fz_ws.l(dretinf.o)
    0x080066f8   0x080066f8   0x00000016   Code   RO         1226    x$fpl$drsb          fz_ws.l(daddsub_clz.o)
    0x0800670e   0x0800670e   0x00000002   PAD
    0x08006710   0x08006710   0x000001cc   Code   RO         1381    x$fpl$dsqrt         fz_ws.l(dsqrt_noumaal.o)
    0x080068dc   0x080068dc   0x000001dc   Code   RO         1227    x$fpl$dsub          fz_ws.l(daddsub_clz.o)
    0x08006ab8   0x08006ab8   0x00000056   Code   RO         1245    x$fpl$f2d           fz_ws.l(f2d.o)
    0x08006b0e   0x08006b0e   0x00000002   PAD
    0x08006b10   0x08006b10   0x000000c4   Code   RO         1247    x$fpl$fadd          fz_ws.l(faddsub_clz.o)
    0x08006bd4   0x08006bd4   0x00000054   Code   RO         1231    x$fpl$fcmp          fz_ws.l(dcmp.o)
    0x08006c28   0x08006c28   0x00000054   Code   RO         1253    x$fpl$fcmp          fz_ws.l(fcmp.o)
    0x08006c7c   0x08006c7c   0x00000018   Code   RO         1475    x$fpl$fcmpinf       fz_ws.l(fcmpi.o)
    0x08006c94   0x08006c94   0x00000184   Code   RO         1256    x$fpl$fdiv          fz_ws.l(fdiv.o)
    0x08006e18   0x08006e18   0x00000068   Code   RO         1383    x$fpl$feqf          fz_ws.l(feqf.o)
    0x08006e80   0x08006e80   0x00000036   Code   RO         1259    x$fpl$ffix          fz_ws.l(ffix.o)
    0x08006eb6   0x08006eb6   0x00000002   PAD
    0x08006eb8   0x08006eb8   0x00000030   Code   RO         1264    x$fpl$fflt          fz_ws.l(fflt_clz.o)
    0x08006ee8   0x08006ee8   0x00000026   Code   RO         1263    x$fpl$ffltu         fz_ws.l(fflt_clz.o)
    0x08006f0e   0x08006f0e   0x00000002   PAD
    0x08006f10   0x08006f10   0x00000068   Code   RO         1385    x$fpl$fgeqf         fz_ws.l(fgeqf.o)
    0x08006f78   0x08006f78   0x00000068   Code   RO         1387    x$fpl$fleqf         fz_ws.l(fleqf.o)
    0x08006fe0   0x08006fe0   0x00000102   Code   RO         1269    x$fpl$fmul          fz_ws.l(fmul.o)
    0x080070e2   0x080070e2   0x0000008c   Code   RO         1389    x$fpl$fnaninf       fz_ws.l(fnaninf.o)
    0x0800716e   0x0800716e   0x0000000a   Code   RO         1391    x$fpl$fretinf       fz_ws.l(fretinf.o)
    0x08007178   0x08007178   0x000000ea   Code   RO         1249    x$fpl$fsub          fz_ws.l(faddsub_clz.o)
    0x08007262   0x08007262   0x00000064   Code   RO         1506    x$fpl$retnan        fz_ws.l(retnan.o)
    0x080072c6   0x080072c6   0x0000005c   Code   RO         1393    x$fpl$scalbn        fz_ws.l(scalbn.o)
    0x08007322   0x08007322   0x00000030   Code   RO         1538    x$fpl$trapveneer    fz_ws.l(trapv.o)
    0x08007352   0x08007352   0x00000000   Code   RO         1395    x$fpl$usenofp       fz_ws.l(usenofp.o)
    0x08007352   0x08007352   0x00000006   PAD
    0x08007358   0x08007358   0x00000050   Data   RO         1273    .constdata          m_ws.l(acos.o)
    0x080073a8   0x080073a8   0x00000030   Data   RO         1397    .constdata          m_ws.l(cos_i.o)
    0x080073d8   0x080073d8   0x000000cc   Data   RO         1417    .constdata          m_ws.l(rred.o)
    0x080074a4   0x080074a4   0x00000004   PAD
    0x080074a8   0x080074a8   0x00000028   Data   RO         1421    .constdata          m_ws.l(sin_i.o)
    0x080074d0   0x080074d0   0x00000002   Data   RO          462    .rodata..L__const.HAL_RCC_GetSysClockFreq.aPredivFactorTable  stm32f1xx_hal_rcc.o
    0x080074d2   0x080074d2   0x00000010   Data   RO         1148    .rodata.AHBPrescTable  system_stm32f1xx.o
    0x080074e2   0x080074e2   0x00000008   Data   RO         1149    .rodata.APBPrescTable  system_stm32f1xx.o
    0x080074ea   0x080074ea   0x00000010   Data   RO          461    .rodata.cst16       stm32f1xx_hal_rcc.o
    0x080074fa   0x080074fa   0x00000002   PAD
    0x080074fc   0x080074fc   0x00000020   Data   RO         1573    Region$$Table       anon$$obj.o


    Execution Region RW_IRAM1 (Exec base: 0x20000000, Load base: 0x08007520, Size: 0x000008b0, Max: 0x00005000, ABSOLUTE)

    Exec Addr    Load Addr    Size         Type   Attr      Idx    E Section Name        Object

    0x20000000   0x08007520   0x00000004   Data   RW         1147    .data.SystemCoreClock  system_stm32f1xx.o
    0x20000004   0x08007524   0x00000004   Data   RW           41    .data.gyroXoffs     mpu9255.o
    0x20000008   0x08007528   0x00000004   Data   RW           42    .data.gyroYoffs     mpu9255.o
    0x2000000c   0x0800752c   0x00000004   Data   RW           43    .data.gyroZoffs     mpu9255.o
    0x20000010   0x08007530   0x00000001   Data   RW          423    .data.uwTickFreq    stm32f1xx_hal.o
    0x20000011   0x08007531   0x00000003   PAD
    0x20000014   0x08007534   0x00000004   Data   RW          422    .data.uwTickPrio    stm32f1xx_hal.o
    0x20000018        -       0x00000060   Zero   RW         1428    .bss                c_w.l(libspace.o)
    0x20000078        -       0x00000004   Zero   RW           25    .bss.ACx            mpu9255.o
    0x2000007c        -       0x00000004   Zero   RW          115    .bss.ACx            main.o
    0x20000080        -       0x00000004   Zero   RW           26    .bss.ACy            mpu9255.o
    0x20000084        -       0x00000004   Zero   RW          116    .bss.ACy            main.o
    0x20000088        -       0x00000004   Zero   RW           27    .bss.ACz            mpu9255.o
    0x2000008c        -       0x00000004   Zero   RW          117    .bss.ACz            main.o
    0x20000090        -       0x00000004   Zero   RW           28    .bss.GYx            mpu9255.o
    0x20000094        -       0x00000004   Zero   RW          118    .bss.GYx            main.o
    0x20000098        -       0x00000004   Zero   RW          127    .bss.GYxPrev        main.o
    0x2000009c        -       0x00000004   Zero   RW           29    .bss.GYy            mpu9255.o
    0x200000a0        -       0x00000004   Zero   RW          119    .bss.GYy            main.o
    0x200000a4        -       0x00000004   Zero   RW          128    .bss.GYyPrev        main.o
    0x200000a8        -       0x00000004   Zero   RW           30    .bss.GYz            mpu9255.o
    0x200000ac        -       0x00000004   Zero   RW          120    .bss.GYz            main.o
    0x200000b0        -       0x00000004   Zero   RW          129    .bss.GYzPrev        main.o
    0x200000b4        -       0x00000004   Zero   RW           31    .bss.MAGx           mpu9255.o
    0x200000b8        -       0x00000004   Zero   RW          121    .bss.MAGx           main.o
    0x200000bc        -       0x00000004   Zero   RW           32    .bss.MAGy           mpu9255.o
    0x200000c0        -       0x00000004   Zero   RW          122    .bss.MAGy           main.o
    0x200000c4        -       0x00000004   Zero   RW           33    .bss.MAGz           mpu9255.o
    0x200000c8        -       0x00000004   Zero   RW          123    .bss.MAGz           main.o
    0x200000cc        -       0x00000010   Zero   RW           39    .bss.MPUdata        mpu9255.o
    0x200000dc        -       0x00000001   Zero   RW           36    .bss.accGyroDataReady  mpu9255.o
    0x200000dd        -       0x00000001   Zero   RW          124    .bss.accGyroMagOverload  main.o
    0x200000de   0x08007538   0x00000002   PAD
    0x200000e0        -       0x00000010   Zero   RW          112    .bss.accGyroPeriod  main.o
    0x200000f0        -       0x00000008   Zero   RW           38    .bss.accGyroTime    mpu9255.o
    0x200000f8        -       0x00000004   Zero   RW          126    .bss.accTotal       main.o
    0x200000fc   0x08007538   0x00000004   PAD
    0x20000100        -       0x00000010   Zero   RW          111    .bss.cyclePeriod    main.o
    0x20000110        -       0x00000044   Zero   RW          133    .bss.hdma_i2c1_rx   main.o
    0x20000154        -       0x00000044   Zero   RW          134    .bss.hdma_usart1_tx  main.o
    0x20000198        -       0x00000054   Zero   RW          114    .bss.hi2c1          main.o
    0x200001ec        -       0x00000048   Zero   RW          113    .bss.htim4          main.o
    0x20000234        -       0x00000044   Zero   RW          132    .bss.huart1         main.o
    0x20000278        -       0x00000001   Zero   RW           34    .bss.i2cAccReceivedFlag  mpu9255.o
    0x20000279        -       0x00000001   Zero   RW           35    .bss.i2cMagReceivedFlag  mpu9255.o
    0x2000027a        -       0x00000001   Zero   RW           37    .bss.magDataReady   mpu9255.o
    0x2000027b   0x08007538   0x00000005   PAD
    0x20000280        -       0x00000008   Zero   RW           40    .bss.magTime        mpu9255.o
    0x20000288        -       0x00000004   Zero   RW          130    .bss.magTotal       main.o
    0x2000028c        -       0x00000004   Zero   RW          125    .bss.main.ledToggleCnt  main.o
    0x20000290        -       0x00000008   Zero   RW          215    .bss.microsCnt      micros.o
    0x20000298        -       0x00000004   Zero   RW          214    .bss.microsTimer    micros.o
    0x2000029c        -       0x00000004   Zero   RW           23    .bss.mpu9255i2c     mpu9255.o
    0x200002a0        -       0x00000004   Zero   RW           24    .bss.overload       mpu9255.o
    0x200002a4        -       0x00000004   Zero   RW          131    .bss.transmitBasis.prewTime  main.o
    0x200002a8        -       0x00000004   Zero   RW          424    .bss.uwTick         stm32f1xx_hal.o
    0x200002ac   0x08007538   0x00000004   PAD
    0x200002b0        -       0x00000200   Zero   RW            2    HEAP                startup_stm32f103xb.o
    0x200004b0        -       0x00000400   Zero   RW            1    STACK               startup_stm32f103xb.o


==============================================================================

Image component sizes


      Code (inc. data)   RO Data    RW Data    ZI Data      Debug   Object Name

      2238          0          0          0        457      13698   main.o
      2258          0          0          0          0      13360   matrix.o
       230          0          0          0         12       4489   micros.o
      2076          0          0         12         80       7446   mpu9255.o
        64         26        236          0       1536        824   startup_stm32f103xb.o
       196          0          0          5          4       5767   stm32f1xx_hal.o
       194          0          0          0          0       8551   stm32f1xx_hal_cortex.o
       870          0          0          0          0       7592   stm32f1xx_hal_dma.o
       536         20          0          0          0       4686   stm32f1xx_hal_gpio.o
      6858         16          0          0          0      44077   stm32f1xx_hal_i2c.o
       542          0          0          0          0       9369   stm32f1xx_hal_msp.o
      1334          0         18          0          0       7615   stm32f1xx_hal_rcc.o
      1094          0          0          0          0      53017   stm32f1xx_hal_tim.o
       122          0          0          0          0      19998   stm32f1xx_hal_tim_ex.o
      1308          0          0          0          0      22670   stm32f1xx_hal_uart.o
       128          0          0          0          0       3237   stm32f1xx_it.o
         2          0         24          4          0       1653   system_stm32f1xx.o

    ----------------------------------------------------------------------
     20186         62        312         24       2104     228049   Object Totals
         0          0         32          0          0          0   (incl. Generated)
       136          0          2          3         15          0   (incl. Padding)

    ----------------------------------------------------------------------

      Code (inc. data)   RO Data    RW Data    ZI Data      Debug   Library Member Name

         8          0          0          0          0         68   __main.o
         0          0          0          0          0          0   __rtentry.o
        12          0          0          0          0          0   __rtentry2.o
         6          0          0          0          0          0   __rtentry4.o
        52          8          0          0          0          0   __scatter.o
        26          0          0          0          0          0   __scatter_copy.o
        28          0          0          0          0          0   __scatter_zi.o
        22          0          0          0          0        100   _rserrno.o
        10          0          0          0          0         68   defsig_exit.o
        50          0          0          0          0         88   defsig_general.o
        80         58          0          0          0         76   defsig_rtmem_inner.o
        14          0          0          0          0         80   defsig_rtmem_outer.o
        18          0          0          0          0         80   exit.o
        94          0          0          0          0         80   h1_alloc.o
        52          0          0          0          0         68   h1_extend.o
        78          0          0          0          0         80   h1_free.o
        14          0          0          0          0         84   h1_init.o
         6          0          0          0          0        152   heapauxi.o
         4          0          0          0          0        136   hguard.o
         0          0          0          0          0          0   indicate_semi.o
       138          0          0          0          0        168   init_alloc.o
         2          0          0          0          0          0   libinit.o
        10          0          0          0          0          0   libinit2.o
         2          0          0          0          0          0   libshutdown.o
         2          0          0          0          0          0   libshutdown2.o
         8          4          0          0         96         68   libspace.o
         0          0          0          0          0          0   maybetermalloc1.o
         8          4          0          0          0         68   rt_errno_addr_intlibspace.o
         8          4          0          0          0         68   rt_heap_descriptor_intlibspace.o
        78          0          0          0          0         80   rt_memclr_w.o
       100          0          0          0          0         80   rt_memcpy_w.o
         2          0          0          0          0          0   rtexit.o
        10          0          0          0          0          0   rtexit2.o
        12          4          0          0          0         68   sys_exit.o
        74          0          0          0          0         80   sys_stackheap_outer.o
        14          0          0          0          0         76   sys_wrch.o
         2          0          0          0          0         68   use_no_semi.o
        98          4          0          0          0         92   d2f.o
       834         16          0          0          0        372   daddsub_clz.o
        16          4          0          0          0         68   dcheck1.o
        84          0          0          0          0        196   dcmp.o
        24          0          0          0          0         68   dcmpi.o
       692        140          0          0          0        216   ddiv.o
       120          4          0          0          0         92   deqf.o
        94          4          0          0          0         92   dfix.o
        84          0          0          0          0        136   dflt_clz.o
       120          4          0          0          0         92   dgeqf.o
       120          4          0          0          0         92   dleqf.o
       340         12          0          0          0        104   dmul.o
       156          4          0          0          0         92   dnaninf.o
        12          0          0          0          0         68   dretinf.o
       460         56          0          0          0        120   dsqrt_noumaal.o
        86          4          0          0          0         84   f2d.o
       430          8          0          0          0        168   faddsub_clz.o
        84          0          0          0          0        196   fcmp.o
        24          0          0          0          0         68   fcmpi.o
       388         76          0          0          0         96   fdiv.o
       104          4          0          0          0         84   feqf.o
        54          4          0          0          0         84   ffix.o
        86          0          0          0          0        136   fflt_clz.o
       104          4          0          0          0         84   fgeqf.o
       104          4          0          0          0         84   fleqf.o
       258          4          0          0          0         84   fmul.o
       140          4          0          0          0         84   fnaninf.o
        10          0          0          0          0         68   fretinf.o
       100          0          0          0          0         68   retnan.o
        92          0          0          0          0         68   scalbn.o
        48          0          0          0          0         68   trapv.o
         0          0          0          0          0          0   usenofp.o
       636         62         80          0          0        188   acos.o
       156          8          0          0          0        104   cos.o
       252         22         48          0          0        124   cos_i.o
        34          6          0          0          0        204   dunder.o
        40          0          0          0          0         68   fpclassify.o
       170          0          0          0          0         96   poly.o
       904         76        204          0          0        140   rred.o
       160         10          0          0          0        108   sin.o
       236         12         40          0          0        128   sin_i.o
        76          0          0          0          0         84   sqrt.o

    ----------------------------------------------------------------------
      9106        642        376          0         96       6652   Library Totals
        32          0          4          0          0          0   (incl. Padding)

    ----------------------------------------------------------------------

      Code (inc. data)   RO Data    RW Data    ZI Data      Debug   Library Name

      1044         82          0          0         96       1984   c_w.l
      5366        364          0          0          0       3424   fz_ws.l
      2664        196        372          0          0       1244   m_ws.l

    ----------------------------------------------------------------------
      9106        642        376          0         96       6652   Library Totals

    ----------------------------------------------------------------------

==============================================================================


      Code (inc. data)   RO Data    RW Data    ZI Data      Debug   

     29292        704        688         24       2200     230913   Grand Totals
     29292        704        688         24       2200     230913   ELF Image Totals
     29292        704        688         24          0          0   ROM Totals

==============================================================================

    Total RO  Size (Code + RO Data)                29980 (  29.28kB)
    Total RW  Size (RW Data + ZI Data)              2224 (   2.17kB)
    Total ROM Size (Code + RO Data + RW Data)      30004 (  29.30kB)

==============================================================================

